// Jest Snapshot v1, https://goo.gl/fbAQLP

exports[`test build manifests with snapshots deactivate.dev 1`] = `
"apiVersion: batch/v1
kind: Job
metadata:
  name: job-dev-test-deactivate-feature-branch-1-delete-names-6cnriaba
  namespace: awesome-ci
  annotations:
    kontinuous/needsName: deactivate.delete-namespace
    kontinuous/needsNames: >-
      [\\"deactivate\\",\\"deactivate.delete-namespace\\",\\"deactivate..delete-namespace\\"]
    janitor/ttl: 7d
    kontinuous/chartPath: project.fabrique.contrib.deactivate.jobs-deactivate
    kontinuous/source: >-
      project/charts/fabrique/charts/contrib/charts/deactivate/charts/jobs-deactivate/templates/jobs.yaml
    kontinuous/deployment: test-deactivate-feature-branch-1-ffac537e6cbbf934b087-43cki7aw
    kontinuous/depname.full: >-
      project.fabrique.contrib.deactivate.jobs-deactivate.job.job-dev-test-deactivate-feature-branch-1-delete-names-6cnriaba
    kontinuous/depname.chartResource: >-
      jobs-deactivate.job.job-dev-test-deactivate-feature-branch-1-delete-names-6cnriaba
    kontinuous/depname.chartName: jobs-deactivate
    kontinuous/depname.chartPath: project.fabrique.contrib.deactivate.jobs-deactivate
    kontinuous/depname.resourcePath: job.job-dev-test-deactivate-feature-branch-1-delete-names-6cnriaba
    kontinuous/depname.resourceName: job-dev-test-deactivate-feature-branch-1-delete-names-6cnriaba
    kontinuous/plugin.log: 'true'
  labels:
    kontinuous/deployment: test-deactivate-feature-branch-1-ffac537e6cbbf934b087-43cki7aw
    kontinuous/deployment.env: test-deactivate-feature-branch-1-deactivate
    kontinuous/ref: feature-branch-1
    kontinuous/gitSha: ffac537e6cbbf934b08745a378932722df287a53
    kontinuous/appVersion: ffac537e6cbbf934b08745a378932722df287a53
    kontinuous/resourceName: job-job-dev-test-deactivate-feature-branch-1-delete-n-bqxji8ib
    app.kubernetes.io/manifest-managed-by: kontinuous
    app.kubernetes.io/manifest-created-by: kontinuous
spec:
  backoffLimit: 6
  activeDeadlineSeconds: 3600
  ttlSecondsAfterFinished: 1800
  template:
    metadata:
      labels:
        environment: dev
        ref: feature-branch-1
        repository: test-deactivate
        runName: deactivate
        kontinuous/deployment: test-deactivate-feature-branch-1-ffac537e6cbbf934b087-43cki7aw
        kontinuous/deployment.env: test-deactivate-feature-branch-1-deactivate
        kontinuous/ref: feature-branch-1
        kontinuous/gitSha: ffac537e6cbbf934b08745a378932722df287a53
        kontinuous/appVersion: ffac537e6cbbf934b08745a378932722df287a53
        kontinuous/resourceName: job-job-dev-test-deactivate-feature-branch-1-delete-n-bqxji8ib
        app.kubernetes.io/manifest-managed-by: kontinuous
        app.kubernetes.io/manifest-created-by: kontinuous
      annotations:
        kontinuous/deployment: test-deactivate-feature-branch-1-ffac537e6cbbf934b087-43cki7aw
    spec:
      restartPolicy: Never
      initContainers:
        - name: degit-action
          image: ghcr.io/socialgouv/kontinuous/degit:v1.134.3
          command:
            - sh
            - '-c'
            - >-
              degit socialgouv/kontinuous/plugins/contrib/jobs/deactivate
              /action
          securityContext:
            runAsUser: 1000
            runAsGroup: 1000
          volumeMounts:
            - name: action
              mountPath: /action
          resources:
            limits:
              cpu: '3'
              memory: 8192Mi
            requests:
              cpu: '0'
              memory: '0'
      containers:
        - name: job
          image: bitnami/kubectl:latest
          imagePullPolicy: IfNotPresent
          env:
            - name: NAMESPACE
              value: test-deactivate-feature-branch-1
            - name: KUBECONFIG
              value: /secrets/k8s/kubeconfig
            - name: KONTINUOUS_OUTPUT
              value: /kontinuous-output
            - name: KONTINUOUS_INPUT
              value: /kontinuous-input
          command:
            - /bin/bash
            - '-c'
            - |
              set -e
              if kubectl get namespace \\"$NAMESPACE\\">/dev/null 2>&1; then
                kubectl delete namespace \\"$NAMESPACE\\" --now=true --wait=false
              fi
          resources:
            limits:
              cpu: 3
              memory: 8Gi
            requests:
              cpu: '0.041'
              memory: 121Mi
          securityContext:
            runAsUser: 1001
            runAsGroup: 1001
          volumeMounts:
            - name: workspace
              mountPath: /workspace
            - name: action
              mountPath: /action
            - name: kubeconfig
              mountPath: /secrets/k8s
              readOnly: true
            - name: kontinuous-io
              mountPath: /kontinuous-output
              subPath: >-
                test-deactivate-feature-branch-1-ffac537e6cbbf934b087-43cki7aw/jobs-deactivate.deactivate.delete-namespace
      securityContext:
        fsGroup: 1001
      volumes:
        - name: workspace
          emptyDir: {}
        - name: action
          emptyDir: {}
        - name: kubeconfig
          secret:
            secretName: kubeconfig
            items:
              - key: KUBECONFIG
                path: kubeconfig
        - name: kontinuous-io
          emptyDir: {}
"
`;
