// Jest Snapshot v1, https://goo.gl/fbAQLP

exports[`test build manifests with snapshots extends-ovh.dev 1`] = `
"apiVersion: v1
kind: Namespace
metadata:
  annotations:
    field.cattle.io/projectId: \\"1234\\"
    kontinuous/gitBranch: feature-branch-1
    kontinuous/mainNamespace: \\"true\\"
    kapp.k14s.io/exists: \\"\\"
    kontinuous/chartPath: project.fabrique.contrib.rancher-namespace
    kontinuous/source: project/charts/fabrique/charts/contrib/charts/rancher-namespace/templates/namespace.yaml
    kontinuous/deployment: test-extends-ovh-feature-branch-1-ffac537e6cbbf934b08-5oa7s3iv
    janitor/ttl: 7d
  labels:
    application: test-extends-ovh
    kontinuous/deployment: test-extends-ovh-feature-branch-1-ffac537e6cbbf934b08-5oa7s3iv
    kontinuous/deployment.env: test-extends-ovh-feature-branch-1
    kontinuous/ref: feature-branch-1
    kontinuous/gitSha: ffac537e6cbbf934b08745a378932722df287a53
    kontinuous/appVersion: ffac537e6cbbf934b08745a378932722df287a53
    kontinuous/resourceName: namespace-test-extends-ovh-feature-branch-1-2s0ya8gb
    app.kubernetes.io/manifest-managed-by: kontinuous
    app.kubernetes.io/manifest-created-by: kontinuous
    cert: wildcard
  name: test-extends-ovh-feature-branch-1
---
apiVersion: networking.k8s.io/v1
kind: NetworkPolicy
metadata:
  name: netpol-ingress
  namespace: test-extends-ovh-feature-branch-1
  annotations:
    kontinuous/chartPath: project.fabrique.contrib.security-policies
    kontinuous/source: project/charts/fabrique/charts/contrib/charts/security-policies/templates/network-policy.yml
    kontinuous/deployment: test-extends-ovh-feature-branch-1-ffac537e6cbbf934b08-5oa7s3iv
  labels:
    kontinuous/deployment: test-extends-ovh-feature-branch-1-ffac537e6cbbf934b08-5oa7s3iv
    kontinuous/deployment.env: test-extends-ovh-feature-branch-1
    kontinuous/ref: feature-branch-1
    kontinuous/gitSha: ffac537e6cbbf934b08745a378932722df287a53
    kontinuous/appVersion: ffac537e6cbbf934b08745a378932722df287a53
    kontinuous/resourceName: networkpolicy-netpol-ingress-61ndxljw
    app.kubernetes.io/manifest-managed-by: kontinuous
    app.kubernetes.io/manifest-created-by: kontinuous
spec:
  ingress:
    - from:
        - podSelector: {}
    - from:
        - namespaceSelector:
            matchLabels:
              network-policy/source: ingress-controller
    - from:
        - namespaceSelector:
            matchLabels:
              network-policy/source: monitoring
  podSelector: {}
  policyTypes:
    - Ingress
---
apiVersion: v1
kind: ServiceAccount
metadata:
  name: default
  annotations:
    kontinuous/chartPath: project.fabrique.contrib.security-policies
    kontinuous/source: project/charts/fabrique/charts/contrib/charts/security-policies/templates/service-account.yaml
    kontinuous/deployment: test-extends-ovh-feature-branch-1-ffac537e6cbbf934b08-5oa7s3iv
  labels:
    kontinuous/deployment: test-extends-ovh-feature-branch-1-ffac537e6cbbf934b08-5oa7s3iv
    kontinuous/deployment.env: test-extends-ovh-feature-branch-1
    kontinuous/ref: feature-branch-1
    kontinuous/gitSha: ffac537e6cbbf934b08745a378932722df287a53
    kontinuous/appVersion: ffac537e6cbbf934b08745a378932722df287a53
    kontinuous/resourceName: serviceaccount-default-2g5dmk74
    app.kubernetes.io/manifest-managed-by: kontinuous
    app.kubernetes.io/manifest-created-by: kontinuous
  namespace: test-extends-ovh-feature-branch-1
automountServiceAccountToken: false
---
apiVersion: batch/v1
kind: Job
metadata:
  name: job-dev-test-extends-ovh-feature-branch-1-create-secr-3un7cfek
  namespace: test-extends-ovh-feature-branch-1
  annotations:
    kontinuous/needsName: create-secrets.create-secrets
    kontinuous/needsNames: '[\\"create-secrets\\",\\"create-secrets.create-secrets\\",\\"create-secrets..create-secrets\\"]'
    janitor/ttl: 7d
    kontinuous/chartPath: project.fabrique.pg-hasura.jobs-pg
    kontinuous/source: project/charts/fabrique/charts/pg-hasura/charts/jobs-pg/templates/jobs.yaml
    kontinuous/deployment: test-extends-ovh-feature-branch-1-ffac537e6cbbf934b08-5oa7s3iv
    kontinuous/depname.full: project.fabrique.pg-hasura.jobs-pg.job.job-dev-test-extends-ovh-feature-branch-1-create-secr-3un7cfek
    kontinuous/depname.chartResource: jobs-pg.job.job-dev-test-extends-ovh-feature-branch-1-create-secr-3un7cfek
    kontinuous/depname.chartName: jobs-pg
    kontinuous/depname.chartPath: project.fabrique.pg-hasura.jobs-pg
    kontinuous/depname.resourcePath: job.job-dev-test-extends-ovh-feature-branch-1-create-secr-3un7cfek
    kontinuous/depname.resourceName: job-dev-test-extends-ovh-feature-branch-1-create-secr-3un7cfek
    kontinuous/depname.chartNameTopFull: pg-hasura.jobs-pg
    kontinuous/depname.chartNameTop: pg-hasura
    kontinuous/plugin.log: \\"true\\"
  labels:
    kontinuous/deployment: test-extends-ovh-feature-branch-1-ffac537e6cbbf934b08-5oa7s3iv
    kontinuous/deployment.env: test-extends-ovh-feature-branch-1
    kontinuous/ref: feature-branch-1
    kontinuous/gitSha: ffac537e6cbbf934b08745a378932722df287a53
    kontinuous/appVersion: ffac537e6cbbf934b08745a378932722df287a53
    kontinuous/resourceName: job-job-dev-test-extends-ovh-feature-branch-1-create-43t0jh4w
    app.kubernetes.io/manifest-managed-by: kontinuous
    app.kubernetes.io/manifest-created-by: kontinuous
spec:
  backoffLimit: 6
  activeDeadlineSeconds: 3600
  ttlSecondsAfterFinished: 1800
  template:
    metadata:
      labels:
        environment: dev
        ref: feature-branch-1
        repository: test-extends-ovh
        runName: cnpg-create-secrets
        kontinuous/deployment: test-extends-ovh-feature-branch-1-ffac537e6cbbf934b08-5oa7s3iv
        kontinuous/deployment.env: test-extends-ovh-feature-branch-1
        kontinuous/ref: feature-branch-1
        kontinuous/gitSha: ffac537e6cbbf934b08745a378932722df287a53
        kontinuous/appVersion: ffac537e6cbbf934b08745a378932722df287a53
        kontinuous/resourceName: job-job-dev-test-extends-ovh-feature-branch-1-create-43t0jh4w
        app.kubernetes.io/manifest-managed-by: kontinuous
        app.kubernetes.io/manifest-created-by: kontinuous
      annotations:
        kontinuous/deployment: test-extends-ovh-feature-branch-1-ffac537e6cbbf934b08-5oa7s3iv
    spec:
      restartPolicy: Never
      initContainers:
        - name: degit-action
          image: ghcr.io/socialgouv/kontinuous/degit:v1.161.8
          command:
            - sh
            - -c
            - degit --disable-cache
              socialgouv/kontinuous/plugins/contrib/jobs/cnpg-create-secrets
              /action
          securityContext:
            runAsUser: 1000
            runAsGroup: 1000
          volumeMounts:
            - name: action
              mountPath: /action
          resources:
            limits:
              cpu: 1000m
              memory: 1024Mi
            requests:
              cpu: \\"0\\"
              memory: \\"0\\"
      containers:
        - name: job
          image: bitnami/kubectl:latest
          imagePullPolicy: IfNotPresent
          env:
            - name: APP_DB_SECRET_NAME
              value: pg-hasura-app
            - name: CNPG_DB_SECRET_NAME
              value: pg-hasura-db
            - name: HBA_DATABASE
              value: \\"*\\"
            - name: HBA_HOST
              value: pg-hasura-rw
            - name: HBA_USER
              value: \\"*\\"
            - name: NAMESPACE
              value: test-extends-ovh-feature-branch-1
            - name: PGDATABASE
              value: autodevops_feature-branch-1
            - name: PGHOST
              value: pg-hasura-rw
            - name: PGPORT
              value: \\"5432\\"
            - name: PGUSER
              value: user_feature-branch-1
            - name: KUBECONFIG
              value: /secrets/k8s/kubeconfig
            - name: KONTINUOUS_OUTPUT
              value: /kontinuous-output
            - name: KONTINUOUS_INPUT
              value: /kontinuous-input
          command:
            - /bin/bash
            - -c
            - |
              set -e
              /action/create-secrets.sh
          resources:
            limits:
              cpu: 1
              memory: 1Gi
            requests:
              cpu: 81m
              memory: 262Mi
          securityContext:
            runAsUser: 1001
            runAsGroup: 1001
          volumeMounts:
            - name: workspace
              mountPath: /workspace
            - name: action
              mountPath: /action
            - name: kubeconfig
              mountPath: /secrets/k8s
              readOnly: true
            - name: kontinuous-io
              mountPath: /kontinuous-output
              subPath: test-extends-ovh-feature-branch-1-ffac537e6cbbf934b08-5oa7s3iv/jobs-pg.create-secrets.create-secrets
      securityContext:
        fsGroup: 1001
      volumes:
        - name: workspace
          emptyDir: {}
        - name: action
          emptyDir: {}
        - name: kubeconfig
          secret:
            secretName: kubeconfig
            items:
              - key: KUBECONFIG
                path: kubeconfig
        - name: kontinuous-io
          emptyDir: {}
---
apiVersion: batch/v1
kind: Job
metadata:
  name: job-dev-test-extends-ovh-feature-branch-1-create-secr-441t4nhx
  namespace: test-extends-ovh-feature-branch-1
  annotations:
    kontinuous/needsName: create-secrets.create-secrets
    kontinuous/needsNames: '[\\"create-secrets\\",\\"create-secrets.create-secrets\\",\\"create-secrets..create-secrets\\"]'
    janitor/ttl: 7d
    kontinuous/chartPath: project.fabrique.pg-keycloak.jobs-pg
    kontinuous/source: project/charts/fabrique/charts/pg-keycloak/charts/jobs-pg/templates/jobs.yaml
    kontinuous/deployment: test-extends-ovh-feature-branch-1-ffac537e6cbbf934b08-5oa7s3iv
    kontinuous/depname.full: project.fabrique.pg-keycloak.jobs-pg.job.job-dev-test-extends-ovh-feature-branch-1-create-secr-441t4nhx
    kontinuous/depname.chartResource: jobs-pg.job.job-dev-test-extends-ovh-feature-branch-1-create-secr-441t4nhx
    kontinuous/depname.chartName: jobs-pg
    kontinuous/depname.chartPath: project.fabrique.pg-keycloak.jobs-pg
    kontinuous/depname.resourcePath: job.job-dev-test-extends-ovh-feature-branch-1-create-secr-441t4nhx
    kontinuous/depname.resourceName: job-dev-test-extends-ovh-feature-branch-1-create-secr-441t4nhx
    kontinuous/depname.chartNameTopFull: pg-keycloak.jobs-pg
    kontinuous/depname.chartNameTop: pg-keycloak
    kontinuous/plugin.log: \\"true\\"
  labels:
    kontinuous/deployment: test-extends-ovh-feature-branch-1-ffac537e6cbbf934b08-5oa7s3iv
    kontinuous/deployment.env: test-extends-ovh-feature-branch-1
    kontinuous/ref: feature-branch-1
    kontinuous/gitSha: ffac537e6cbbf934b08745a378932722df287a53
    kontinuous/appVersion: ffac537e6cbbf934b08745a378932722df287a53
    kontinuous/resourceName: job-job-dev-test-extends-ovh-feature-branch-1-create-3e5015oi
    app.kubernetes.io/manifest-managed-by: kontinuous
    app.kubernetes.io/manifest-created-by: kontinuous
spec:
  backoffLimit: 6
  activeDeadlineSeconds: 3600
  ttlSecondsAfterFinished: 1800
  template:
    metadata:
      labels:
        environment: dev
        ref: feature-branch-1
        repository: test-extends-ovh
        runName: cnpg-create-secrets
        kontinuous/deployment: test-extends-ovh-feature-branch-1-ffac537e6cbbf934b08-5oa7s3iv
        kontinuous/deployment.env: test-extends-ovh-feature-branch-1
        kontinuous/ref: feature-branch-1
        kontinuous/gitSha: ffac537e6cbbf934b08745a378932722df287a53
        kontinuous/appVersion: ffac537e6cbbf934b08745a378932722df287a53
        kontinuous/resourceName: job-job-dev-test-extends-ovh-feature-branch-1-create-3e5015oi
        app.kubernetes.io/manifest-managed-by: kontinuous
        app.kubernetes.io/manifest-created-by: kontinuous
      annotations:
        kontinuous/deployment: test-extends-ovh-feature-branch-1-ffac537e6cbbf934b08-5oa7s3iv
    spec:
      restartPolicy: Never
      initContainers:
        - name: degit-action
          image: ghcr.io/socialgouv/kontinuous/degit:v1.161.8
          command:
            - sh
            - -c
            - degit --disable-cache
              socialgouv/kontinuous/plugins/contrib/jobs/cnpg-create-secrets
              /action
          securityContext:
            runAsUser: 1000
            runAsGroup: 1000
          volumeMounts:
            - name: action
              mountPath: /action
          resources:
            limits:
              cpu: 1000m
              memory: 1024Mi
            requests:
              cpu: \\"0\\"
              memory: \\"0\\"
      containers:
        - name: job
          image: bitnami/kubectl:latest
          imagePullPolicy: IfNotPresent
          env:
            - name: APP_DB_SECRET_NAME
              value: pg-keycloak-app
            - name: CNPG_DB_SECRET_NAME
              value: pg-keycloak-db
            - name: HBA_DATABASE
              value: \\"*\\"
            - name: HBA_HOST
              value: pg-keycloak-rw
            - name: HBA_USER
              value: \\"*\\"
            - name: NAMESPACE
              value: test-extends-ovh-feature-branch-1
            - name: PGDATABASE
              value: autodevops_feature-branch-1
            - name: PGHOST
              value: pg-keycloak-rw
            - name: PGPORT
              value: \\"5432\\"
            - name: PGUSER
              value: user_feature-branch-1
            - name: KUBECONFIG
              value: /secrets/k8s/kubeconfig
            - name: KONTINUOUS_OUTPUT
              value: /kontinuous-output
            - name: KONTINUOUS_INPUT
              value: /kontinuous-input
          command:
            - /bin/bash
            - -c
            - |
              set -e
              /action/create-secrets.sh
          resources:
            limits:
              cpu: 1
              memory: 1Gi
            requests:
              cpu: 81m
              memory: 262Mi
          securityContext:
            runAsUser: 1001
            runAsGroup: 1001
          volumeMounts:
            - name: workspace
              mountPath: /workspace
            - name: action
              mountPath: /action
            - name: kubeconfig
              mountPath: /secrets/k8s
              readOnly: true
            - name: kontinuous-io
              mountPath: /kontinuous-output
              subPath: test-extends-ovh-feature-branch-1-ffac537e6cbbf934b08-5oa7s3iv/jobs-pg.create-secrets.create-secrets
      securityContext:
        fsGroup: 1001
      volumes:
        - name: workspace
          emptyDir: {}
        - name: action
          emptyDir: {}
        - name: kubeconfig
          secret:
            secretName: kubeconfig
            items:
              - key: KUBECONFIG
                path: kubeconfig
        - name: kontinuous-io
          emptyDir: {}
---
apiVersion: apps/v1
kind: Deployment
metadata:
  labels:
    component: app
    application: test-extends-ovh
    kontinuous/deployment: test-extends-ovh-feature-branch-1-ffac537e6cbbf934b08-5oa7s3iv
    kontinuous/deployment.env: test-extends-ovh-feature-branch-1
    kontinuous/ref: feature-branch-1
    kontinuous/gitSha: ffac537e6cbbf934b08745a378932722df287a53
    kontinuous/appVersion: ffac537e6cbbf934b08745a378932722df287a53
    kontinuous/resourceName: deployment-app-55fzcjih
    app.kubernetes.io/manifest-managed-by: kontinuous
    app.kubernetes.io/manifest-created-by: kontinuous
  name: app
  namespace: test-extends-ovh-feature-branch-1
  annotations:
    kontinuous/chartPath: project.fabrique.contrib.app
    kontinuous/source: project/charts/fabrique/charts/contrib/charts/app/templates/deployment.yaml
    kontinuous/deployment: test-extends-ovh-feature-branch-1-ffac537e6cbbf934b08-5oa7s3iv
    kontinuous/depname.full: project.fabrique.contrib.app.deployment.app
    kontinuous/depname.chartResource: app.deployment.app
    kontinuous/depname.chartName: app
    kontinuous/depname.chartPath: project.fabrique.contrib.app
    kontinuous/depname.resourcePath: deployment.app
    kontinuous/depname.resourceName: app
    kontinuous/depname.chartNameTopFull: app
    kontinuous/depname.chartNameTop: app
    kontinuous/plugin.log: \\"false\\"
    reloader.stakater.com/auto: \\"true\\"
spec:
  replicas: 1
  selector:
    matchLabels:
      component: app
  strategy:
    type: RollingUpdate
  template:
    metadata:
      labels:
        component: app
        application: test-extends-ovh
        namespace: test-extends-ovh-feature-branch-1
        kontinuous/deployment: test-extends-ovh-feature-branch-1-ffac537e6cbbf934b08-5oa7s3iv
        kontinuous/deployment.env: test-extends-ovh-feature-branch-1
        kontinuous/ref: feature-branch-1
        kontinuous/gitSha: ffac537e6cbbf934b08745a378932722df287a53
        kontinuous/appVersion: ffac537e6cbbf934b08745a378932722df287a53
        kontinuous/resourceName: deployment-app-55fzcjih
        app.kubernetes.io/manifest-managed-by: kontinuous
        app.kubernetes.io/manifest-created-by: kontinuous
      annotations:
        kontinuous/deployment: test-extends-ovh-feature-branch-1-ffac537e6cbbf934b08-5oa7s3iv
    spec:
      affinity:
        podAntiAffinity:
          preferredDuringSchedulingIgnoredDuringExecution:
            - weight: 1
              podAffinityTerm:
                labelSelector:
                  matchExpressions:
                    - key: namespace
                      operator: In
                      values:
                        - test-extends-ovh-feature-branch-1
                    - key: component
                      operator: In
                      values:
                        - app
                topologyKey: kubernetes.io/hostname
      containers:
        - image: harbor.fabrique.social.gouv.fr/test-extends-ovh/app:sha-ffac537e6cbbf934b08745a378932722df287a53
          name: app
          ports:
            - containerPort: 3000
              name: http
          livenessProbe:
            failureThreshold: 15
            httpGet:
              path: /index.html
              port: http
            initialDelaySeconds: 30
            periodSeconds: 5
            timeoutSeconds: 5
          readinessProbe:
            failureThreshold: 15
            httpGet:
              path: /index.html
              port: http
            initialDelaySeconds: 1
            periodSeconds: 5
            successThreshold: 1
            timeoutSeconds: 1
          startupProbe:
            failureThreshold: 12
            httpGet:
              path: /index.html
              port: http
            periodSeconds: 5
          resources:
            limits:
              cpu: 1
              memory: 1Gi
            requests:
              cpu: 81m
              memory: 262Mi
---
apiVersion: v1
kind: Service
metadata:
  labels:
    component: app
    application: test-extends-ovh
    kontinuous/deployment: test-extends-ovh-feature-branch-1-ffac537e6cbbf934b08-5oa7s3iv
    kontinuous/deployment.env: test-extends-ovh-feature-branch-1
    kontinuous/ref: feature-branch-1
    kontinuous/gitSha: ffac537e6cbbf934b08745a378932722df287a53
    kontinuous/appVersion: ffac537e6cbbf934b08745a378932722df287a53
    kontinuous/resourceName: service-app-46z2o1vv
    app.kubernetes.io/manifest-managed-by: kontinuous
    app.kubernetes.io/manifest-created-by: kontinuous
  name: app
  namespace: test-extends-ovh-feature-branch-1
  annotations:
    kontinuous/chartPath: project.fabrique.contrib.app
    kontinuous/source: project/charts/fabrique/charts/contrib/charts/app/templates/service.yaml
    kontinuous/deployment: test-extends-ovh-feature-branch-1-ffac537e6cbbf934b08-5oa7s3iv
spec:
  ports:
    - name: http
      port: 80
      targetPort: 3000
  selector:
    component: app
  type: ClusterIP
---
apiVersion: networking.k8s.io/v1
kind: Ingress
metadata:
  annotations:
    kubernetes.io/ingress.class: nginx
    kontinuous/chartPath: project.fabrique.contrib.app
    kontinuous/source: project/charts/fabrique/charts/contrib/charts/app/templates/ingress.yaml
    kontinuous/deployment: test-extends-ovh-feature-branch-1-ffac537e6cbbf934b08-5oa7s3iv
  labels:
    component: app
    application: test-extends-ovh
    kontinuous/deployment: test-extends-ovh-feature-branch-1-ffac537e6cbbf934b08-5oa7s3iv
    kontinuous/deployment.env: test-extends-ovh-feature-branch-1
    kontinuous/ref: feature-branch-1
    kontinuous/gitSha: ffac537e6cbbf934b08745a378932722df287a53
    kontinuous/appVersion: ffac537e6cbbf934b08745a378932722df287a53
    kontinuous/resourceName: ingress-app-b4kcj2bx
    app.kubernetes.io/manifest-managed-by: kontinuous
    app.kubernetes.io/manifest-created-by: kontinuous
  name: app
  namespace: test-extends-ovh-feature-branch-1
spec:
  rules:
    - host: test-extends-ovh-feature-branch-1.ovh.fabrique.social.gouv.fr
      http:
        paths:
          - backend:
              service:
                name: app
                port:
                  name: http
            path: /
            pathType: Prefix
  tls:
    - hosts:
        - test-extends-ovh-feature-branch-1.ovh.fabrique.social.gouv.fr
      secretName: wildcard-crt
---
apiVersion: postgresql.cnpg.io/v1
kind: Cluster
metadata:
  name: pg-hasura
  labels:
    helm.sh/chart: cnpg-cluster-1.8.0
    app.kubernetes.io/name: pg-hasura
    app.kubernetes.io/instance: release-name
    app.kubernetes.io/version: 14.5-6
    app.kubernetes.io/managed-by: Helm
    kontinuous/deployment: test-extends-ovh-feature-branch-1-ffac537e6cbbf934b08-5oa7s3iv
    kontinuous/deployment.env: test-extends-ovh-feature-branch-1
    kontinuous/ref: feature-branch-1
    kontinuous/gitSha: ffac537e6cbbf934b08745a378932722df287a53
    kontinuous/appVersion: ffac537e6cbbf934b08745a378932722df287a53
    kontinuous/resourceName: cluster-pg-hasura-3gpn0wln
    app.kubernetes.io/manifest-managed-by: kontinuous
    app.kubernetes.io/manifest-created-by: kontinuous
  annotations:
    kontinuous/chartPath: project.fabrique.pg-hasura.cnpg-cluster
    kontinuous/source: project/charts/fabrique/charts/pg-hasura/charts/cnpg-cluster/templates/cluster.cnpg.yaml
    kontinuous/plugin.needs: |
      - project.fabrique.pg-hasura.jobs-pg
    kontinuous/deployment: test-extends-ovh-feature-branch-1-ffac537e6cbbf934b08-5oa7s3iv
    kontinuous/depname.full: project.fabrique.pg-hasura.cnpg-cluster.cluster.pg-hasura
    kontinuous/depname.chartResource: cnpg-cluster.cluster.pg-hasura
    kontinuous/depname.chartName: cnpg-cluster
    kontinuous/depname.chartPath: project.fabrique.pg-hasura.cnpg-cluster
    kontinuous/depname.resourcePath: cluster.pg-hasura
    kontinuous/depname.resourceName: pg-hasura
    kontinuous/depname.chartNameTopFull: pg-hasura.cnpg-cluster
    kontinuous/depname.chartNameTop: pg-hasura
    kontinuous/plugin.log: \\"false\\"
  namespace: test-extends-ovh-feature-branch-1
spec:
  instances: 1
  imageName: ghcr.io/cloudnative-pg/postgis:14
  imagePullPolicy: IfNotPresent
  storage:
    size: 8Gi
    storageClass: csi-cinder-high-speed
  minSyncReplicas: 0
  maxSyncReplicas: 0
  postgresql: {}
  monitoring:
    enablePodMonitor: false
  bootstrap:
    initdb:
      database: autodevops_feature-branch-1
      owner: user_feature-branch-1
      secret:
        name: pg-hasura-db
      postInitTemplateSQL:
        - CREATE EXTENSION IF NOT EXISTS \\"postgis\\";
        - CREATE EXTENSION IF NOT EXISTS \\"postgis_topology\\";
        - CREATE EXTENSION IF NOT EXISTS \\"fuzzystrmatch\\";
        - CREATE EXTENSION IF NOT EXISTS \\"postgis_tiger_geocoder\\";
        - CREATE EXTENSION IF NOT EXISTS \\"uuid-ossp\\";
        - CREATE EXTENSION IF NOT EXISTS \\"citext\\";
        - CREATE EXTENSION IF NOT EXISTS \\"pgcrypto\\";
        - CREATE EXTENSION IF NOT EXISTS \\"hstore\\";
---
apiVersion: postgresql.cnpg.io/v1
kind: Cluster
metadata:
  name: pg-keycloak
  labels:
    helm.sh/chart: cnpg-cluster-1.8.0
    app.kubernetes.io/name: pg-keycloak
    app.kubernetes.io/instance: release-name
    app.kubernetes.io/version: 14.5-6
    app.kubernetes.io/managed-by: Helm
    kontinuous/deployment: test-extends-ovh-feature-branch-1-ffac537e6cbbf934b08-5oa7s3iv
    kontinuous/deployment.env: test-extends-ovh-feature-branch-1
    kontinuous/ref: feature-branch-1
    kontinuous/gitSha: ffac537e6cbbf934b08745a378932722df287a53
    kontinuous/appVersion: ffac537e6cbbf934b08745a378932722df287a53
    kontinuous/resourceName: cluster-pg-keycloak-3np6zhd8
    app.kubernetes.io/manifest-managed-by: kontinuous
    app.kubernetes.io/manifest-created-by: kontinuous
  annotations:
    kontinuous/chartPath: project.fabrique.pg-keycloak.cnpg-cluster
    kontinuous/source: project/charts/fabrique/charts/pg-keycloak/charts/cnpg-cluster/templates/cluster.cnpg.yaml
    kontinuous/plugin.needs: |
      - project.fabrique.pg-keycloak.jobs-pg
    kontinuous/deployment: test-extends-ovh-feature-branch-1-ffac537e6cbbf934b08-5oa7s3iv
    kontinuous/depname.full: project.fabrique.pg-keycloak.cnpg-cluster.cluster.pg-keycloak
    kontinuous/depname.chartResource: cnpg-cluster.cluster.pg-keycloak
    kontinuous/depname.chartName: cnpg-cluster
    kontinuous/depname.chartPath: project.fabrique.pg-keycloak.cnpg-cluster
    kontinuous/depname.resourcePath: cluster.pg-keycloak
    kontinuous/depname.resourceName: pg-keycloak
    kontinuous/depname.chartNameTopFull: pg-keycloak.cnpg-cluster
    kontinuous/depname.chartNameTop: pg-keycloak
    kontinuous/plugin.log: \\"false\\"
  namespace: test-extends-ovh-feature-branch-1
spec:
  instances: 1
  imageName: ghcr.io/cloudnative-pg/postgis:14
  imagePullPolicy: IfNotPresent
  storage:
    size: 8Gi
    storageClass: csi-cinder-high-speed
  minSyncReplicas: 0
  maxSyncReplicas: 0
  postgresql: {}
  monitoring:
    enablePodMonitor: false
  bootstrap:
    initdb:
      database: autodevops_feature-branch-1
      owner: user_feature-branch-1
      secret:
        name: pg-keycloak-db
      postInitTemplateSQL:
        - CREATE EXTENSION IF NOT EXISTS \\"postgis\\";
        - CREATE EXTENSION IF NOT EXISTS \\"postgis_topology\\";
        - CREATE EXTENSION IF NOT EXISTS \\"fuzzystrmatch\\";
        - CREATE EXTENSION IF NOT EXISTS \\"postgis_tiger_geocoder\\";
        - CREATE EXTENSION IF NOT EXISTS \\"uuid-ossp\\";
        - CREATE EXTENSION IF NOT EXISTS \\"citext\\";
        - CREATE EXTENSION IF NOT EXISTS \\"pgcrypto\\";
        - CREATE EXTENSION IF NOT EXISTS \\"hstore\\";
---
apiVersion: postgresql.cnpg.io/v1
kind: Pooler
metadata:
  name: pg-hasura-rw
  labels:
    helm.sh/chart: cnpg-cluster-1.8.0
    app.kubernetes.io/name: pg-hasura
    app.kubernetes.io/instance: release-name
    app.kubernetes.io/version: 14.5-6
    app.kubernetes.io/managed-by: Helm
    kontinuous/deployment: test-extends-ovh-feature-branch-1-ffac537e6cbbf934b08-5oa7s3iv
    kontinuous/deployment.env: test-extends-ovh-feature-branch-1
    kontinuous/ref: feature-branch-1
    kontinuous/gitSha: ffac537e6cbbf934b08745a378932722df287a53
    kontinuous/appVersion: ffac537e6cbbf934b08745a378932722df287a53
    kontinuous/resourceName: pooler-pg-hasura-rw-qzqjyuru
    app.kubernetes.io/manifest-managed-by: kontinuous
    app.kubernetes.io/manifest-created-by: kontinuous
  annotations:
    kontinuous/chartPath: project.fabrique.pg-hasura.cnpg-cluster
    kontinuous/source: project/charts/fabrique/charts/pg-hasura/charts/cnpg-cluster/templates/pooler.cnpg.yaml
    kontinuous/plugin.needs: |
      - project.fabrique.pg-hasura.jobs-pg
    kontinuous/deployment: test-extends-ovh-feature-branch-1-ffac537e6cbbf934b08-5oa7s3iv
  namespace: test-extends-ovh-feature-branch-1
spec:
  cluster:
    name: pg-hasura
  instances: 1
  pgbouncer:
    parameters:
      max_client_conn: \\"1000\\"
    poolMode: session
  type: rw
---
apiVersion: postgresql.cnpg.io/v1
kind: Pooler
metadata:
  name: pg-keycloak-rw
  labels:
    helm.sh/chart: cnpg-cluster-1.8.0
    app.kubernetes.io/name: pg-keycloak
    app.kubernetes.io/instance: release-name
    app.kubernetes.io/version: 14.5-6
    app.kubernetes.io/managed-by: Helm
    kontinuous/deployment: test-extends-ovh-feature-branch-1-ffac537e6cbbf934b08-5oa7s3iv
    kontinuous/deployment.env: test-extends-ovh-feature-branch-1
    kontinuous/ref: feature-branch-1
    kontinuous/gitSha: ffac537e6cbbf934b08745a378932722df287a53
    kontinuous/appVersion: ffac537e6cbbf934b08745a378932722df287a53
    kontinuous/resourceName: pooler-pg-keycloak-rw-ljgr35td
    app.kubernetes.io/manifest-managed-by: kontinuous
    app.kubernetes.io/manifest-created-by: kontinuous
  annotations:
    kontinuous/chartPath: project.fabrique.pg-keycloak.cnpg-cluster
    kontinuous/source: project/charts/fabrique/charts/pg-keycloak/charts/cnpg-cluster/templates/pooler.cnpg.yaml
    kontinuous/plugin.needs: |
      - project.fabrique.pg-keycloak.jobs-pg
    kontinuous/deployment: test-extends-ovh-feature-branch-1-ffac537e6cbbf934b08-5oa7s3iv
  namespace: test-extends-ovh-feature-branch-1
spec:
  cluster:
    name: pg-keycloak
  instances: 1
  pgbouncer:
    parameters:
      max_client_conn: \\"1000\\"
    poolMode: session
  type: rw
"
`;
