// Jest Snapshot v1, https://goo.gl/fbAQLP

exports[`test build manifests with snapshots extends-ovh.prod 1`] = `
"apiVersion: v1
kind: Namespace
metadata:
  annotations:
    field.cattle.io/projectId: \\"1234\\"
    kontinuous/gitBranch: feature-branch-1
    kontinuous/mainNamespace: \\"true\\"
    kapp.k14s.io/exists: \\"\\"
    kontinuous/chartPath: project.fabrique.contrib.rancher-namespace
    kontinuous/source: project/charts/fabrique/charts/contrib/charts/rancher-namespace/templates/namespace.yaml
    kontinuous/deployment: test-extends-ovh-feature-branch-1-ffac537e6cbbf934b08-5oa7s3iv
  labels:
    application: test-extends-ovh
    kontinuous/deployment: test-extends-ovh-feature-branch-1-ffac537e6cbbf934b08-5oa7s3iv
    kontinuous/deployment.env: test-extends-ovh-prod
    kontinuous/ref: feature-branch-1
    kontinuous/gitSha: ffac537e6cbbf934b08745a378932722df287a53
    kontinuous/appVersion: ffac537e6cbbf934b08745a378932722df287a53
    kontinuous/resourceName: namespace-test-extends-ovh-66lwqzrc
    app.kubernetes.io/manifest-managed-by: kontinuous
    app.kubernetes.io/manifest-created-by: kontinuous
  name: test-extends-ovh
---
apiVersion: networking.k8s.io/v1
kind: NetworkPolicy
metadata:
  name: netpol-ingress
  namespace: test-extends-ovh
  annotations:
    kontinuous/chartPath: project.fabrique.contrib.security-policies
    kontinuous/source: project/charts/fabrique/charts/contrib/charts/security-policies/templates/network-policy.yml
    kontinuous/deployment: test-extends-ovh-feature-branch-1-ffac537e6cbbf934b08-5oa7s3iv
  labels:
    kontinuous/deployment: test-extends-ovh-feature-branch-1-ffac537e6cbbf934b08-5oa7s3iv
    kontinuous/deployment.env: test-extends-ovh-prod
    kontinuous/ref: feature-branch-1
    kontinuous/gitSha: ffac537e6cbbf934b08745a378932722df287a53
    kontinuous/appVersion: ffac537e6cbbf934b08745a378932722df287a53
    kontinuous/resourceName: networkpolicy-netpol-ingress-61ndxljw
    app.kubernetes.io/manifest-managed-by: kontinuous
    app.kubernetes.io/manifest-created-by: kontinuous
spec:
  ingress:
    - from:
        - podSelector: {}
    - from:
        - namespaceSelector:
            matchLabels:
              network-policy/source: ingress-controller
    - from:
        - namespaceSelector:
            matchLabels:
              network-policy/source: monitoring
  podSelector: {}
  policyTypes:
    - Ingress
---
apiVersion: v1
kind: ServiceAccount
metadata:
  name: default
  annotations:
    kontinuous/chartPath: project.fabrique.contrib.security-policies
    kontinuous/source: project/charts/fabrique/charts/contrib/charts/security-policies/templates/service-account.yaml
    kontinuous/deployment: test-extends-ovh-feature-branch-1-ffac537e6cbbf934b08-5oa7s3iv
  labels:
    kontinuous/deployment: test-extends-ovh-feature-branch-1-ffac537e6cbbf934b08-5oa7s3iv
    kontinuous/deployment.env: test-extends-ovh-prod
    kontinuous/ref: feature-branch-1
    kontinuous/gitSha: ffac537e6cbbf934b08745a378932722df287a53
    kontinuous/appVersion: ffac537e6cbbf934b08745a378932722df287a53
    kontinuous/resourceName: serviceaccount-default-2g5dmk74
    app.kubernetes.io/manifest-managed-by: kontinuous
    app.kubernetes.io/manifest-created-by: kontinuous
  namespace: test-extends-ovh
automountServiceAccountToken: false
---
apiVersion: batch/v1
kind: CronJob
metadata:
  labels:
    app: cnpg-backup-s3-client
    kontinuous/deployment: test-extends-ovh-feature-branch-1-ffac537e6cbbf934b08-5oa7s3iv
    kontinuous/deployment.env: test-extends-ovh-prod
    kontinuous/ref: feature-branch-1
    kontinuous/gitSha: ffac537e6cbbf934b08745a378932722df287a53
    kontinuous/appVersion: ffac537e6cbbf934b08745a378932722df287a53
    kontinuous/resourceName: cronjob-pg-hasura-backup-cron-2g4yb7ln
    app.kubernetes.io/manifest-managed-by: kontinuous
    app.kubernetes.io/manifest-created-by: kontinuous
  name: pg-hasura-backup-cron
  annotations:
    kontinuous/chartPath: project.fabrique.pg-hasura.cnpg-cluster
    kontinuous/source: project/charts/fabrique/charts/pg-hasura/charts/cnpg-cluster/templates/backup-cron.yaml
    kontinuous/plugin.needs: |
      - project.fabrique.pg-hasura.jobs-pg
    kontinuous/deployment: test-extends-ovh-feature-branch-1-ffac537e6cbbf934b08-5oa7s3iv
  namespace: test-extends-ovh
spec:
  schedule: 0 0 * * 0
  concurrencyPolicy: Forbid
  jobTemplate:
    spec:
      backoffLimit: 0
      template:
        metadata:
          labels:
            app: cnpg-backup-s3-client
          name: backup-cron
        spec:
          securityContext:
            runAsUser: 1001
            runAsGroup: 1001
            fsGroup: 1001
          restartPolicy: Never
          containers:
            - name: s3-client
              image: ghcr.io/socialgouv/docker/s3-client:1
              imagePullPolicy: IfNotPresent
              securityContext:
                allowPrivilegeEscalation: false
              env:
                - name: AWS_ACCESS_KEY_ID
                  valueFrom:
                    secretKeyRef:
                      name: fabrique-prod-backups-access-key
                      key: bucket_access_key
                - name: AWS_SECRET_ACCESS_KEY
                  valueFrom:
                    secretKeyRef:
                      name: fabrique-prod-backups-access-key
                      key: bucket_secret_key
                - name: AWS_DEFAULT_REGION
                  valueFrom:
                    secretKeyRef:
                      name: fabrique-prod-backups-access-key
                      key: bucket_region
                - name: AWS_ENDPOINT_URL
                  value: https://s3.gra.io.cloud.ovh.net
                - name: DESTINATION_PATH
                  value: s3://fabrique-prod-backups/test-extends-ovh/pg-hasura/dumps
                - name: PGPASSWORD
                  valueFrom:
                    secretKeyRef:
                      name: pg-hasura-superuser
                      key: password
                - name: PGUSER
                  valueFrom:
                    secretKeyRef:
                      name: pg-hasura-superuser
                      key: username
                - name: PGDATABASE
                  value: test-extends-ovh
                - name: PGHOST
                  value: pg-hasura-r
---
apiVersion: batch/v1
kind: CronJob
metadata:
  labels:
    app: cnpg-backup-s3-client
    kontinuous/deployment: test-extends-ovh-feature-branch-1-ffac537e6cbbf934b08-5oa7s3iv
    kontinuous/deployment.env: test-extends-ovh-prod
    kontinuous/ref: feature-branch-1
    kontinuous/gitSha: ffac537e6cbbf934b08745a378932722df287a53
    kontinuous/appVersion: ffac537e6cbbf934b08745a378932722df287a53
    kontinuous/resourceName: cronjob-pg-keycloak-backup-cron-2hlpg3kd
    app.kubernetes.io/manifest-managed-by: kontinuous
    app.kubernetes.io/manifest-created-by: kontinuous
  name: pg-keycloak-backup-cron
  annotations:
    kontinuous/chartPath: project.fabrique.pg-keycloak.cnpg-cluster
    kontinuous/source: project/charts/fabrique/charts/pg-keycloak/charts/cnpg-cluster/templates/backup-cron.yaml
    kontinuous/plugin.needs: |
      - project.fabrique.pg-keycloak.jobs-pg
    kontinuous/deployment: test-extends-ovh-feature-branch-1-ffac537e6cbbf934b08-5oa7s3iv
  namespace: test-extends-ovh
spec:
  schedule: 0 0 * * 0
  concurrencyPolicy: Forbid
  jobTemplate:
    spec:
      backoffLimit: 0
      template:
        metadata:
          labels:
            app: cnpg-backup-s3-client
          name: backup-cron
        spec:
          securityContext:
            runAsUser: 1001
            runAsGroup: 1001
            fsGroup: 1001
          restartPolicy: Never
          containers:
            - name: s3-client
              image: ghcr.io/socialgouv/docker/s3-client:1
              imagePullPolicy: IfNotPresent
              securityContext:
                allowPrivilegeEscalation: false
              env:
                - name: AWS_ACCESS_KEY_ID
                  valueFrom:
                    secretKeyRef:
                      name: fabrique-prod-backups-access-key
                      key: bucket_access_key
                - name: AWS_SECRET_ACCESS_KEY
                  valueFrom:
                    secretKeyRef:
                      name: fabrique-prod-backups-access-key
                      key: bucket_secret_key
                - name: AWS_DEFAULT_REGION
                  valueFrom:
                    secretKeyRef:
                      name: fabrique-prod-backups-access-key
                      key: bucket_region
                - name: AWS_ENDPOINT_URL
                  value: https://s3.gra.io.cloud.ovh.net
                - name: DESTINATION_PATH
                  value: s3://fabrique-prod-backups/test-extends-ovh/pg-keycloak/dumps
                - name: PGPASSWORD
                  valueFrom:
                    secretKeyRef:
                      name: pg-keycloak-superuser
                      key: password
                - name: PGUSER
                  valueFrom:
                    secretKeyRef:
                      name: pg-keycloak-superuser
                      key: username
                - name: PGDATABASE
                  value: test-extends-ovh
                - name: PGHOST
                  value: pg-keycloak-r
---
apiVersion: batch/v1
kind: Job
metadata:
  name: job-prod-test-extends-ovh-feature-branch-1-create-sec-3vthewsc
  namespace: test-extends-ovh
  annotations:
    kontinuous/needsName: create-secrets.create-secrets
    kontinuous/needsNames: '[\\"create-secrets\\",\\"create-secrets.create-secrets\\",\\"create-secrets..create-secrets\\"]'
    janitor/ttl: 7d
    kontinuous/chartPath: project.fabrique.pg-hasura.jobs-pg
    kontinuous/source: project/charts/fabrique/charts/pg-hasura/charts/jobs-pg/templates/jobs.yaml
    kontinuous/deployment: test-extends-ovh-feature-branch-1-ffac537e6cbbf934b08-5oa7s3iv
    kontinuous/depname.full: project.fabrique.pg-hasura.jobs-pg.job.job-prod-test-extends-ovh-feature-branch-1-create-sec-3vthewsc
    kontinuous/depname.chartResource: jobs-pg.job.job-prod-test-extends-ovh-feature-branch-1-create-sec-3vthewsc
    kontinuous/depname.chartName: jobs-pg
    kontinuous/depname.chartPath: project.fabrique.pg-hasura.jobs-pg
    kontinuous/depname.resourcePath: job.job-prod-test-extends-ovh-feature-branch-1-create-sec-3vthewsc
    kontinuous/depname.resourceName: job-prod-test-extends-ovh-feature-branch-1-create-sec-3vthewsc
    kontinuous/depname.chartNameTopFull: pg-hasura.jobs-pg
    kontinuous/depname.chartNameTop: pg-hasura
    kontinuous/plugin.log: \\"true\\"
  labels:
    kontinuous/deployment: test-extends-ovh-feature-branch-1-ffac537e6cbbf934b08-5oa7s3iv
    kontinuous/deployment.env: test-extends-ovh-prod
    kontinuous/ref: feature-branch-1
    kontinuous/gitSha: ffac537e6cbbf934b08745a378932722df287a53
    kontinuous/appVersion: ffac537e6cbbf934b08745a378932722df287a53
    kontinuous/resourceName: job-job-prod-test-extends-ovh-feature-branch-1-create-3aocr28q
    app.kubernetes.io/manifest-managed-by: kontinuous
    app.kubernetes.io/manifest-created-by: kontinuous
spec:
  backoffLimit: 6
  activeDeadlineSeconds: 3600
  ttlSecondsAfterFinished: 1800
  template:
    metadata:
      labels:
        environment: prod
        ref: feature-branch-1
        repository: test-extends-ovh
        runName: cnpg-create-secrets
        kontinuous/deployment: test-extends-ovh-feature-branch-1-ffac537e6cbbf934b08-5oa7s3iv
        kontinuous/deployment.env: test-extends-ovh-prod
        kontinuous/ref: feature-branch-1
        kontinuous/gitSha: ffac537e6cbbf934b08745a378932722df287a53
        kontinuous/appVersion: ffac537e6cbbf934b08745a378932722df287a53
        kontinuous/resourceName: job-job-prod-test-extends-ovh-feature-branch-1-create-3aocr28q
        app.kubernetes.io/manifest-managed-by: kontinuous
        app.kubernetes.io/manifest-created-by: kontinuous
      annotations:
        kontinuous/deployment: test-extends-ovh-feature-branch-1-ffac537e6cbbf934b08-5oa7s3iv
    spec:
      restartPolicy: Never
      initContainers:
        - name: degit-action
          image: ghcr.io/socialgouv/kontinuous/degit:v1.166.2
          command:
            - sh
            - -c
            - degit --disable-cache
              socialgouv/kontinuous/plugins/contrib/jobs/cnpg-create-secrets
              /action
          securityContext:
            runAsUser: 1000
            runAsGroup: 1000
          volumeMounts:
            - name: action
              mountPath: /action
          resources:
            limits:
              cpu: 1000m
              memory: 1024Mi
            requests:
              cpu: \\"0\\"
              memory: \\"0\\"
      containers:
        - name: job
          image: bitnami/kubectl:latest
          imagePullPolicy: IfNotPresent
          env:
            - name: APP_DB_SECRET_NAME
              value: pg-hasura-app
            - name: CNPG_DB_SECRET_NAME
              value: pg-hasura-db
            - name: HBA_DATABASE
              value: \\"*\\"
            - name: HBA_HOST
              value: pg-hasura-rw
            - name: HBA_USER
              value: \\"*\\"
            - name: NAMESPACE
              value: test-extends-ovh
            - name: PGDATABASE
              value: test-extends-ovh
            - name: PGHOST
              value: pg-hasura-rw
            - name: PGPORT
              value: \\"5432\\"
            - name: PGUSER
              value: test-extends-ovh
            - name: KUBECONFIG
              value: /secrets/k8s/kubeconfig
            - name: KONTINUOUS_OUTPUT
              value: /kontinuous-output
            - name: KONTINUOUS_INPUT
              value: /kontinuous-input
          command:
            - /bin/bash
            - -c
            - |
              set -e
              /action/create-secrets.sh
          resources:
            limits:
              cpu: 1
              memory: 1Gi
            requests:
              cpu: 41m
              memory: 121Mi
          securityContext:
            runAsUser: 1001
            runAsGroup: 1001
          volumeMounts:
            - name: workspace
              mountPath: /workspace
            - name: action
              mountPath: /action
            - name: kubeconfig
              mountPath: /secrets/k8s
              readOnly: true
            - name: kontinuous-io
              mountPath: /kontinuous-output
              subPath: test-extends-ovh-feature-branch-1-ffac537e6cbbf934b08-5oa7s3iv/jobs-pg.create-secrets.create-secrets
      securityContext:
        fsGroup: 1001
      volumes:
        - name: workspace
          emptyDir: {}
        - name: action
          emptyDir: {}
        - name: kubeconfig
          secret:
            secretName: kubeconfig
            items:
              - key: KUBECONFIG
                path: kubeconfig
        - name: kontinuous-io
          emptyDir: {}
---
apiVersion: batch/v1
kind: Job
metadata:
  name: job-prod-test-extends-ovh-feature-branch-1-create-sec-24e8vier
  namespace: test-extends-ovh
  annotations:
    kontinuous/needsName: create-secrets.create-secrets
    kontinuous/needsNames: '[\\"create-secrets\\",\\"create-secrets.create-secrets\\",\\"create-secrets..create-secrets\\"]'
    janitor/ttl: 7d
    kontinuous/chartPath: project.fabrique.pg-keycloak.jobs-pg
    kontinuous/source: project/charts/fabrique/charts/pg-keycloak/charts/jobs-pg/templates/jobs.yaml
    kontinuous/deployment: test-extends-ovh-feature-branch-1-ffac537e6cbbf934b08-5oa7s3iv
    kontinuous/depname.full: project.fabrique.pg-keycloak.jobs-pg.job.job-prod-test-extends-ovh-feature-branch-1-create-sec-24e8vier
    kontinuous/depname.chartResource: jobs-pg.job.job-prod-test-extends-ovh-feature-branch-1-create-sec-24e8vier
    kontinuous/depname.chartName: jobs-pg
    kontinuous/depname.chartPath: project.fabrique.pg-keycloak.jobs-pg
    kontinuous/depname.resourcePath: job.job-prod-test-extends-ovh-feature-branch-1-create-sec-24e8vier
    kontinuous/depname.resourceName: job-prod-test-extends-ovh-feature-branch-1-create-sec-24e8vier
    kontinuous/depname.chartNameTopFull: pg-keycloak.jobs-pg
    kontinuous/depname.chartNameTop: pg-keycloak
    kontinuous/plugin.log: \\"true\\"
  labels:
    kontinuous/deployment: test-extends-ovh-feature-branch-1-ffac537e6cbbf934b08-5oa7s3iv
    kontinuous/deployment.env: test-extends-ovh-prod
    kontinuous/ref: feature-branch-1
    kontinuous/gitSha: ffac537e6cbbf934b08745a378932722df287a53
    kontinuous/appVersion: ffac537e6cbbf934b08745a378932722df287a53
    kontinuous/resourceName: job-job-prod-test-extends-ovh-feature-branch-1-create-2euxwjeg
    app.kubernetes.io/manifest-managed-by: kontinuous
    app.kubernetes.io/manifest-created-by: kontinuous
spec:
  backoffLimit: 6
  activeDeadlineSeconds: 3600
  ttlSecondsAfterFinished: 1800
  template:
    metadata:
      labels:
        environment: prod
        ref: feature-branch-1
        repository: test-extends-ovh
        runName: cnpg-create-secrets
        kontinuous/deployment: test-extends-ovh-feature-branch-1-ffac537e6cbbf934b08-5oa7s3iv
        kontinuous/deployment.env: test-extends-ovh-prod
        kontinuous/ref: feature-branch-1
        kontinuous/gitSha: ffac537e6cbbf934b08745a378932722df287a53
        kontinuous/appVersion: ffac537e6cbbf934b08745a378932722df287a53
        kontinuous/resourceName: job-job-prod-test-extends-ovh-feature-branch-1-create-2euxwjeg
        app.kubernetes.io/manifest-managed-by: kontinuous
        app.kubernetes.io/manifest-created-by: kontinuous
      annotations:
        kontinuous/deployment: test-extends-ovh-feature-branch-1-ffac537e6cbbf934b08-5oa7s3iv
    spec:
      restartPolicy: Never
      initContainers:
        - name: degit-action
          image: ghcr.io/socialgouv/kontinuous/degit:v1.166.2
          command:
            - sh
            - -c
            - degit --disable-cache
              socialgouv/kontinuous/plugins/contrib/jobs/cnpg-create-secrets
              /action
          securityContext:
            runAsUser: 1000
            runAsGroup: 1000
          volumeMounts:
            - name: action
              mountPath: /action
          resources:
            limits:
              cpu: 1000m
              memory: 1024Mi
            requests:
              cpu: \\"0\\"
              memory: \\"0\\"
      containers:
        - name: job
          image: bitnami/kubectl:latest
          imagePullPolicy: IfNotPresent
          env:
            - name: APP_DB_SECRET_NAME
              value: pg-keycloak-app
            - name: CNPG_DB_SECRET_NAME
              value: pg-keycloak-db
            - name: HBA_DATABASE
              value: \\"*\\"
            - name: HBA_HOST
              value: pg-keycloak-rw
            - name: HBA_USER
              value: \\"*\\"
            - name: NAMESPACE
              value: test-extends-ovh
            - name: PGDATABASE
              value: test-extends-ovh
            - name: PGHOST
              value: pg-keycloak-rw
            - name: PGPORT
              value: \\"5432\\"
            - name: PGUSER
              value: test-extends-ovh
            - name: KUBECONFIG
              value: /secrets/k8s/kubeconfig
            - name: KONTINUOUS_OUTPUT
              value: /kontinuous-output
            - name: KONTINUOUS_INPUT
              value: /kontinuous-input
          command:
            - /bin/bash
            - -c
            - |
              set -e
              /action/create-secrets.sh
          resources:
            limits:
              cpu: 1
              memory: 1Gi
            requests:
              cpu: 41m
              memory: 121Mi
          securityContext:
            runAsUser: 1001
            runAsGroup: 1001
          volumeMounts:
            - name: workspace
              mountPath: /workspace
            - name: action
              mountPath: /action
            - name: kubeconfig
              mountPath: /secrets/k8s
              readOnly: true
            - name: kontinuous-io
              mountPath: /kontinuous-output
              subPath: test-extends-ovh-feature-branch-1-ffac537e6cbbf934b08-5oa7s3iv/jobs-pg.create-secrets.create-secrets
      securityContext:
        fsGroup: 1001
      volumes:
        - name: workspace
          emptyDir: {}
        - name: action
          emptyDir: {}
        - name: kubeconfig
          secret:
            secretName: kubeconfig
            items:
              - key: KUBECONFIG
                path: kubeconfig
        - name: kontinuous-io
          emptyDir: {}
---
apiVersion: apps/v1
kind: Deployment
metadata:
  labels:
    component: app
    application: test-extends-ovh
    kontinuous/deployment: test-extends-ovh-feature-branch-1-ffac537e6cbbf934b08-5oa7s3iv
    kontinuous/deployment.env: test-extends-ovh-prod
    kontinuous/ref: feature-branch-1
    kontinuous/gitSha: ffac537e6cbbf934b08745a378932722df287a53
    kontinuous/appVersion: ffac537e6cbbf934b08745a378932722df287a53
    kontinuous/resourceName: deployment-app-55fzcjih
    app.kubernetes.io/manifest-managed-by: kontinuous
    app.kubernetes.io/manifest-created-by: kontinuous
  name: app
  namespace: test-extends-ovh
  annotations:
    kontinuous/chartPath: project.fabrique.contrib.app
    kontinuous/source: project/charts/fabrique/charts/contrib/charts/app/templates/deployment.yaml
    kontinuous/deployment: test-extends-ovh-feature-branch-1-ffac537e6cbbf934b08-5oa7s3iv
    kontinuous/depname.full: project.fabrique.contrib.app.deployment.app
    kontinuous/depname.chartResource: app.deployment.app
    kontinuous/depname.chartName: app
    kontinuous/depname.chartPath: project.fabrique.contrib.app
    kontinuous/depname.resourcePath: deployment.app
    kontinuous/depname.resourceName: app
    kontinuous/depname.chartNameTopFull: app
    kontinuous/depname.chartNameTop: app
    kontinuous/plugin.log: \\"false\\"
    reloader.stakater.com/auto: \\"true\\"
spec:
  replicas: 2
  selector:
    matchLabels:
      component: app
  strategy:
    type: RollingUpdate
  template:
    metadata:
      labels:
        component: app
        application: test-extends-ovh
        namespace: test-extends-ovh
        kontinuous/deployment: test-extends-ovh-feature-branch-1-ffac537e6cbbf934b08-5oa7s3iv
        kontinuous/deployment.env: test-extends-ovh-prod
        kontinuous/ref: feature-branch-1
        kontinuous/gitSha: ffac537e6cbbf934b08745a378932722df287a53
        kontinuous/appVersion: ffac537e6cbbf934b08745a378932722df287a53
        kontinuous/resourceName: deployment-app-55fzcjih
        app.kubernetes.io/manifest-managed-by: kontinuous
        app.kubernetes.io/manifest-created-by: kontinuous
      annotations:
        kontinuous/deployment: test-extends-ovh-feature-branch-1-ffac537e6cbbf934b08-5oa7s3iv
    spec:
      affinity:
        podAntiAffinity:
          preferredDuringSchedulingIgnoredDuringExecution:
            - weight: 1
              podAffinityTerm:
                labelSelector:
                  matchExpressions:
                    - key: namespace
                      operator: In
                      values:
                        - test-extends-ovh
                    - key: component
                      operator: In
                      values:
                        - app
                topologyKey: kubernetes.io/hostname
      containers:
        - image: harbor.fabrique.social.gouv.fr/fabrique/test-extends-ovh/app:prod
          name: app
          ports:
            - containerPort: 3000
              name: http
          livenessProbe:
            failureThreshold: 15
            httpGet:
              path: /index.html
              port: http
            initialDelaySeconds: 30
            periodSeconds: 5
            timeoutSeconds: 5
          readinessProbe:
            failureThreshold: 15
            httpGet:
              path: /index.html
              port: http
            initialDelaySeconds: 1
            periodSeconds: 5
            successThreshold: 1
            timeoutSeconds: 1
          startupProbe:
            failureThreshold: 12
            httpGet:
              path: /index.html
              port: http
            periodSeconds: 5
          resources:
            limits:
              cpu: 1
              memory: 1Gi
            requests:
              cpu: 41m
              memory: 121Mi
---
apiVersion: v1
kind: Service
metadata:
  labels:
    component: app
    application: test-extends-ovh
    kontinuous/deployment: test-extends-ovh-feature-branch-1-ffac537e6cbbf934b08-5oa7s3iv
    kontinuous/deployment.env: test-extends-ovh-prod
    kontinuous/ref: feature-branch-1
    kontinuous/gitSha: ffac537e6cbbf934b08745a378932722df287a53
    kontinuous/appVersion: ffac537e6cbbf934b08745a378932722df287a53
    kontinuous/resourceName: service-app-46z2o1vv
    app.kubernetes.io/manifest-managed-by: kontinuous
    app.kubernetes.io/manifest-created-by: kontinuous
  name: app
  namespace: test-extends-ovh
  annotations:
    kontinuous/chartPath: project.fabrique.contrib.app
    kontinuous/source: project/charts/fabrique/charts/contrib/charts/app/templates/service.yaml
    kontinuous/deployment: test-extends-ovh-feature-branch-1-ffac537e6cbbf934b08-5oa7s3iv
spec:
  ports:
    - name: http
      port: 80
      targetPort: 3000
  selector:
    component: app
  type: ClusterIP
---
apiVersion: networking.k8s.io/v1
kind: Ingress
metadata:
  annotations:
    kubernetes.io/ingress.class: nginx
    kontinuous/chartPath: project.fabrique.contrib.app
    kontinuous/source: project/charts/fabrique/charts/contrib/charts/app/templates/ingress.yaml
    kontinuous/deployment: test-extends-ovh-feature-branch-1-ffac537e6cbbf934b08-5oa7s3iv
    cert-manager.io: cluster-issuer
    cert-manager.io/cluster-issuer: letsencrypt-prod
    kubernetes.io/tls-acme: \\"true\\"
  labels:
    component: app
    application: test-extends-ovh
    kontinuous/deployment: test-extends-ovh-feature-branch-1-ffac537e6cbbf934b08-5oa7s3iv
    kontinuous/deployment.env: test-extends-ovh-prod
    kontinuous/ref: feature-branch-1
    kontinuous/gitSha: ffac537e6cbbf934b08745a378932722df287a53
    kontinuous/appVersion: ffac537e6cbbf934b08745a378932722df287a53
    kontinuous/resourceName: ingress-app-b4kcj2bx
    app.kubernetes.io/manifest-managed-by: kontinuous
    app.kubernetes.io/manifest-created-by: kontinuous
  name: app
  namespace: test-extends-ovh
spec:
  rules:
    - host: test-extends-ovh.fabrique.social.gouv.fr
      http:
        paths:
          - backend:
              service:
                name: app
                port:
                  name: http
            path: /
            pathType: Prefix
  tls:
    - hosts:
        - test-extends-ovh.fabrique.social.gouv.fr
      secretName: app-crt
---
apiVersion: postgresql.cnpg.io/v1
kind: Cluster
metadata:
  name: pg-hasura
  labels:
    helm.sh/chart: cnpg-cluster-1.9.12
    app.kubernetes.io/name: pg-hasura
    app.kubernetes.io/instance: release-name
    app.kubernetes.io/version: \\"15\\"
    app.kubernetes.io/managed-by: Helm
    kontinuous/deployment: test-extends-ovh-feature-branch-1-ffac537e6cbbf934b08-5oa7s3iv
    kontinuous/deployment.env: test-extends-ovh-prod
    kontinuous/ref: feature-branch-1
    kontinuous/gitSha: ffac537e6cbbf934b08745a378932722df287a53
    kontinuous/appVersion: ffac537e6cbbf934b08745a378932722df287a53
    kontinuous/resourceName: cluster-pg-hasura-3gpn0wln
    app.kubernetes.io/manifest-managed-by: kontinuous
    app.kubernetes.io/manifest-created-by: kontinuous
  annotations:
    app.kubernetes.io/managed-by: Helm
    kontinuous/chartPath: project.fabrique.pg-hasura.cnpg-cluster
    kontinuous/source: project/charts/fabrique/charts/pg-hasura/charts/cnpg-cluster/templates/cluster.cnpg.yaml
    kontinuous/plugin.needs: |
      - project.fabrique.pg-hasura.jobs-pg
    kontinuous/deployment: test-extends-ovh-feature-branch-1-ffac537e6cbbf934b08-5oa7s3iv
    kontinuous/depname.full: project.fabrique.pg-hasura.cnpg-cluster.cluster.pg-hasura
    kontinuous/depname.chartResource: cnpg-cluster.cluster.pg-hasura
    kontinuous/depname.chartName: cnpg-cluster
    kontinuous/depname.chartPath: project.fabrique.pg-hasura.cnpg-cluster
    kontinuous/depname.resourcePath: cluster.pg-hasura
    kontinuous/depname.resourceName: pg-hasura
    kontinuous/depname.chartNameTopFull: pg-hasura.cnpg-cluster
    kontinuous/depname.chartNameTop: pg-hasura
    kontinuous/plugin.log: \\"false\\"
  namespace: test-extends-ovh
spec:
  instances: 3
  imageName: ghcr.io/cloudnative-pg/postgis:14
  imagePullPolicy: IfNotPresent
  storage:
    size: 8Gi
    storageClass: managed-csi
  backup:
    retentionPolicy: 60d
    barmanObjectStore:
      data:
        compression: gzip
      destinationPath: s3://fabrique-prod-backups/test-extends-ovh
      endpointURL: https://s3.gra.io.cloud.ovh.net
      s3Credentials:
        accessKeyId:
          key: bucket_access_key
          name: fabrique-prod-backups-access-key
        region:
          key: bucket_region
          name: fabrique-prod-backups-access-key
        secretAccessKey:
          key: bucket_secret_key
          name: fabrique-prod-backups-access-key
      wal:
        compression: gzip
  minSyncReplicas: 1
  maxSyncReplicas: 1
  postgresql:
    parameters:
      TimeZone: Europe/Paris
      pg_stat_statements.max: \\"10000\\"
      pg_stat_statements.track: all
  monitoring:
    enablePodMonitor: true
  bootstrap:
    initdb:
      database: test-extends-ovh
      owner: test-extends-ovh
      secret:
        name: pg-hasura-db
      postInitTemplateSQL:
        - CREATE EXTENSION IF NOT EXISTS \\"postgis\\";
        - CREATE EXTENSION IF NOT EXISTS \\"postgis_topology\\";
        - CREATE EXTENSION IF NOT EXISTS \\"fuzzystrmatch\\";
        - CREATE EXTENSION IF NOT EXISTS \\"postgis_tiger_geocoder\\";
        - CREATE EXTENSION IF NOT EXISTS \\"uuid-ossp\\";
        - CREATE EXTENSION IF NOT EXISTS \\"citext\\";
        - CREATE EXTENSION IF NOT EXISTS \\"pgcrypto\\";
        - CREATE EXTENSION IF NOT EXISTS \\"hstore\\";
---
apiVersion: postgresql.cnpg.io/v1
kind: Cluster
metadata:
  name: pg-keycloak
  labels:
    helm.sh/chart: cnpg-cluster-1.9.12
    app.kubernetes.io/name: pg-keycloak
    app.kubernetes.io/instance: release-name
    app.kubernetes.io/version: \\"15\\"
    app.kubernetes.io/managed-by: Helm
    kontinuous/deployment: test-extends-ovh-feature-branch-1-ffac537e6cbbf934b08-5oa7s3iv
    kontinuous/deployment.env: test-extends-ovh-prod
    kontinuous/ref: feature-branch-1
    kontinuous/gitSha: ffac537e6cbbf934b08745a378932722df287a53
    kontinuous/appVersion: ffac537e6cbbf934b08745a378932722df287a53
    kontinuous/resourceName: cluster-pg-keycloak-3np6zhd8
    app.kubernetes.io/manifest-managed-by: kontinuous
    app.kubernetes.io/manifest-created-by: kontinuous
  annotations:
    app.kubernetes.io/managed-by: Helm
    kontinuous/chartPath: project.fabrique.pg-keycloak.cnpg-cluster
    kontinuous/source: project/charts/fabrique/charts/pg-keycloak/charts/cnpg-cluster/templates/cluster.cnpg.yaml
    kontinuous/plugin.needs: |
      - project.fabrique.pg-keycloak.jobs-pg
    kontinuous/deployment: test-extends-ovh-feature-branch-1-ffac537e6cbbf934b08-5oa7s3iv
    kontinuous/depname.full: project.fabrique.pg-keycloak.cnpg-cluster.cluster.pg-keycloak
    kontinuous/depname.chartResource: cnpg-cluster.cluster.pg-keycloak
    kontinuous/depname.chartName: cnpg-cluster
    kontinuous/depname.chartPath: project.fabrique.pg-keycloak.cnpg-cluster
    kontinuous/depname.resourcePath: cluster.pg-keycloak
    kontinuous/depname.resourceName: pg-keycloak
    kontinuous/depname.chartNameTopFull: pg-keycloak.cnpg-cluster
    kontinuous/depname.chartNameTop: pg-keycloak
    kontinuous/plugin.log: \\"false\\"
  namespace: test-extends-ovh
spec:
  instances: 3
  imageName: ghcr.io/cloudnative-pg/postgis:14
  imagePullPolicy: IfNotPresent
  storage:
    size: 8Gi
    storageClass: managed-csi
  backup:
    retentionPolicy: 60d
    barmanObjectStore:
      data:
        compression: gzip
      destinationPath: s3://fabrique-prod-backups/test-extends-ovh
      endpointURL: https://s3.gra.io.cloud.ovh.net
      s3Credentials:
        accessKeyId:
          key: bucket_access_key
          name: fabrique-prod-backups-access-key
        region:
          key: bucket_region
          name: fabrique-prod-backups-access-key
        secretAccessKey:
          key: bucket_secret_key
          name: fabrique-prod-backups-access-key
      wal:
        compression: gzip
  minSyncReplicas: 1
  maxSyncReplicas: 1
  postgresql:
    parameters:
      TimeZone: Europe/Paris
      pg_stat_statements.max: \\"10000\\"
      pg_stat_statements.track: all
  monitoring:
    enablePodMonitor: true
  bootstrap:
    initdb:
      database: test-extends-ovh
      owner: test-extends-ovh
      secret:
        name: pg-keycloak-db
      postInitTemplateSQL:
        - CREATE EXTENSION IF NOT EXISTS \\"postgis\\";
        - CREATE EXTENSION IF NOT EXISTS \\"postgis_topology\\";
        - CREATE EXTENSION IF NOT EXISTS \\"fuzzystrmatch\\";
        - CREATE EXTENSION IF NOT EXISTS \\"postgis_tiger_geocoder\\";
        - CREATE EXTENSION IF NOT EXISTS \\"uuid-ossp\\";
        - CREATE EXTENSION IF NOT EXISTS \\"citext\\";
        - CREATE EXTENSION IF NOT EXISTS \\"pgcrypto\\";
        - CREATE EXTENSION IF NOT EXISTS \\"hstore\\";
---
apiVersion: postgresql.cnpg.io/v1
kind: ScheduledBackup
metadata:
  name: pg-hasura-scheduledbackup
  labels:
    helm.sh/chart: cnpg-cluster-1.9.12
    app.kubernetes.io/name: pg-hasura
    app.kubernetes.io/instance: release-name
    app.kubernetes.io/version: \\"15\\"
    app.kubernetes.io/managed-by: Helm
    kontinuous/deployment: test-extends-ovh-feature-branch-1-ffac537e6cbbf934b08-5oa7s3iv
    kontinuous/deployment.env: test-extends-ovh-prod
    kontinuous/ref: feature-branch-1
    kontinuous/gitSha: ffac537e6cbbf934b08745a378932722df287a53
    kontinuous/appVersion: ffac537e6cbbf934b08745a378932722df287a53
    kontinuous/resourceName: scheduledbackup-pg-hasura-scheduledbackup-1vyq5go6
    app.kubernetes.io/manifest-managed-by: kontinuous
    app.kubernetes.io/manifest-created-by: kontinuous
  annotations:
    kontinuous/chartPath: project.fabrique.pg-hasura.cnpg-cluster
    kontinuous/source: project/charts/fabrique/charts/pg-hasura/charts/cnpg-cluster/templates/scheduledbackup.cnpg.yaml
    kontinuous/plugin.needs: |
      - project.fabrique.pg-hasura.jobs-pg
    kontinuous/deployment: test-extends-ovh-feature-branch-1-ffac537e6cbbf934b08-5oa7s3iv
  namespace: test-extends-ovh
spec:
  backupOwnerReference: self
  cluster:
    name: pg-hasura
  schedule: 0 0 0 * * *
---
apiVersion: postgresql.cnpg.io/v1
kind: ScheduledBackup
metadata:
  name: pg-keycloak-scheduledbackup
  labels:
    helm.sh/chart: cnpg-cluster-1.9.12
    app.kubernetes.io/name: pg-keycloak
    app.kubernetes.io/instance: release-name
    app.kubernetes.io/version: \\"15\\"
    app.kubernetes.io/managed-by: Helm
    kontinuous/deployment: test-extends-ovh-feature-branch-1-ffac537e6cbbf934b08-5oa7s3iv
    kontinuous/deployment.env: test-extends-ovh-prod
    kontinuous/ref: feature-branch-1
    kontinuous/gitSha: ffac537e6cbbf934b08745a378932722df287a53
    kontinuous/appVersion: ffac537e6cbbf934b08745a378932722df287a53
    kontinuous/resourceName: scheduledbackup-pg-keycloak-scheduledbackup-3iywftai
    app.kubernetes.io/manifest-managed-by: kontinuous
    app.kubernetes.io/manifest-created-by: kontinuous
  annotations:
    kontinuous/chartPath: project.fabrique.pg-keycloak.cnpg-cluster
    kontinuous/source: project/charts/fabrique/charts/pg-keycloak/charts/cnpg-cluster/templates/scheduledbackup.cnpg.yaml
    kontinuous/plugin.needs: |
      - project.fabrique.pg-keycloak.jobs-pg
    kontinuous/deployment: test-extends-ovh-feature-branch-1-ffac537e6cbbf934b08-5oa7s3iv
  namespace: test-extends-ovh
spec:
  backupOwnerReference: self
  cluster:
    name: pg-keycloak
  schedule: 0 0 0 * * *
"
`;
