// Jest Snapshot v1, https://goo.gl/fbAQLP

exports[`test build manifests with snapshots ingress-annotations.prod 1`] = `
"apiVersion: v1
kind: Namespace
metadata:
  annotations:
    field.cattle.io/projectId: '1234'
    kontinuous/gitBranch: feature-branch-1
    kontinuous/mainNamespace: 'true'
    kapp.k14s.io/exists: ''
  labels:
    application: test-ingress-annotations
  name: test-ingress-annotations
---
apiVersion: networking.k8s.io/v1
kind: NetworkPolicy
metadata:
  name: netpol-ingress
  namespace: test-ingress-annotations
  annotations:
    kapp.k14s.io/disable-original: ''
spec:
  ingress:
    - from:
        - podSelector: {}
    - from:
        - namespaceSelector:
            matchLabels:
              network-policy/source: ingress-controller
    - from:
        - namespaceSelector:
            matchLabels:
              network-policy/source: monitoring
  podSelector: {}
  policyTypes:
    - Ingress
---
apiVersion: v1
kind: ServiceAccount
metadata:
  name: default
  namespace: test-ingress-annotations
  annotations:
    kapp.k14s.io/disable-original: ''
automountServiceAccountToken: false
---
apiVersion: v1
kind: ConfigMap
metadata:
  labels:
    component: metabase
    application: test-ingress-annotations
  name: metabase
  namespace: test-ingress-annotations
  annotations:
    kapp.k14s.io/disable-original: ''
data:
  MB_APPLICATION_NAME: metabase
  MB_DB_TYPE: postgres
  MB_ADMIN_EMAIL: admin@fabrique.social.gouv.fr
  MB_ANON_TRACKING_ENABLED: 'false'
  MB_APPLICATION_LOGO_URL: https://socialgouv.github.io/support/_media/marianne.jpeg
  MB_EMAIL_FROM_ADDRESS: contact@fabrique.social.gouv.fr
  MB_ENABLE_EMBEDDING: 'true'
  MB_ENABLE_PUBLIC_SHARING: 'true'
  MB_SITE_LOCALE: fr
  MB_SITE_NAME: Fabrique des minist√®res sociaux
  MB_SITE_URL: https://metabase-test-ingress-annotations.fabrique.social.gouv.fr
---
apiVersion: v1
kind: Service
metadata:
  labels:
    component: metabase
    application: test-ingress-annotations
  name: metabase
  namespace: test-ingress-annotations
  annotations:
    kapp.k14s.io/disable-default-ownership-label-rules: ''
    kapp.k14s.io/disable-default-label-scoping-rules: ''
    kapp.k14s.io/disable-original: ''
spec:
  ports:
    - name: http
      port: 80
      targetPort: 3000
  selector:
    component: metabase
  type: ClusterIP
---
apiVersion: apps/v1
kind: Deployment
metadata:
  labels:
    component: metabase
    application: test-ingress-annotations
  name: metabase
  namespace: test-ingress-annotations
  annotations:
    kapp.k14s.io/change-group: kontinuous/test-ingress-annotations
    kapp.k14s.io/change-group.metabase: kontinuous/metabase.test-ingress-annotations
    reloader.stakater.com/auto: 'true'
    kapp.k14s.io/disable-original: ''
    kapp.k14s.io/create-strategy: fallback-on-update
    kapp.k14s.io/update-strategy: fallback-on-replace
    kapp.k14s.io/nonce: ''
spec:
  replicas: 1
  selector:
    matchLabels:
      component: metabase
  template:
    metadata:
      labels:
        component: metabase
    spec:
      containers:
        - image: metabase/metabase:v0.43.4
          name: metabase
          envFrom:
            - configMapRef:
                name: metabase
          ports:
            - containerPort: 3000
              name: http
          startupProbe:
            failureThreshold: 30
            httpGet:
              path: /api/health
              port: http
            periodSeconds: 10
            initialDelaySeconds: 60
            successThreshold: 1
            timeoutSeconds: 10
          readinessProbe:
            failureThreshold: 15
            httpGet:
              path: /api/health
              port: http
            initialDelaySeconds: 1
            periodSeconds: 5
            successThreshold: 1
            timeoutSeconds: 1
          livenessProbe:
            failureThreshold: 6
            httpGet:
              path: /api/health
              port: http
            initialDelaySeconds: 30
            periodSeconds: 5
            timeoutSeconds: 5
          resources:
            limits:
              cpu: 1000m
              memory: 2048Mi
            requests:
              cpu: 500m
              memory: 512Mi
---
apiVersion: networking.k8s.io/v1
kind: Ingress
metadata:
  annotations:
    kubernetes.io/ingress.class: nginx
    cert-manager.io: cluster-issuer
    cert-manager.io/cluster-issuer: letsencrypt-prod
    kubernetes.io/tls-acme: 'true'
    kapp.k14s.io/disable-original: ''
  labels:
    component: metabase
    application: test-ingress-annotations
  name: metabase
  namespace: test-ingress-annotations
spec:
  rules:
    - host: metabase-test-ingress-annotations.fabrique.social.gouv.fr
      http:
        paths:
          - backend:
              service:
                name: metabase
                port:
                  name: http
            path: /
            pathType: Prefix
  tls:
    - hosts:
        - metabase-test-ingress-annotations.fabrique.social.gouv.fr
      secretName: metabase-crt
"
`;
