// Jest Snapshot v1, https://goo.gl/fbAQLP

exports[`test build manifests with snapshots job-no-affinity.dev 1`] = `
"apiVersion: v1
kind: Namespace
metadata:
  annotations:
    field.cattle.io/projectId: \\"1234\\"
    kontinuous/gitBranch: feature-branch-1
    kontinuous/mainNamespace: \\"true\\"
    kapp.k14s.io/exists: \\"\\"
    kontinuous/chartPath: project.fabrique.contrib.rancher-namespace
    kontinuous/source: project/charts/fabrique/charts/contrib/charts/rancher-namespace/templates/namespace.yaml
    kontinuous/deployment: test-job-no-affinity-feature-branch-1-ffac537e6cbbf93-3uenw7mk
  labels:
    application: test-job-no-affinity
    kontinuous/deployment: test-job-no-affinity-feature-branch-1-ffac537e6cbbf93-3uenw7mk
    kontinuous/deployment.env: test-job-no-affinity-feature-branch-1
    kontinuous/ref: feature-branch-1
    kontinuous/gitSha: ffac537e6cbbf934b08745a378932722df287a53
    kontinuous/appVersion: ffac537e6cbbf934b08745a378932722df287a53
    kontinuous/resourceName: namespace-test-job-no-affinity-feature-branch-1-50xbav2l
    app.kubernetes.io/manifest-managed-by: kontinuous
    app.kubernetes.io/manifest-created-by: kontinuous
  name: test-job-no-affinity-feature-branch-1
---
apiVersion: networking.k8s.io/v1
kind: NetworkPolicy
metadata:
  name: netpol-ingress
  namespace: test-job-no-affinity-feature-branch-1
  annotations:
    kontinuous/chartPath: project.fabrique.contrib.security-policies
    kontinuous/source: project/charts/fabrique/charts/contrib/charts/security-policies/templates/network-policy.yml
    kontinuous/deployment: test-job-no-affinity-feature-branch-1-ffac537e6cbbf93-3uenw7mk
  labels:
    kontinuous/deployment: test-job-no-affinity-feature-branch-1-ffac537e6cbbf93-3uenw7mk
    kontinuous/deployment.env: test-job-no-affinity-feature-branch-1
    kontinuous/ref: feature-branch-1
    kontinuous/gitSha: ffac537e6cbbf934b08745a378932722df287a53
    kontinuous/appVersion: ffac537e6cbbf934b08745a378932722df287a53
    kontinuous/resourceName: networkpolicy-netpol-ingress-61ndxljw
    app.kubernetes.io/manifest-managed-by: kontinuous
    app.kubernetes.io/manifest-created-by: kontinuous
spec:
  ingress:
    - from:
        - podSelector: {}
    - from:
        - namespaceSelector:
            matchLabels:
              network-policy/source: ingress-controller
    - from:
        - namespaceSelector:
            matchLabels:
              network-policy/source: monitoring
  podSelector: {}
  policyTypes:
    - Ingress
---
apiVersion: v1
kind: ServiceAccount
metadata:
  name: default
  annotations:
    kontinuous/chartPath: project.fabrique.contrib.security-policies
    kontinuous/source: project/charts/fabrique/charts/contrib/charts/security-policies/templates/service-account.yaml
    kontinuous/deployment: test-job-no-affinity-feature-branch-1-ffac537e6cbbf93-3uenw7mk
  labels:
    kontinuous/deployment: test-job-no-affinity-feature-branch-1-ffac537e6cbbf93-3uenw7mk
    kontinuous/deployment.env: test-job-no-affinity-feature-branch-1
    kontinuous/ref: feature-branch-1
    kontinuous/gitSha: ffac537e6cbbf934b08745a378932722df287a53
    kontinuous/appVersion: ffac537e6cbbf934b08745a378932722df287a53
    kontinuous/resourceName: serviceaccount-default-2g5dmk74
    app.kubernetes.io/manifest-managed-by: kontinuous
    app.kubernetes.io/manifest-created-by: kontinuous
  namespace: test-job-no-affinity-feature-branch-1
automountServiceAccountToken: false
---
apiVersion: batch/v1
kind: Job
metadata:
  name: job-dev-test-job-no-affinity-feature-branch-1-buildki-5u16949o
  namespace: test-job-no-affinity-feature-branch-1
  annotations:
    kontinuous/needsName: build-app.buildkit
    kontinuous/needsNames: '[\\"build-app\\",\\"build-app.buildkit\\",\\"build-app..buildkit\\"]'
    kontinuous/chartPath: project.fabrique.contrib.build-app
    kontinuous/source: project/charts/fabrique/charts/contrib/charts/build-app/templates/job.yaml
    kontinuous/deployment: test-job-no-affinity-feature-branch-1-ffac537e6cbbf93-3uenw7mk
    kontinuous/depname.full: project.fabrique.contrib.build-app.job.job-dev-test-job-no-affinity-feature-branch-1-buildki-5u16949o
    kontinuous/depname.chartResource: build-app.job.job-dev-test-job-no-affinity-feature-branch-1-buildki-5u16949o
    kontinuous/depname.chartName: build-app
    kontinuous/depname.chartPath: project.fabrique.contrib.build-app
    kontinuous/depname.resourcePath: job.job-dev-test-job-no-affinity-feature-branch-1-buildki-5u16949o
    kontinuous/depname.resourceName: job-dev-test-job-no-affinity-feature-branch-1-buildki-5u16949o
    kontinuous/depname.chartNameTopFull: build-app
    kontinuous/depname.chartNameTop: build-app
    kontinuous/plugin.log: \\"true\\"
  labels:
    kontinuous/deployment: test-job-no-affinity-feature-branch-1-ffac537e6cbbf93-3uenw7mk
    kontinuous/deployment.env: test-job-no-affinity-feature-branch-1
    kontinuous/ref: feature-branch-1
    kontinuous/gitSha: ffac537e6cbbf934b08745a378932722df287a53
    kontinuous/appVersion: ffac537e6cbbf934b08745a378932722df287a53
    kontinuous/resourceName: job-job-dev-test-job-no-affinity-feature-branch-1-bui-kemw1o6x
    app.kubernetes.io/manifest-managed-by: kontinuous
    app.kubernetes.io/manifest-created-by: kontinuous
spec:
  backoffLimit: 0
  activeDeadlineSeconds: 3600
  ttlSecondsAfterFinished: 1800
  template:
    metadata:
      annotations:
        container.apparmor.security.beta.kubernetes.io/job: unconfined
        kontinuous/deployment: test-job-no-affinity-feature-branch-1-ffac537e6cbbf93-3uenw7mk
      labels:
        environment: dev
        ref: feature-branch-1
        repository: test-job-no-affinity
        runName: build
        kontinuous/deployment: test-job-no-affinity-feature-branch-1-ffac537e6cbbf93-3uenw7mk
        kontinuous/deployment.env: test-job-no-affinity-feature-branch-1
        kontinuous/ref: feature-branch-1
        kontinuous/gitSha: ffac537e6cbbf934b08745a378932722df287a53
        kontinuous/appVersion: ffac537e6cbbf934b08745a378932722df287a53
        kontinuous/resourceName: job-job-dev-test-job-no-affinity-feature-branch-1-bui-kemw1o6x
        app.kubernetes.io/manifest-managed-by: kontinuous
        app.kubernetes.io/manifest-created-by: kontinuous
    spec:
      restartPolicy: Never
      initContainers:
        - name: degit-repository
          image: ghcr.io/socialgouv/kontinuous/degit:v1.181.5
          imagePullPolicy: IfNotPresent
          command:
            - sh
            - -c
            - >
              
              degit --disable-cache kontinuous/test-job-no-affinity#feature-branch-1 \\\\
                /workspace
          securityContext:
            runAsUser: 1000
            runAsGroup: 1000
          volumeMounts:
            - name: workspace
              mountPath: /workspace
          resources:
            limits: {}
            requests: {}
      containers:
        - name: job
          image: moby/buildkit:v0.13.0-rootless
          imagePullPolicy: IfNotPresent
          envFrom:
            - secretRef:
                name: harbor
          env:
            - name: BUILDKITD_FLAGS
              value: --oci-worker-no-process-sandbox
            - name: KONTINUOUS_OUTPUT
              value: /kontinuous-output
            - name: KONTINUOUS_INPUT
              value: /kontinuous-input
          command:
            - /bin/sh
            - -c
            - >
              set -e


              export IMAGE_NAME=/test-job-no-affinity/app

              export IMAGE_PATH=\\"\${CI_REGISTRY}\${IMAGE_NAME}\\"



              buildctl_options_cache=\\"\\\\
                --import-cache type=registry,ref=$IMAGE_PATH:cache-main \\\\
                --import-cache type=registry,ref=$IMAGE_PATH:feature-branch-1 \\\\
                \\"



              buildkit_addr=tcp://buildkit-service.buildkit-service.svc:1234


              # consistent hashing distribution



              ## setup consistent hashing variable

              export pod_count=6

              export pod_hash_ref=\\"$IMAGE_NAME\\"


              ## get the pod number

              pod_num=$(( 0x$(echo \\"$pod_hash_ref\\" | md5sum | cut -d ' ' -f 1 | head -c 15) ))

              [ $pod_num -lt 0 ] && pod_num=$((pod_num * -1))

              pod_num=$(( $pod_num % $pod_count ))


              ## rewrite addr

              prefix_addr=\\"\${buildkit_addr%%.*}\\"

              protocol=\\"\${prefix_addr%%://*}\\"

              # protocol=kube-pod

              subdomain=\\"\${prefix_addr#*//}\\"


              buildkit_addr=$(echo \\"$buildkit_addr\\" | sed \\"s|$prefix_addr|$protocol://$subdomain-$pod_num.$subdomain|\\")



              # buildkit_addr=\\"tcp://test-buildkit-service.test-buildkit-service.svc:1235\\" # enable in debug to emulate service failure




              buildctl_cmd=\\"buildctl --addr $buildkit_addr \\"

              buildctl_options_mtls=\\"\\"

              if [ -f /buildkit-certs/cert.pem ]; then
                buildctl_options_mtls=\\"\\\\
                  --tlscacert /buildkit-certs/ca.pem \\\\
                  --tlscert /buildkit-certs/cert.pem \\\\
                  --tlskey /buildkit-certs/key.pem \\\\
                \\"
              fi



              mkdir -p /home/user/.docker

              echo \\"{\\\\\\"auths\\\\\\":{\\\\\\"$CI_REGISTRY\\\\\\":{\\\\\\"username\\\\\\":\\\\\\"$CI_REGISTRY_USER\\\\\\",\\\\\\"password\\\\\\":\\\\\\"$CI_REGISTRY_PASSWORD\\\\\\"}}}\\" > /home/user/.docker/config.json

              export LATEST_TAG=\\"\\"

              if [ \\"false\\" = \\"true\\" ]; then
                export LATEST_TAG=\\",$IMAGE_PATH:latest\\"
              fi


              runBuildkit() {
                tempfile=$(mktemp -u)
                pipe=$(mktemp -u)
                mkfifo \\"$pipe\\"
                tee \\"$tempfile\\" < \\"$pipe\\" &

                $buildctl_cmd \\\\
                  $buildctl_options_mtls \\\\
                  build \\\\
                  --frontend dockerfile.v0 \\\\
                  --local context=/workspace/ \\\\
                  --local dockerfile=/workspace \\\\
                  --opt filename=./Dockerfile \\\\
                  --output type=image,\\\\\\"name=$IMAGE_PATH:sha-ffac537e6cbbf934b08745a378932722df287a53,$IMAGE_PATH:feature-branch-1$LATEST_TAG\\\\\\",push=true \\\\
                  $buildctl_options_cache \\\\
                  >\\"$pipe\\" 2>&1
                return $?
              }


              set +e

              runBuildkit

              status=$?

              set -e




              echo \\"build succeeded.\\"


              echo \\"$IMAGE_PATH:sha-ffac537e6cbbf934b08745a378932722df287a53\\" >$KONTINUOUS_OUTPUT/IMAGE
          resources:
            limits:
              cpu: \\"3\\"
              memory: 250Mi
            requests:
              cpu: 64m
              memory: 32Mi
          securityContext:
            runAsUser: 1000
            runAsGroup: 1000
            allowPrivilegeEscalation: true
            seccompProfile:
              type: Unconfined
          volumeMounts:
            - name: workspace
              mountPath: /workspace
            - name: action
              mountPath: /action
            - name: kontinuous-io
              mountPath: /kontinuous-output
              subPath: test-job-no-affinity-feature-branch-1-ffac537e6cbbf93-3uenw7mk/build-app.build-app.buildkit
            - mountPath: /home/user/.local/share/buildkit
              name: buildkitd
            - mountPath: /buildkit-certs
              name: certs
              readOnly: true
      securityContext:
        fsGroup: 1000
      volumes:
        - name: workspace
          emptyDir: {}
        - name: action
          emptyDir: {}
        - name: kontinuous-io
          emptyDir: {}
        - emptyDir: {}
          name: buildkitd
        - name: certs
          secret:
            optional: true
            secretName: buildkit-client-certs
      affinity:
        nodeAffinity:
          preferredDuringSchedulingIgnoredDuringExecution:
            - weight: 100
              preference:
                matchExpressions:
                  - key: nodepool
                    operator: In
                    values:
                      - prod-build
      tolerations:
        - key: pool
          operator: Equal
          value: ci
          effect: NoSchedule
"
`;
