// Jest Snapshot v1, https://goo.gl/fbAQLP

exports[`test build manifests with snapshots job-builds.dev 1`] = `
"apiVersion: v1
kind: Namespace
metadata:
  annotations:
    field.cattle.io/projectId: \\"1234\\"
    kontinuous/gitBranch: feature-branch-1
    kontinuous/mainNamespace: \\"true\\"
    kapp.k14s.io/exists: \\"\\"
    kontinuous/chartPath: project.fabrique.contrib.rancher-namespace
    kontinuous/source: project/charts/fabrique/charts/contrib/charts/rancher-namespace/templates/namespace.yaml
    kontinuous/deployment: test-job-builds-feature-branch-1-ffac537e6cbbf934b087-5o9wuk2u
    janitor/ttl: 7d
  labels:
    application: test-job-builds
    kontinuous/deployment: test-job-builds-feature-branch-1-ffac537e6cbbf934b087-5o9wuk2u
    kontinuous/deployment.env: test-job-builds-feature-branch-1
    kontinuous/ref: feature-branch-1
    kontinuous/gitSha: ffac537e6cbbf934b08745a378932722df287a53
    kontinuous/appVersion: ffac537e6cbbf934b08745a378932722df287a53
    kontinuous/resourceName: namespace-test-job-builds-feature-branch-1-37xy12l0
    app.kubernetes.io/manifest-managed-by: kontinuous
    app.kubernetes.io/manifest-created-by: kontinuous
  name: test-job-builds-feature-branch-1
---
apiVersion: networking.k8s.io/v1
kind: NetworkPolicy
metadata:
  name: netpol-ingress
  namespace: test-job-builds-feature-branch-1
  annotations:
    kontinuous/chartPath: project.fabrique.contrib.security-policies
    kontinuous/source: project/charts/fabrique/charts/contrib/charts/security-policies/templates/network-policy.yml
    kontinuous/deployment: test-job-builds-feature-branch-1-ffac537e6cbbf934b087-5o9wuk2u
  labels:
    kontinuous/deployment: test-job-builds-feature-branch-1-ffac537e6cbbf934b087-5o9wuk2u
    kontinuous/deployment.env: test-job-builds-feature-branch-1
    kontinuous/ref: feature-branch-1
    kontinuous/gitSha: ffac537e6cbbf934b08745a378932722df287a53
    kontinuous/appVersion: ffac537e6cbbf934b08745a378932722df287a53
    kontinuous/resourceName: networkpolicy-netpol-ingress-61ndxljw
    app.kubernetes.io/manifest-managed-by: kontinuous
    app.kubernetes.io/manifest-created-by: kontinuous
spec:
  ingress:
    - from:
        - podSelector: {}
    - from:
        - namespaceSelector:
            matchLabels:
              network-policy/source: ingress-controller
    - from:
        - namespaceSelector:
            matchLabels:
              network-policy/source: monitoring
  podSelector: {}
  policyTypes:
    - Ingress
---
apiVersion: v1
kind: ServiceAccount
metadata:
  name: default
  annotations:
    kontinuous/chartPath: project.fabrique.contrib.security-policies
    kontinuous/source: project/charts/fabrique/charts/contrib/charts/security-policies/templates/service-account.yaml
    kontinuous/deployment: test-job-builds-feature-branch-1-ffac537e6cbbf934b087-5o9wuk2u
  labels:
    kontinuous/deployment: test-job-builds-feature-branch-1-ffac537e6cbbf934b087-5o9wuk2u
    kontinuous/deployment.env: test-job-builds-feature-branch-1
    kontinuous/ref: feature-branch-1
    kontinuous/gitSha: ffac537e6cbbf934b08745a378932722df287a53
    kontinuous/appVersion: ffac537e6cbbf934b08745a378932722df287a53
    kontinuous/resourceName: serviceaccount-default-2g5dmk74
    app.kubernetes.io/manifest-managed-by: kontinuous
    app.kubernetes.io/manifest-created-by: kontinuous
  namespace: test-job-builds-feature-branch-1
automountServiceAccountToken: false
---
apiVersion: batch/v1
kind: Job
metadata:
  name: job-dev-test-job-builds-feature-branch-1-buildkit-bui-3ttx7dsa
  namespace: test-job-builds-feature-branch-1
  annotations:
    kontinuous/needsName: build-app.buildkit
    kontinuous/needsNames: '[\\"build-app\\",\\"build-app.buildkit\\",\\"build-app..buildkit\\"]'
    janitor/ttl: 7d
    kontinuous/chartPath: project.fabrique.contrib.build-app
    kontinuous/source: project/charts/fabrique/charts/contrib/charts/build-app/templates/job.yaml
    kontinuous/deployment: test-job-builds-feature-branch-1-ffac537e6cbbf934b087-5o9wuk2u
    kontinuous/depname.full: project.fabrique.contrib.build-app.job.job-dev-test-job-builds-feature-branch-1-buildkit-bui-3ttx7dsa
    kontinuous/depname.chartResource: build-app.job.job-dev-test-job-builds-feature-branch-1-buildkit-bui-3ttx7dsa
    kontinuous/depname.chartName: build-app
    kontinuous/depname.chartPath: project.fabrique.contrib.build-app
    kontinuous/depname.resourcePath: job.job-dev-test-job-builds-feature-branch-1-buildkit-bui-3ttx7dsa
    kontinuous/depname.resourceName: job-dev-test-job-builds-feature-branch-1-buildkit-bui-3ttx7dsa
    kontinuous/depname.chartNameTopFull: build-app
    kontinuous/depname.chartNameTop: build-app
    kontinuous/plugin.log: \\"true\\"
  labels:
    kontinuous/deployment: test-job-builds-feature-branch-1-ffac537e6cbbf934b087-5o9wuk2u
    kontinuous/deployment.env: test-job-builds-feature-branch-1
    kontinuous/ref: feature-branch-1
    kontinuous/gitSha: ffac537e6cbbf934b08745a378932722df287a53
    kontinuous/appVersion: ffac537e6cbbf934b08745a378932722df287a53
    kontinuous/resourceName: job-job-dev-test-job-builds-feature-branch-1-buildkit-2zv7fobo
    app.kubernetes.io/manifest-managed-by: kontinuous
    app.kubernetes.io/manifest-created-by: kontinuous
spec:
  backoffLimit: 1
  activeDeadlineSeconds: 3600
  ttlSecondsAfterFinished: 1800
  template:
    metadata:
      annotations:
        container.apparmor.security.beta.kubernetes.io/job: unconfined
        kontinuous/deployment: test-job-builds-feature-branch-1-ffac537e6cbbf934b087-5o9wuk2u
      labels:
        environment: dev
        ref: feature-branch-1
        repository: test-job-builds
        runName: build
        kontinuous/deployment: test-job-builds-feature-branch-1-ffac537e6cbbf934b087-5o9wuk2u
        kontinuous/deployment.env: test-job-builds-feature-branch-1
        kontinuous/ref: feature-branch-1
        kontinuous/gitSha: ffac537e6cbbf934b08745a378932722df287a53
        kontinuous/appVersion: ffac537e6cbbf934b08745a378932722df287a53
        kontinuous/resourceName: job-job-dev-test-job-builds-feature-branch-1-buildkit-2zv7fobo
        app.kubernetes.io/manifest-managed-by: kontinuous
        app.kubernetes.io/manifest-created-by: kontinuous
    spec:
      restartPolicy: Never
      initContainers:
        - name: degit-repository
          image: ghcr.io/socialgouv/kontinuous/degit:v1.142.2
          imagePullPolicy: IfNotPresent
          command:
            - sh
            - -c
            - |
              
              degit kontinuous/test-job-builds#feature-branch-1 \\\\
                /workspace
          securityContext:
            runAsUser: 1000
            runAsGroup: 1000
          volumeMounts:
            - name: workspace
              mountPath: /workspace
          resources:
            limits:
              cpu: 2000m
              memory: 8192Mi
            requests:
              cpu: \\"0\\"
              memory: \\"0\\"
      containers:
        - name: job
          image: moby/buildkit:v0.10.5-rootless
          imagePullPolicy: IfNotPresent
          envFrom:
            - secretRef:
                name: harbor
          env:
            - name: BUILDKITD_FLAGS
              value: --oci-worker-no-process-sandbox
            - name: KONTINUOUS_OUTPUT
              value: /kontinuous-output
            - name: KONTINUOUS_INPUT
              value: /kontinuous-input
          command:
            - /bin/sh
            - -c
            - >
              set -e

              if [ \\"\\" != \\"\\" ]; then
                export CI_REGISTRY=\\"\\"
              fi

              mkdir -p /home/user/.docker

              echo \\"{\\\\\\"auths\\\\\\":{\\\\\\"$CI_REGISTRY\\\\\\":{\\\\\\"username\\\\\\":\\\\\\"$CI_REGISTRY_USER\\\\\\",\\\\\\"password\\\\\\":\\\\\\"$CI_REGISTRY_PASSWORD\\\\\\"}}}\\" > /home/user/.docker/config.json

              export IMAGE_PATH=$CI_REGISTRY/test-job-builds/app

              export LATEST_TAG=\\"\\"

              if [ \\"false\\" = \\"true\\" ]; then
                export LATEST_TAG=\\",$IMAGE_PATH:latest\\"
              fi

              buildctl-daemonless.sh \\\\
                build \\\\
                --frontend dockerfile.v0 \\\\
                --local context=/workspace/ \\\\
                --local dockerfile=/workspace \\\\
                --opt filename=./Dockerfile \\\\
                --output type=image,\\\\\\"name=$IMAGE_PATH:sha-ffac537e6cbbf934b08745a378932722df287a53,$IMAGE_PATH:feature-branch-1$LATEST_TAG\\\\\\",push=true \\\\
                --export-cache type=inline \\\\
                --import-cache type=registry,ref=$IMAGE_PATH:feature-branch-1 \\\\
                --opt build-arg:\\"NEXT_PUBLIC_HASURA_URL=https://hasura-test-job-builds-feature-branch-1.dev.fabrique.social.gouv.fr/v1/graphql\\" \\\\
                echo \\"$IMAGE_PATH:sha-ffac537e6cbbf934b08745a378932722df287a53\\" >$KONTINUOUS_OUTPUT/IMAGE
          resources:
            limits:
              cpu: \\"2\\"
              memory: 8Gi
            requests:
              cpu: 500m
              memory: 4Gi
          securityContext:
            runAsUser: 1000
            runAsGroup: 1000
            seccompProfile:
              type: Unconfined
          volumeMounts:
            - name: workspace
              mountPath: /workspace
            - name: action
              mountPath: /action
            - name: kontinuous-io
              mountPath: /kontinuous-output
              subPath: test-job-builds-feature-branch-1-ffac537e6cbbf934b087-5o9wuk2u/build-app.build-app.buildkit
            - mountPath: /home/user/.local/share/buildkit
              name: buildkitd
      securityContext:
        fsGroup: 1000
      volumes:
        - name: workspace
          emptyDir: {}
        - name: action
          emptyDir: {}
        - name: kontinuous-io
          emptyDir: {}
        - emptyDir: {}
          name: buildkitd
---
apiVersion: batch/v1
kind: Job
metadata:
  name: job-dev-test-job-builds-feature-branch-1-buildkit-bui-vmr373ho
  namespace: test-job-builds-feature-branch-1
  annotations:
    kontinuous/needsName: build-hasura.buildkit
    kontinuous/needsNames: '[\\"build-hasura\\",\\"build-hasura.buildkit\\",\\"build-hasura..buildkit\\"]'
    janitor/ttl: 7d
    kontinuous/chartPath: project.fabrique.contrib.build-hasura
    kontinuous/source: project/charts/fabrique/charts/contrib/charts/build-hasura/templates/job.yaml
    kontinuous/deployment: test-job-builds-feature-branch-1-ffac537e6cbbf934b087-5o9wuk2u
    kontinuous/depname.full: project.fabrique.contrib.build-hasura.job.job-dev-test-job-builds-feature-branch-1-buildkit-bui-vmr373ho
    kontinuous/depname.chartResource: build-hasura.job.job-dev-test-job-builds-feature-branch-1-buildkit-bui-vmr373ho
    kontinuous/depname.chartName: build-hasura
    kontinuous/depname.chartPath: project.fabrique.contrib.build-hasura
    kontinuous/depname.resourcePath: job.job-dev-test-job-builds-feature-branch-1-buildkit-bui-vmr373ho
    kontinuous/depname.resourceName: job-dev-test-job-builds-feature-branch-1-buildkit-bui-vmr373ho
    kontinuous/depname.chartNameTopFull: build-hasura
    kontinuous/depname.chartNameTop: build-hasura
    kontinuous/plugin.log: \\"true\\"
  labels:
    kontinuous/deployment: test-job-builds-feature-branch-1-ffac537e6cbbf934b087-5o9wuk2u
    kontinuous/deployment.env: test-job-builds-feature-branch-1
    kontinuous/ref: feature-branch-1
    kontinuous/gitSha: ffac537e6cbbf934b08745a378932722df287a53
    kontinuous/appVersion: ffac537e6cbbf934b08745a378932722df287a53
    kontinuous/resourceName: job-job-dev-test-job-builds-feature-branch-1-buildkit-1nh19gtx
    app.kubernetes.io/manifest-managed-by: kontinuous
    app.kubernetes.io/manifest-created-by: kontinuous
spec:
  backoffLimit: 1
  activeDeadlineSeconds: 3600
  ttlSecondsAfterFinished: 1800
  template:
    metadata:
      annotations:
        container.apparmor.security.beta.kubernetes.io/job: unconfined
        kontinuous/deployment: test-job-builds-feature-branch-1-ffac537e6cbbf934b087-5o9wuk2u
      labels:
        environment: dev
        ref: feature-branch-1
        repository: test-job-builds
        runName: build
        kontinuous/deployment: test-job-builds-feature-branch-1-ffac537e6cbbf934b087-5o9wuk2u
        kontinuous/deployment.env: test-job-builds-feature-branch-1
        kontinuous/ref: feature-branch-1
        kontinuous/gitSha: ffac537e6cbbf934b08745a378932722df287a53
        kontinuous/appVersion: ffac537e6cbbf934b08745a378932722df287a53
        kontinuous/resourceName: job-job-dev-test-job-builds-feature-branch-1-buildkit-1nh19gtx
        app.kubernetes.io/manifest-managed-by: kontinuous
        app.kubernetes.io/manifest-created-by: kontinuous
    spec:
      restartPolicy: Never
      initContainers:
        - name: degit-repository
          image: ghcr.io/socialgouv/kontinuous/degit:v1.142.2
          imagePullPolicy: IfNotPresent
          command:
            - sh
            - -c
            - |
              
              degit kontinuous/test-job-builds#feature-branch-1 \\\\
                /workspace
          securityContext:
            runAsUser: 1000
            runAsGroup: 1000
          volumeMounts:
            - name: workspace
              mountPath: /workspace
          resources:
            limits:
              cpu: 2000m
              memory: 4096Mi
            requests:
              cpu: \\"0\\"
              memory: \\"0\\"
      containers:
        - name: job
          image: moby/buildkit:v0.10.5-rootless
          imagePullPolicy: IfNotPresent
          envFrom:
            - secretRef:
                name: harbor
          env:
            - name: BUILDKITD_FLAGS
              value: --oci-worker-no-process-sandbox
            - name: KONTINUOUS_OUTPUT
              value: /kontinuous-output
            - name: KONTINUOUS_INPUT
              value: /kontinuous-input
          command:
            - /bin/sh
            - -c
            - >
              set -e

              if [ \\"\\" != \\"\\" ]; then
                export CI_REGISTRY=\\"\\"
              fi

              mkdir -p /home/user/.docker

              echo \\"{\\\\\\"auths\\\\\\":{\\\\\\"$CI_REGISTRY\\\\\\":{\\\\\\"username\\\\\\":\\\\\\"$CI_REGISTRY_USER\\\\\\",\\\\\\"password\\\\\\":\\\\\\"$CI_REGISTRY_PASSWORD\\\\\\"}}}\\" > /home/user/.docker/config.json

              export IMAGE_PATH=$CI_REGISTRY/test-job-builds/hasura

              export LATEST_TAG=\\"\\"

              if [ \\"false\\" = \\"true\\" ]; then
                export LATEST_TAG=\\",$IMAGE_PATH:latest\\"
              fi

              buildctl-daemonless.sh \\\\
                build \\\\
                --frontend dockerfile.v0 \\\\
                --local context=/workspace//packages/hasura \\\\
                --local dockerfile=/workspace/packages/hasura \\\\
                --opt filename=./Dockerfile \\\\
                --output type=image,\\\\\\"name=$IMAGE_PATH:sha-ffac537e6cbbf934b08745a378932722df287a53,$IMAGE_PATH:feature-branch-1$LATEST_TAG\\\\\\",push=true \\\\
                --export-cache type=inline \\\\
                --import-cache type=registry,ref=$IMAGE_PATH:feature-branch-1 \\\\
                echo \\"$IMAGE_PATH:sha-ffac537e6cbbf934b08745a378932722df287a53\\" >$KONTINUOUS_OUTPUT/IMAGE
          resources:
            limits:
              cpu: \\"2\\"
              memory: 4Gi
            requests:
              cpu: 500m
              memory: 1Gi
          securityContext:
            runAsUser: 1000
            runAsGroup: 1000
            seccompProfile:
              type: Unconfined
          volumeMounts:
            - name: workspace
              mountPath: /workspace
            - name: action
              mountPath: /action
            - name: kontinuous-io
              mountPath: /kontinuous-output
              subPath: test-job-builds-feature-branch-1-ffac537e6cbbf934b087-5o9wuk2u/build-hasura.build-hasura.buildkit
            - mountPath: /home/user/.local/share/buildkit
              name: buildkitd
      securityContext:
        fsGroup: 1000
      volumes:
        - name: workspace
          emptyDir: {}
        - name: action
          emptyDir: {}
        - name: kontinuous-io
          emptyDir: {}
        - emptyDir: {}
          name: buildkitd
"
`;
