// Jest Snapshot v1, https://goo.gl/fbAQLP

exports[`test build manifests with snapshots jobs-uses-self-ref.dev 1`] = `
"apiVersion: v1
kind: Namespace
metadata:
  annotations:
    janitor/ttl: 7d
    field.cattle.io/projectId: '1234'
    kontinuous/gitBranch: feature-branch-1
    kontinuous/mainNamespace: 'true'
    kapp.k14s.io/exists: ''
    kontinuous/chartPath: project.fabrique.contrib.rancher-namespace
    kontinuous/source: >-
      project/charts/fabrique/charts/contrib/charts/rancher-namespace/templates/namespace.yaml
    kontinuous/deployment: test-jobs-uses-self-ref-feature-branch-1-ffac537e6cbbf9-2y8ey2
  labels:
    application: test-jobs-uses-self-ref
    kontinuous/deployment: test-jobs-uses-self-ref-feature-branch-1-ffac537e6cbbf9-2y8ey2
    kontinuous/deployment.env: test-jobs-uses-self-ref-feature-branch-1
    kontinuous/ref: feature-branch-1
    kontinuous/resourceName: namespace-4wnyh3
    app.kubernetes.io/manifest-managed-by: kontinuous
    app.kubernetes.io/manifest-created-by: kontinuous
  name: test-jobs-uses-self-ref-feature-branch-1
---
apiVersion: networking.k8s.io/v1
kind: NetworkPolicy
metadata:
  name: netpol-ingress
  namespace: test-jobs-uses-self-ref-feature-branch-1
  annotations:
    kontinuous/chartPath: project.fabrique.contrib.security-policies
    kontinuous/source: >-
      project/charts/fabrique/charts/contrib/charts/security-policies/templates/network-policy.yml
    kontinuous/deployment: test-jobs-uses-self-ref-feature-branch-1-ffac537e6cbbf9-2y8ey2
    kapp.k14s.io/disable-original: ''
  labels:
    kontinuous/deployment: test-jobs-uses-self-ref-feature-branch-1-ffac537e6cbbf9-2y8ey2
    kontinuous/deployment.env: test-jobs-uses-self-ref-feature-branch-1
    kontinuous/ref: feature-branch-1
    kontinuous/resourceName: networkpolicy-49u3gn-netpol-ingress
    app.kubernetes.io/manifest-managed-by: kontinuous
    app.kubernetes.io/manifest-created-by: kontinuous
spec:
  ingress:
    - from:
        - podSelector: {}
    - from:
        - namespaceSelector:
            matchLabels:
              network-policy/source: ingress-controller
    - from:
        - namespaceSelector:
            matchLabels:
              network-policy/source: monitoring
  podSelector: {}
  policyTypes:
    - Ingress
---
apiVersion: v1
kind: ServiceAccount
metadata:
  name: default
  annotations:
    kontinuous/chartPath: project.fabrique.contrib.security-policies
    kontinuous/source: >-
      project/charts/fabrique/charts/contrib/charts/security-policies/templates/service-account.yaml
    kontinuous/deployment: test-jobs-uses-self-ref-feature-branch-1-ffac537e6cbbf9-2y8ey2
    kapp.k14s.io/disable-original: ''
  labels:
    kontinuous/deployment: test-jobs-uses-self-ref-feature-branch-1-ffac537e6cbbf9-2y8ey2
    kontinuous/deployment.env: test-jobs-uses-self-ref-feature-branch-1
    kontinuous/ref: feature-branch-1
    kontinuous/resourceName: serviceaccount-4nws8p-default
    app.kubernetes.io/manifest-managed-by: kontinuous
    app.kubernetes.io/manifest-created-by: kontinuous
  namespace: test-jobs-uses-self-ref-feature-branch-1
automountServiceAccountToken: false
---
apiVersion: batch/v1
kind: Job
metadata:
  name: job-test-jobs-uses-self-ref-feature-branch-1-db-create-53d4rg
  namespace: awesome-ci
  annotations:
    kapp.k14s.io/nonce: ''
    kapp.k14s.io/update-strategy: fallback-on-replace
    kontinuous/needsName: db.create-db
    kontinuous/needsNames: '[\\"db\\",\\"db.create-db\\",\\"db..create-db\\"]'
    kontinuous/plugin.needs: '[\\"db..create-secret\\"]'
    janitor/ttl: 7d
    kontinuous/chartPath: project.fabrique.contrib.jobs
    kontinuous/source: project/charts/fabrique/charts/contrib/charts/jobs/templates/jobs.yaml
    kontinuous/deployment: test-jobs-uses-self-ref-feature-branch-1-ffac537e6cbbf9-2y8ey2
    kapp.k14s.io/disable-original: ''
    kapp.k14s.io/create-strategy: fallback-on-update
    kontinuous/depname.full: >-
      project.fabrique.contrib.jobs.job.job-test-jobs-uses-self-ref-feature-branch-1-db-create-53d4rg
    kontinuous/depname.chartResource: jobs.job.job-test-jobs-uses-self-ref-feature-branch-1-db-create-53d4rg
    kontinuous/depname.chartName: jobs
    kontinuous/depname.chartPath: project.fabrique.contrib.jobs
    kontinuous/depname.resourcePath: job.job-test-jobs-uses-self-ref-feature-branch-1-db-create-53d4rg
    kontinuous/depname.resourceName: job-test-jobs-uses-self-ref-feature-branch-1-db-create-53d4rg
    kapp.k14s.io/change-group.jobs: kontinuous/jobs
    kapp.k14s.io/change-group.project-fabrique-c-1g5tpj: kontinuous/project.fabrique.contrib.jobs
    kapp.k14s.io/change-group.project-fabrique-c-4rzxtq: kontinuous/project.fabrique.contrib.jobs.job.db.create-db
    kapp.k14s.io/change-group.project-fabrique-c-48reig: kontinuous/project.fabrique.contrib.jobs.db.create-db
    kapp.k14s.io/change-group.jobs-job-db-create-491qs8: kontinuous/jobs.job.db.create-db
    kapp.k14s.io/change-group.jobs-db-create-db-1u32xg: kontinuous/jobs.db.create-db
    kapp.k14s.io/change-group.job-db-create-db-4fqeeh: kontinuous/job.db.create-db
    kapp.k14s.io/change-group.db-create-db-1vqedp: kontinuous/db.create-db
    kapp.k14s.io/change-group.project-fabrique-c-4zmbb4: kontinuous/project.fabrique.contrib.jobs.job.db
    kapp.k14s.io/change-group.project-fabrique-c-4g7lb7: kontinuous/project.fabrique.contrib.jobs.db
    kapp.k14s.io/change-group.jobs-job-db-4pmoj8: kontinuous/jobs.job.db
    kapp.k14s.io/change-group.jobs-db-4g5hgy: kontinuous/jobs.db
    kapp.k14s.io/change-group.job-db-3np5js: kontinuous/job.db
    kapp.k14s.io/change-group.db: kontinuous/db
    kapp.k14s.io/change-group.project-fabrique-c-504l2h: kontinuous/project.fabrique.contrib.jobs.job.db..create-db
    kapp.k14s.io/change-group.project-fabrique-c-xjvvl1: kontinuous/project.fabrique.contrib.jobs.db..create-db
    kapp.k14s.io/change-group.jobs-job-db-create-4kcfqh: kontinuous/jobs.job.db..create-db
    kapp.k14s.io/change-group.jobs-db-create-db-693mcw: kontinuous/jobs.db..create-db
    kapp.k14s.io/change-group.job-db-create-db-11odv2: kontinuous/job.db..create-db
    kapp.k14s.io/change-group.db-create-db-27la6y: kontinuous/db..create-db
    kapp.k14s.io/change-rule.db-create-secret-1sm3f3: upsert after upserting kontinuous/db..create-secret
  labels:
    kontinuous/deployment: test-jobs-uses-self-ref-feature-branch-1-ffac537e6cbbf9-2y8ey2
    kontinuous/deployment.env: test-jobs-uses-self-ref-feature-branch-1
    kontinuous/ref: feature-branch-1
    kontinuous/resourceName: job-4bkfwz-job-test-jobs-uses-self-ref-feature-branch-1-63tyl5
    app.kubernetes.io/manifest-managed-by: kontinuous
    app.kubernetes.io/manifest-created-by: kontinuous
spec:
  backoffLimit: 1
  activeDeadlineSeconds: 3600
  ttlSecondsAfterFinished: 1800
  template:
    metadata:
      labels:
        environment: dev
        ref: feature-branch-1
        repository: test-jobs-uses-self-ref
        runName: create-db
        kontinuous/deployment: test-jobs-uses-self-ref-feature-branch-1-ffac537e6cbbf9-2y8ey2
        kontinuous/deployment.env: test-jobs-uses-self-ref-feature-branch-1
        kontinuous/ref: feature-branch-1
        kontinuous/resourceName: job-4bkfwz-job-test-jobs-uses-self-ref-feature-branch-1-63tyl5
        app.kubernetes.io/manifest-managed-by: kontinuous
        app.kubernetes.io/manifest-created-by: kontinuous
      annotations:
        kontinuous/deployment: test-jobs-uses-self-ref-feature-branch-1-ffac537e6cbbf9-2y8ey2
    spec:
      restartPolicy: Never
      initContainers:
        - name: degit-action
          image: ghcr.io/socialgouv/kontinuous/degit:v1.95.12
          command:
            - sh
            - '-c'
            - degit socialgouv/kontinuous/plugins/contrib/jobs/create-db /action
          securityContext:
            runAsUser: 1000
            runAsGroup: 1000
          volumeMounts:
            - name: action
              mountPath: /action
          resources:
            limits:
              cpu: 100m
              memory: 256Mi
            requests:
              cpu: 10m
              memory: 64Mi
      containers:
        - name: job
          image: ghcr.io/socialgouv/docker/psql:6.70.0
          imagePullPolicy: IfNotPresent
          envFrom:
            - secretRef:
                name: pg-scaleway
          env:
            - name: NEW_DB_NAME
              value: autodevops_feature-branch-1
            - name: NEW_USER
              valueFrom:
                secretKeyRef:
                  key: PGUSER
                  name: pg-user-feature-branch-1
            - name: NEW_PASSWORD
              valueFrom:
                secretKeyRef:
                  key: PGPASSWORD
                  name: pg-user-feature-branch-1
            - name: PGHOST
              valueFrom:
                secretKeyRef:
                  key: PGHOST
                  name: pg-user-feature-branch-1
            - name: PGPORT
              valueFrom:
                secretKeyRef:
                  key: PGPORT
                  name: pg-user-feature-branch-1
            - name: PGSSLMODE
              valueFrom:
                secretKeyRef:
                  key: PGSSLMODE
                  name: pg-user-feature-branch-1
            - name: NEW_DB_EXTENSIONS
              value: hstore pgcrypto citext uuid-ossp postgis pg_trgm unaccent
          command:
            - /bin/bash
            - '-c'
            - |
              set -e
              /action/ensure-db.sh
          resources:
            limits:
              cpu: 1
              memory: 512Mi
            requests:
              cpu: 100m
              memory: 128Mi
          securityContext:
            runAsUser: 1000
            runAsGroup: 1000
          volumeMounts:
            - name: workspace
              mountPath: /workspace
            - name: action
              mountPath: /action
      securityContext:
        fsGroup: 1000
      volumes:
        - name: workspace
          emptyDir: {}
        - name: action
          emptyDir: {}
---
apiVersion: batch/v1
kind: Job
metadata:
  name: job-test-jobs-uses-self-ref-feature-branch-1-db-create-2oa7d4
  namespace: awesome-ci
  annotations:
    kapp.k14s.io/nonce: ''
    kapp.k14s.io/update-strategy: fallback-on-replace
    kontinuous/needsName: db.create-secret
    kontinuous/needsNames: '[\\"db\\",\\"db.create-secret\\",\\"db..create-secret\\"]'
    janitor/ttl: 7d
    kontinuous/chartPath: project.fabrique.contrib.jobs
    kontinuous/source: project/charts/fabrique/charts/contrib/charts/jobs/templates/jobs.yaml
    kontinuous/deployment: test-jobs-uses-self-ref-feature-branch-1-ffac537e6cbbf9-2y8ey2
    kapp.k14s.io/disable-original: ''
    kapp.k14s.io/create-strategy: fallback-on-update
    kontinuous/depname.full: >-
      project.fabrique.contrib.jobs.job.job-test-jobs-uses-self-ref-feature-branch-1-db-create-2oa7d4
    kontinuous/depname.chartResource: jobs.job.job-test-jobs-uses-self-ref-feature-branch-1-db-create-2oa7d4
    kontinuous/depname.chartName: jobs
    kontinuous/depname.chartPath: project.fabrique.contrib.jobs
    kontinuous/depname.resourcePath: job.job-test-jobs-uses-self-ref-feature-branch-1-db-create-2oa7d4
    kontinuous/depname.resourceName: job-test-jobs-uses-self-ref-feature-branch-1-db-create-2oa7d4
    kapp.k14s.io/change-group.jobs: kontinuous/jobs
    kapp.k14s.io/change-group.project-fabrique-c-1g5tpj: kontinuous/project.fabrique.contrib.jobs
    kapp.k14s.io/change-group.project-fabrique-c-4zmbb4: kontinuous/project.fabrique.contrib.jobs.job.db
    kapp.k14s.io/change-group.project-fabrique-c-4g7lb7: kontinuous/project.fabrique.contrib.jobs.db
    kapp.k14s.io/change-group.jobs-job-db-4pmoj8: kontinuous/jobs.job.db
    kapp.k14s.io/change-group.jobs-db-4g5hgy: kontinuous/jobs.db
    kapp.k14s.io/change-group.job-db-3np5js: kontinuous/job.db
    kapp.k14s.io/change-group.db: kontinuous/db
    kapp.k14s.io/change-group.project-fabrique-c-2nbhfr: kontinuous/project.fabrique.contrib.jobs.job.db.create-secret
    kapp.k14s.io/change-group.project-fabrique-c-5n582s: kontinuous/project.fabrique.contrib.jobs.db.create-secret
    kapp.k14s.io/change-group.jobs-job-db-create-5vxbl6: kontinuous/jobs.job.db.create-secret
    kapp.k14s.io/change-group.jobs-db-create-sec-155nuu: kontinuous/jobs.db.create-secret
    kapp.k14s.io/change-group.job-db-create-secr-36xbgm: kontinuous/job.db.create-secret
    kapp.k14s.io/change-group.db-create-secret-6a711z: kontinuous/db.create-secret
    kapp.k14s.io/change-group.project-fabrique-c-6bhrzw: kontinuous/project.fabrique.contrib.jobs.job.db..create-secret
    kapp.k14s.io/change-group.project-fabrique-c-3lt4hb: kontinuous/project.fabrique.contrib.jobs.db..create-secret
    kapp.k14s.io/change-group.jobs-job-db-create-3c6mqu: kontinuous/jobs.job.db..create-secret
    kapp.k14s.io/change-group.jobs-db-create-sec-4e7e29: kontinuous/jobs.db..create-secret
    kapp.k14s.io/change-group.job-db-create-secr-yqquct: kontinuous/job.db..create-secret
    kapp.k14s.io/change-group.db-create-secret-1sm3f3: kontinuous/db..create-secret
  labels:
    kontinuous/deployment: test-jobs-uses-self-ref-feature-branch-1-ffac537e6cbbf9-2y8ey2
    kontinuous/deployment.env: test-jobs-uses-self-ref-feature-branch-1
    kontinuous/ref: feature-branch-1
    kontinuous/resourceName: job-4bkfwz-job-test-jobs-uses-self-ref-feature-branch-1-1jp7w3
    app.kubernetes.io/manifest-managed-by: kontinuous
    app.kubernetes.io/manifest-created-by: kontinuous
spec:
  backoffLimit: 1
  activeDeadlineSeconds: 3600
  ttlSecondsAfterFinished: 1800
  template:
    metadata:
      labels:
        environment: dev
        ref: feature-branch-1
        repository: test-jobs-uses-self-ref
        runName: create-db
        kontinuous/deployment: test-jobs-uses-self-ref-feature-branch-1-ffac537e6cbbf9-2y8ey2
        kontinuous/deployment.env: test-jobs-uses-self-ref-feature-branch-1
        kontinuous/ref: feature-branch-1
        kontinuous/resourceName: job-4bkfwz-job-test-jobs-uses-self-ref-feature-branch-1-1jp7w3
        app.kubernetes.io/manifest-managed-by: kontinuous
        app.kubernetes.io/manifest-created-by: kontinuous
      annotations:
        kontinuous/deployment: test-jobs-uses-self-ref-feature-branch-1-ffac537e6cbbf9-2y8ey2
    spec:
      restartPolicy: Never
      initContainers:
        - name: degit-action
          image: ghcr.io/socialgouv/kontinuous/degit:v1.95.12
          command:
            - sh
            - '-c'
            - degit socialgouv/kontinuous/plugins/contrib/jobs/create-db /action
          securityContext:
            runAsUser: 1000
            runAsGroup: 1000
          volumeMounts:
            - name: action
              mountPath: /action
          resources:
            limits:
              cpu: 100m
              memory: 256Mi
            requests:
              cpu: 10m
              memory: 64Mi
      containers:
        - name: job
          image: bitnami/kubectl:latest
          imagePullPolicy: IfNotPresent
          envFrom:
            - secretRef:
                name: pg-scaleway
            - secretRef:
                name: kubeconfig
          env:
            - name: USE_AZURE_FLEX
              value: 'false'
            - name: DB_SECRET_NAME
              value: pg-user-feature-branch-1
            - name: JOB_NAMESPACE
              value: awesome-ci
            - name: NAMESPACE
              value: test-jobs-uses-self-ref-feature-branch-1
            - name: PGDATABASE
              value: autodevops_feature-branch-1
            - name: PGUSER
              value: user_feature-branch-1
            - name: SECRET_TTL
              value: 24h
          command:
            - /bin/bash
            - '-c'
            - |
              set -e
              /action/create-secret.sh
          resources:
            limits:
              cpu: 1
              memory: 512Mi
            requests:
              cpu: 100m
              memory: 128Mi
          securityContext:
            runAsUser: 1001
            runAsGroup: 1001
          volumeMounts:
            - name: workspace
              mountPath: /workspace
            - name: action
              mountPath: /action
      securityContext:
        fsGroup: 1001
      volumes:
        - name: workspace
          emptyDir: {}
        - name: action
          emptyDir: {}
---
apiVersion: kapp.k14s.io/v1alpha1
kind: Config
rebaseRules:
  - path:
      - metadata
      - annotations
      - field.cattle.io/publicEndpoints
    type: copy
    sources:
      - existing
      - new
    resourceMatchers:
      - apiVersionKindMatcher:
          apiVersion: apps/v1
          kind: Deployment
metadata:
  annotations:
    kontinuous/chartPath: project.fabrique.contrib.rancher-namespace
    kontinuous/source: >-
      project/charts/fabrique/charts/contrib/charts/rancher-namespace/templates/config.kapp.yaml
"
`;
