// Jest Snapshot v1, https://goo.gl/fbAQLP

exports[`test build manifests with snapshots jobs-runs-map.dev 1`] = `
"apiVersion: v1
kind: Namespace
metadata:
  annotations:
    field.cattle.io/projectId: \\"1234\\"
    kontinuous/gitBranch: feature-branch-1
    kontinuous/mainNamespace: \\"true\\"
    kapp.k14s.io/exists: \\"\\"
    kontinuous/chartPath: project.fabrique.contrib.rancher-namespace
    kontinuous/source: project/charts/fabrique/charts/contrib/charts/rancher-namespace/templates/namespace.yaml
    kontinuous/deployment: test-jobs-runs-map-feature-branch-1-ffac537e6cbbf934b-4ym7izxq
  labels:
    application: test-jobs-runs-map
    kontinuous/deployment: test-jobs-runs-map-feature-branch-1-ffac537e6cbbf934b-4ym7izxq
    kontinuous/deployment.env: test-jobs-runs-map-feature-branch-1
    kontinuous/ref: feature-branch-1
    kontinuous/gitSha: ffac537e6cbbf934b08745a378932722df287a53
    kontinuous/appVersion: ffac537e6cbbf934b08745a378932722df287a53
    kontinuous/resourceName: namespace-test-jobs-runs-map-feature-branch-1-12xtq6um
    app.kubernetes.io/manifest-managed-by: kontinuous
    app.kubernetes.io/manifest-created-by: kontinuous
  name: test-jobs-runs-map-feature-branch-1
---
apiVersion: networking.k8s.io/v1
kind: NetworkPolicy
metadata:
  name: netpol-ingress
  namespace: test-jobs-runs-map-feature-branch-1
  annotations:
    kontinuous/chartPath: project.fabrique.contrib.security-policies
    kontinuous/source: project/charts/fabrique/charts/contrib/charts/security-policies/templates/network-policy.yml
    kontinuous/deployment: test-jobs-runs-map-feature-branch-1-ffac537e6cbbf934b-4ym7izxq
  labels:
    kontinuous/deployment: test-jobs-runs-map-feature-branch-1-ffac537e6cbbf934b-4ym7izxq
    kontinuous/deployment.env: test-jobs-runs-map-feature-branch-1
    kontinuous/ref: feature-branch-1
    kontinuous/gitSha: ffac537e6cbbf934b08745a378932722df287a53
    kontinuous/appVersion: ffac537e6cbbf934b08745a378932722df287a53
    kontinuous/resourceName: networkpolicy-netpol-ingress-61ndxljw
    app.kubernetes.io/manifest-managed-by: kontinuous
    app.kubernetes.io/manifest-created-by: kontinuous
spec:
  ingress:
    - from:
        - podSelector: {}
    - from:
        - namespaceSelector:
            matchLabels:
              network-policy/source: ingress-controller
    - from:
        - namespaceSelector:
            matchLabels:
              network-policy/source: monitoring
  podSelector: {}
  policyTypes:
    - Ingress
---
apiVersion: v1
kind: ServiceAccount
metadata:
  name: default
  annotations:
    kontinuous/chartPath: project.fabrique.contrib.security-policies
    kontinuous/source: project/charts/fabrique/charts/contrib/charts/security-policies/templates/service-account.yaml
    kontinuous/deployment: test-jobs-runs-map-feature-branch-1-ffac537e6cbbf934b-4ym7izxq
  labels:
    kontinuous/deployment: test-jobs-runs-map-feature-branch-1-ffac537e6cbbf934b-4ym7izxq
    kontinuous/deployment.env: test-jobs-runs-map-feature-branch-1
    kontinuous/ref: feature-branch-1
    kontinuous/gitSha: ffac537e6cbbf934b08745a378932722df287a53
    kontinuous/appVersion: ffac537e6cbbf934b08745a378932722df287a53
    kontinuous/resourceName: serviceaccount-default-2g5dmk74
    app.kubernetes.io/manifest-managed-by: kontinuous
    app.kubernetes.io/manifest-created-by: kontinuous
  namespace: test-jobs-runs-map-feature-branch-1
automountServiceAccountToken: false
---
apiVersion: batch/v1
kind: Job
metadata:
  name: job-dev-test-jobs-runs-map-feature-branch-1-create-db-1wgy26kx
  namespace: test-jobs-runs-map-feature-branch-1
  annotations:
    kontinuous/needsName: db.create-db
    kontinuous/needsNames: '[\\"db\\",\\"db.create-db\\",\\"db..create-db\\"]'
    kontinuous/plugin.needs: '[\\"db..create-secret\\"]'
    kontinuous/chartPath: project.fabrique.contrib.jobs
    kontinuous/source: project/charts/fabrique/charts/contrib/charts/jobs/templates/jobs.yaml
    kontinuous/deployment: test-jobs-runs-map-feature-branch-1-ffac537e6cbbf934b-4ym7izxq
    kontinuous/depname.full: project.fabrique.contrib.jobs.job.job-dev-test-jobs-runs-map-feature-branch-1-create-db-1wgy26kx
    kontinuous/depname.chartResource: jobs.job.job-dev-test-jobs-runs-map-feature-branch-1-create-db-1wgy26kx
    kontinuous/depname.chartName: jobs
    kontinuous/depname.chartPath: project.fabrique.contrib.jobs
    kontinuous/depname.resourcePath: job.job-dev-test-jobs-runs-map-feature-branch-1-create-db-1wgy26kx
    kontinuous/depname.resourceName: job-dev-test-jobs-runs-map-feature-branch-1-create-db-1wgy26kx
    kontinuous/depname.chartNameTopFull: jobs
    kontinuous/depname.chartNameTop: jobs
    kontinuous/plugin.log: \\"true\\"
  labels:
    kontinuous/deployment: test-jobs-runs-map-feature-branch-1-ffac537e6cbbf934b-4ym7izxq
    kontinuous/deployment.env: test-jobs-runs-map-feature-branch-1
    kontinuous/ref: feature-branch-1
    kontinuous/gitSha: ffac537e6cbbf934b08745a378932722df287a53
    kontinuous/appVersion: ffac537e6cbbf934b08745a378932722df287a53
    kontinuous/resourceName: job-job-dev-test-jobs-runs-map-feature-branch-1-creat-2zpn5kes
    app.kubernetes.io/manifest-managed-by: kontinuous
    app.kubernetes.io/manifest-created-by: kontinuous
spec:
  backoffLimit: 3
  activeDeadlineSeconds: 3600
  ttlSecondsAfterFinished: 1800
  template:
    metadata:
      labels:
        environment: dev
        ref: feature-branch-1
        repository: test-jobs-runs-map
        runName: create-db
        kontinuous/deployment: test-jobs-runs-map-feature-branch-1-ffac537e6cbbf934b-4ym7izxq
        kontinuous/deployment.env: test-jobs-runs-map-feature-branch-1
        kontinuous/ref: feature-branch-1
        kontinuous/gitSha: ffac537e6cbbf934b08745a378932722df287a53
        kontinuous/appVersion: ffac537e6cbbf934b08745a378932722df287a53
        kontinuous/resourceName: job-job-dev-test-jobs-runs-map-feature-branch-1-creat-2zpn5kes
        app.kubernetes.io/manifest-managed-by: kontinuous
        app.kubernetes.io/manifest-created-by: kontinuous
      annotations:
        kontinuous/deployment: test-jobs-runs-map-feature-branch-1-ffac537e6cbbf934b-4ym7izxq
    spec:
      restartPolicy: Never
      initContainers:
        - name: degit-action
          image: ghcr.io/socialgouv/kontinuous/degit:v1.182.1
          command:
            - sh
            - -c
            - degit --disable-cache
              socialgouv/kontinuous/plugins/contrib/jobs/create-db /action
          securityContext:
            runAsUser: 1000
            runAsGroup: 1000
          volumeMounts:
            - name: action
              mountPath: /action
          resources:
            limits:
              cpu: 200m
              memory: 100Mi
            requests:
              cpu: 64m
              memory: 32Mi
      containers:
        - name: job
          image: ghcr.io/socialgouv/docker/psql:6.70.0
          imagePullPolicy: IfNotPresent
          envFrom:
            - secretRef:
                name: pg-admin-user
          env:
            - name: NEW_DB_NAME
              value: autodevops_feature-branch-1
            - name: NEW_USER
              valueFrom:
                secretKeyRef:
                  key: PGUSER
                  name: pg-user
            - name: NEW_PASSWORD
              valueFrom:
                secretKeyRef:
                  key: PGPASSWORD
                  name: pg-user
            - name: PGHOST
              valueFrom:
                secretKeyRef:
                  key: PGHOST
                  name: pg-user
            - name: PGPORT
              valueFrom:
                secretKeyRef:
                  key: PGPORT
                  name: pg-user
            - name: PGSSLMODE
              valueFrom:
                secretKeyRef:
                  key: PGSSLMODE
                  name: pg-user
            - name: NEW_DB_EXTENSIONS
              value: hstore pgcrypto citext uuid-ossp postgis pg_trgm unaccent
            - name: KONTINUOUS_OUTPUT
              value: /kontinuous-output
            - name: KONTINUOUS_INPUT
              value: /kontinuous-input
          command:
            - /bin/bash
            - -c
            - |
              set -e
              /action/ensure-db.sh
          resources:
            limits:
              cpu: \\"3\\"
              memory: 1Gi
            requests:
              cpu: 64m
              memory: 32Mi
          securityContext:
            runAsUser: 1000
            runAsGroup: 1000
          volumeMounts:
            - name: workspace
              mountPath: /workspace
            - name: action
              mountPath: /action
            - name: kontinuous-io
              mountPath: /kontinuous-output
              subPath: test-jobs-runs-map-feature-branch-1-ffac537e6cbbf934b-4ym7izxq/jobs.db.create-db
      securityContext:
        fsGroup: 1000
      volumes:
        - name: workspace
          emptyDir: {}
        - name: action
          emptyDir: {}
        - name: kontinuous-io
          emptyDir: {}
      affinity:
        nodeAffinity:
          preferredDuringSchedulingIgnoredDuringExecution:
            - weight: 100
              preference:
                matchExpressions:
                  - key: nodepool
                    operator: In
                    values:
                      - prod-build
      tolerations:
        - key: pool
          operator: Equal
          value: ci
          effect: NoSchedule
---
apiVersion: batch/v1
kind: Job
metadata:
  name: job-dev-test-jobs-runs-map-feature-branch-1-create-se-3etk0k61
  namespace: test-jobs-runs-map-feature-branch-1
  annotations:
    kontinuous/needsName: db.create-secret
    kontinuous/needsNames: '[\\"db\\",\\"db.create-secret\\",\\"db..create-secret\\"]'
    kontinuous/chartPath: project.fabrique.contrib.jobs
    kontinuous/source: project/charts/fabrique/charts/contrib/charts/jobs/templates/jobs.yaml
    kontinuous/deployment: test-jobs-runs-map-feature-branch-1-ffac537e6cbbf934b-4ym7izxq
    kontinuous/depname.full: project.fabrique.contrib.jobs.job.job-dev-test-jobs-runs-map-feature-branch-1-create-se-3etk0k61
    kontinuous/depname.chartResource: jobs.job.job-dev-test-jobs-runs-map-feature-branch-1-create-se-3etk0k61
    kontinuous/depname.chartName: jobs
    kontinuous/depname.chartPath: project.fabrique.contrib.jobs
    kontinuous/depname.resourcePath: job.job-dev-test-jobs-runs-map-feature-branch-1-create-se-3etk0k61
    kontinuous/depname.resourceName: job-dev-test-jobs-runs-map-feature-branch-1-create-se-3etk0k61
    kontinuous/depname.chartNameTopFull: jobs
    kontinuous/depname.chartNameTop: jobs
    kontinuous/plugin.log: \\"true\\"
  labels:
    kontinuous/deployment: test-jobs-runs-map-feature-branch-1-ffac537e6cbbf934b-4ym7izxq
    kontinuous/deployment.env: test-jobs-runs-map-feature-branch-1
    kontinuous/ref: feature-branch-1
    kontinuous/gitSha: ffac537e6cbbf934b08745a378932722df287a53
    kontinuous/appVersion: ffac537e6cbbf934b08745a378932722df287a53
    kontinuous/resourceName: job-job-dev-test-jobs-runs-map-feature-branch-1-creat-4oa4as2j
    app.kubernetes.io/manifest-managed-by: kontinuous
    app.kubernetes.io/manifest-created-by: kontinuous
spec:
  backoffLimit: 6
  activeDeadlineSeconds: 3600
  ttlSecondsAfterFinished: 1800
  template:
    metadata:
      labels:
        environment: dev
        ref: feature-branch-1
        repository: test-jobs-runs-map
        runName: create-db
        kontinuous/deployment: test-jobs-runs-map-feature-branch-1-ffac537e6cbbf934b-4ym7izxq
        kontinuous/deployment.env: test-jobs-runs-map-feature-branch-1
        kontinuous/ref: feature-branch-1
        kontinuous/gitSha: ffac537e6cbbf934b08745a378932722df287a53
        kontinuous/appVersion: ffac537e6cbbf934b08745a378932722df287a53
        kontinuous/resourceName: job-job-dev-test-jobs-runs-map-feature-branch-1-creat-4oa4as2j
        app.kubernetes.io/manifest-managed-by: kontinuous
        app.kubernetes.io/manifest-created-by: kontinuous
      annotations:
        kontinuous/deployment: test-jobs-runs-map-feature-branch-1-ffac537e6cbbf934b-4ym7izxq
    spec:
      restartPolicy: Never
      initContainers:
        - name: degit-action
          image: ghcr.io/socialgouv/kontinuous/degit:v1.182.1
          command:
            - sh
            - -c
            - degit --disable-cache
              socialgouv/kontinuous/plugins/contrib/jobs/create-db /action
          securityContext:
            runAsUser: 1000
            runAsGroup: 1000
          volumeMounts:
            - name: action
              mountPath: /action
          resources:
            limits:
              cpu: 200m
              memory: 100Mi
            requests:
              cpu: 64m
              memory: 32Mi
      containers:
        - name: job
          image: bitnami/kubectl:latest
          imagePullPolicy: IfNotPresent
          envFrom:
            - secretRef:
                name: pg-admin-user
          env:
            - name: USE_AZURE_FLEX
              value: \\"false\\"
            - name: DB_SECRET_NAME
              value: pg-user
            - name: JOB_NAMESPACE
              value: test-jobs-runs-map-feature-branch-1
            - name: NAMESPACE
              value: test-jobs-runs-map-feature-branch-1
            - name: PGDATABASE
              value: autodevops_feature-branch-1
            - name: PGUSER
              value: user_feature-branch-1
            - name: SECRET_TTL
              value: 24h
            - name: KUBECONFIG
              value: /secrets/k8s/kubeconfig
            - name: KONTINUOUS_OUTPUT
              value: /kontinuous-output
            - name: KONTINUOUS_INPUT
              value: /kontinuous-input
          command:
            - /bin/bash
            - -c
            - |
              set -e
              /action/create-secret.sh
          resources:
            limits:
              cpu: \\"3\\"
              memory: 1Gi
            requests:
              cpu: 64m
              memory: 32Mi
          securityContext:
            runAsUser: 1001
            runAsGroup: 1001
          volumeMounts:
            - name: workspace
              mountPath: /workspace
            - name: action
              mountPath: /action
            - name: kubeconfig
              mountPath: /secrets/k8s
              readOnly: true
            - name: kontinuous-io
              mountPath: /kontinuous-output
              subPath: test-jobs-runs-map-feature-branch-1-ffac537e6cbbf934b-4ym7izxq/jobs.db.create-secret
      securityContext:
        fsGroup: 1001
      volumes:
        - name: workspace
          emptyDir: {}
        - name: action
          emptyDir: {}
        - name: kubeconfig
          secret:
            secretName: kubeconfig
            items:
              - key: KUBECONFIG
                path: kubeconfig
        - name: kontinuous-io
          emptyDir: {}
      affinity:
        nodeAffinity:
          preferredDuringSchedulingIgnoredDuringExecution:
            - weight: 100
              preference:
                matchExpressions:
                  - key: nodepool
                    operator: In
                    values:
                      - prod-build
      tolerations:
        - key: pool
          operator: Equal
          value: ci
          effect: NoSchedule
"
`;
