// Jest Snapshot v1, https://goo.gl/fbAQLP

exports[`test build manifests with snapshots jobs-seed-sql.dev 1`] = `
"apiVersion: v1
kind: Namespace
metadata:
  annotations:
    janitor/ttl: 7d
    field.cattle.io/projectId: '1234'
    kontinuous/gitBranch: feature-branch-1
    kontinuous/mainNamespace: 'true'
    kapp.k14s.io/exists: ''
    kontinuous/chartPath: project.fabrique.contrib.rancher-namespace
    kontinuous/source: >-
      project/charts/fabrique/charts/contrib/charts/rancher-namespace/templates/namespace.yaml
    kontinuous/deployment: test-jobs-seed-sql-feature-branch-1-ffac537e6cbbf934b08-c29nbt
  labels:
    application: test-jobs-seed-sql
    kontinuous/deployment: test-jobs-seed-sql-feature-branch-1-ffac537e6cbbf934b08-c29nbt
    kontinuous/deployment.env: test-jobs-seed-sql-feature-branch-1
    kontinuous/ref: feature-branch-1
    kontinuous/gitSha: ffac537e6cbbf934b08745a378932722df287a53
    kontinuous/appVersion: ffac537e6cbbf934b08745a378932722df287a53
    kontinuous/resourceName: namespace-4wnyh3
    app.kubernetes.io/manifest-managed-by: kontinuous
    app.kubernetes.io/manifest-created-by: kontinuous
    cert: wildcard
  name: test-jobs-seed-sql-feature-branch-1
---
apiVersion: networking.k8s.io/v1
kind: NetworkPolicy
metadata:
  name: netpol-ingress
  namespace: test-jobs-seed-sql-feature-branch-1
  annotations:
    kontinuous/chartPath: project.fabrique.contrib.security-policies
    kontinuous/source: >-
      project/charts/fabrique/charts/contrib/charts/security-policies/templates/network-policy.yml
    kontinuous/deployment: test-jobs-seed-sql-feature-branch-1-ffac537e6cbbf934b08-c29nbt
  labels:
    kontinuous/deployment: test-jobs-seed-sql-feature-branch-1-ffac537e6cbbf934b08-c29nbt
    kontinuous/deployment.env: test-jobs-seed-sql-feature-branch-1
    kontinuous/ref: feature-branch-1
    kontinuous/gitSha: ffac537e6cbbf934b08745a378932722df287a53
    kontinuous/appVersion: ffac537e6cbbf934b08745a378932722df287a53
    kontinuous/resourceName: networkpolicy-49u3gn-netpol-ingress
    app.kubernetes.io/manifest-managed-by: kontinuous
    app.kubernetes.io/manifest-created-by: kontinuous
spec:
  ingress:
    - from:
        - podSelector: {}
    - from:
        - namespaceSelector:
            matchLabels:
              network-policy/source: ingress-controller
    - from:
        - namespaceSelector:
            matchLabels:
              network-policy/source: monitoring
  podSelector: {}
  policyTypes:
    - Ingress
---
apiVersion: v1
kind: ServiceAccount
metadata:
  name: default
  annotations:
    kontinuous/chartPath: project.fabrique.contrib.security-policies
    kontinuous/source: >-
      project/charts/fabrique/charts/contrib/charts/security-policies/templates/service-account.yaml
    kontinuous/deployment: test-jobs-seed-sql-feature-branch-1-ffac537e6cbbf934b08-c29nbt
  labels:
    kontinuous/deployment: test-jobs-seed-sql-feature-branch-1-ffac537e6cbbf934b08-c29nbt
    kontinuous/deployment.env: test-jobs-seed-sql-feature-branch-1
    kontinuous/ref: feature-branch-1
    kontinuous/gitSha: ffac537e6cbbf934b08745a378932722df287a53
    kontinuous/appVersion: ffac537e6cbbf934b08745a378932722df287a53
    kontinuous/resourceName: serviceaccount-4nws8p-default
    app.kubernetes.io/manifest-managed-by: kontinuous
    app.kubernetes.io/manifest-created-by: kontinuous
  namespace: test-jobs-seed-sql-feature-branch-1
automountServiceAccountToken: false
---
apiVersion: batch/v1
kind: Job
metadata:
  name: job-test-jobs-seed-sql-feature-branch-1-db-create-db-13oc8a
  namespace: awesome-ci
  annotations:
    kapp.k14s.io/nonce: ''
    kapp.k14s.io/update-strategy: fallback-on-replace
    kontinuous/needsName: db.create-db
    kontinuous/needsNames: '[\\"db\\",\\"db.create-db\\",\\"db..create-db\\"]'
    kontinuous/plugin.needs: '[\\"db..create-secret\\"]'
    janitor/ttl: 7d
    kontinuous/chartPath: project.fabrique.contrib.jobs
    kontinuous/source: project/charts/fabrique/charts/contrib/charts/jobs/templates/jobs.yaml
    kontinuous/deployment: test-jobs-seed-sql-feature-branch-1-ffac537e6cbbf934b08-c29nbt
    kontinuous/depname.full: >-
      project.fabrique.contrib.jobs.job.job-test-jobs-seed-sql-feature-branch-1-db-create-db-13oc8a
    kontinuous/depname.chartResource: jobs.job.job-test-jobs-seed-sql-feature-branch-1-db-create-db-13oc8a
    kontinuous/depname.chartName: jobs
    kontinuous/depname.chartPath: project.fabrique.contrib.jobs
    kontinuous/depname.resourcePath: job.job-test-jobs-seed-sql-feature-branch-1-db-create-db-13oc8a
    kontinuous/depname.resourceName: job-test-jobs-seed-sql-feature-branch-1-db-create-db-13oc8a
  labels:
    kontinuous/deployment: test-jobs-seed-sql-feature-branch-1-ffac537e6cbbf934b08-c29nbt
    kontinuous/deployment.env: test-jobs-seed-sql-feature-branch-1
    kontinuous/ref: feature-branch-1
    kontinuous/gitSha: ffac537e6cbbf934b08745a378932722df287a53
    kontinuous/appVersion: ffac537e6cbbf934b08745a378932722df287a53
    kontinuous/resourceName: job-4bkfwz-job-test-jobs-seed-sql-feature-branch-1-db-c-2zhptc
    app.kubernetes.io/manifest-managed-by: kontinuous
    app.kubernetes.io/manifest-created-by: kontinuous
spec:
  backoffLimit: 1
  activeDeadlineSeconds: 3600
  ttlSecondsAfterFinished: 1800
  template:
    metadata:
      labels:
        environment: dev
        ref: feature-branch-1
        repository: test-jobs-seed-sql
        runName: create-db
        kontinuous/deployment: test-jobs-seed-sql-feature-branch-1-ffac537e6cbbf934b08-c29nbt
        kontinuous/deployment.env: test-jobs-seed-sql-feature-branch-1
        kontinuous/ref: feature-branch-1
        kontinuous/gitSha: ffac537e6cbbf934b08745a378932722df287a53
        kontinuous/appVersion: ffac537e6cbbf934b08745a378932722df287a53
        kontinuous/resourceName: job-4bkfwz-job-test-jobs-seed-sql-feature-branch-1-db-c-2zhptc
        app.kubernetes.io/manifest-managed-by: kontinuous
        app.kubernetes.io/manifest-created-by: kontinuous
      annotations:
        kontinuous/deployment: test-jobs-seed-sql-feature-branch-1-ffac537e6cbbf934b08-c29nbt
    spec:
      restartPolicy: Never
      initContainers:
        - name: kontinuous-wait-needs
          image: ghcr.io/socialgouv/kontinuous/wait-needs:v1.101.1
          env:
            - name: WAIT_NEEDS_ANNOTATIONS_REF
              value: >-
                awesome-ci/Job/job-test-jobs-seed-sql-feature-branch-1-db-create-db-13oc8a
            - name: WAIT_NEEDS
              value: >-
                [{\\"namespace\\":\\"awesome-ci\\",\\"kind\\":\\"Job\\",\\"name\\":\\"job-test-jobs-seed-sql-feature-branch-1-db-create-secret-3ea5t8\\",\\"selectors\\":{\\"kontinuous/resourceName\\":\\"job-4bkfwz-job-test-jobs-seed-sql-feature-branch-1-db-c-3j6a6s\\"},\\"needOnce\\":true}]
            - name: KUBECONFIG
              value: /secrets/kubeconfig
            - name: SURVIVE_ON_BROKEN_CLUSTER
              value: 'true'
          volumeMounts:
            - name: kontinuous-wait-needs-kubeconfig
              mountPath: /secrets
          imagePullPolicy: Always
        - name: degit-action
          image: ghcr.io/socialgouv/kontinuous/degit:v1.101.1
          command:
            - sh
            - '-c'
            - degit socialgouv/kontinuous/plugins/contrib/jobs/create-db /action
          securityContext:
            runAsUser: 1000
            runAsGroup: 1000
          volumeMounts:
            - name: action
              mountPath: /action
          resources:
            limits:
              cpu: 100m
              memory: 256Mi
            requests:
              cpu: 10m
              memory: 64Mi
      containers:
        - name: job
          image: ghcr.io/socialgouv/docker/psql:6.70.0
          imagePullPolicy: IfNotPresent
          envFrom:
            - secretRef:
                name: azure-pg-admin-user
          env:
            - name: NEW_DB_NAME
              value: autodevops_feature-branch-1
            - name: NEW_USER
              valueFrom:
                secretKeyRef:
                  key: PGUSER
                  name: pg-user-feature-branch-1
            - name: NEW_PASSWORD
              valueFrom:
                secretKeyRef:
                  key: PGPASSWORD
                  name: pg-user-feature-branch-1
            - name: PGHOST
              valueFrom:
                secretKeyRef:
                  key: PGHOST
                  name: pg-user-feature-branch-1
            - name: PGPORT
              valueFrom:
                secretKeyRef:
                  key: PGPORT
                  name: pg-user-feature-branch-1
            - name: PGSSLMODE
              valueFrom:
                secretKeyRef:
                  key: PGSSLMODE
                  name: pg-user-feature-branch-1
            - name: NEW_DB_EXTENSIONS
              value: hstore pgcrypto citext uuid-ossp postgis pg_trgm unaccent
          command:
            - /bin/bash
            - '-c'
            - |
              set -e
              /action/ensure-db.sh
          resources:
            limits:
              cpu: 1
              memory: 512Mi
            requests:
              cpu: 100m
              memory: 128Mi
          securityContext:
            runAsUser: 1000
            runAsGroup: 1000
          volumeMounts:
            - name: workspace
              mountPath: /workspace
            - name: action
              mountPath: /action
      securityContext:
        fsGroup: 1000
      volumes:
        - name: workspace
          emptyDir: {}
        - name: action
          emptyDir: {}
        - name: kontinuous-wait-needs-kubeconfig
          secret:
            secretName: kubeconfig
            items:
              - key: KUBECONFIG
                path: kubeconfig
---
apiVersion: batch/v1
kind: Job
metadata:
  name: job-test-jobs-seed-sql-feature-branch-1-db-create-secret-3ea5t8
  namespace: awesome-ci
  annotations:
    kapp.k14s.io/nonce: ''
    kapp.k14s.io/update-strategy: fallback-on-replace
    kontinuous/needsName: db.create-secret
    kontinuous/needsNames: '[\\"db\\",\\"db.create-secret\\",\\"db..create-secret\\"]'
    janitor/ttl: 7d
    kontinuous/chartPath: project.fabrique.contrib.jobs
    kontinuous/source: project/charts/fabrique/charts/contrib/charts/jobs/templates/jobs.yaml
    kontinuous/deployment: test-jobs-seed-sql-feature-branch-1-ffac537e6cbbf934b08-c29nbt
    kontinuous/depname.full: >-
      project.fabrique.contrib.jobs.job.job-test-jobs-seed-sql-feature-branch-1-db-create-secret-3ea5t8
    kontinuous/depname.chartResource: jobs.job.job-test-jobs-seed-sql-feature-branch-1-db-create-secret-3ea5t8
    kontinuous/depname.chartName: jobs
    kontinuous/depname.chartPath: project.fabrique.contrib.jobs
    kontinuous/depname.resourcePath: job.job-test-jobs-seed-sql-feature-branch-1-db-create-secret-3ea5t8
    kontinuous/depname.resourceName: job-test-jobs-seed-sql-feature-branch-1-db-create-secret-3ea5t8
  labels:
    kontinuous/deployment: test-jobs-seed-sql-feature-branch-1-ffac537e6cbbf934b08-c29nbt
    kontinuous/deployment.env: test-jobs-seed-sql-feature-branch-1
    kontinuous/ref: feature-branch-1
    kontinuous/gitSha: ffac537e6cbbf934b08745a378932722df287a53
    kontinuous/appVersion: ffac537e6cbbf934b08745a378932722df287a53
    kontinuous/resourceName: job-4bkfwz-job-test-jobs-seed-sql-feature-branch-1-db-c-3j6a6s
    app.kubernetes.io/manifest-managed-by: kontinuous
    app.kubernetes.io/manifest-created-by: kontinuous
spec:
  backoffLimit: 1
  activeDeadlineSeconds: 3600
  ttlSecondsAfterFinished: 1800
  template:
    metadata:
      labels:
        environment: dev
        ref: feature-branch-1
        repository: test-jobs-seed-sql
        runName: create-db
        kontinuous/deployment: test-jobs-seed-sql-feature-branch-1-ffac537e6cbbf934b08-c29nbt
        kontinuous/deployment.env: test-jobs-seed-sql-feature-branch-1
        kontinuous/ref: feature-branch-1
        kontinuous/gitSha: ffac537e6cbbf934b08745a378932722df287a53
        kontinuous/appVersion: ffac537e6cbbf934b08745a378932722df287a53
        kontinuous/resourceName: job-4bkfwz-job-test-jobs-seed-sql-feature-branch-1-db-c-3j6a6s
        app.kubernetes.io/manifest-managed-by: kontinuous
        app.kubernetes.io/manifest-created-by: kontinuous
      annotations:
        kontinuous/deployment: test-jobs-seed-sql-feature-branch-1-ffac537e6cbbf934b08-c29nbt
    spec:
      restartPolicy: Never
      initContainers:
        - name: degit-action
          image: ghcr.io/socialgouv/kontinuous/degit:v1.101.1
          command:
            - sh
            - '-c'
            - degit socialgouv/kontinuous/plugins/contrib/jobs/create-db /action
          securityContext:
            runAsUser: 1000
            runAsGroup: 1000
          volumeMounts:
            - name: action
              mountPath: /action
          resources:
            limits:
              cpu: 100m
              memory: 256Mi
            requests:
              cpu: 10m
              memory: 64Mi
      containers:
        - name: job
          image: bitnami/kubectl:latest
          imagePullPolicy: IfNotPresent
          envFrom:
            - secretRef:
                name: azure-pg-admin-user
          env:
            - name: USE_AZURE_FLEX
              value: 'false'
            - name: DB_SECRET_NAME
              value: pg-user-feature-branch-1
            - name: JOB_NAMESPACE
              value: awesome-ci
            - name: NAMESPACE
              value: test-jobs-seed-sql-feature-branch-1
            - name: PGDATABASE
              value: autodevops_feature-branch-1
            - name: PGUSER
              value: user_feature-branch-1
            - name: SECRET_TTL
              value: 24h
            - name: KUBECONFIG
              value: /secrets/k8s/kubeconfig
          command:
            - /bin/bash
            - '-c'
            - |
              set -e
              /action/create-secret.sh
          resources:
            limits:
              cpu: 1
              memory: 512Mi
            requests:
              cpu: 100m
              memory: 128Mi
          securityContext:
            runAsUser: 1001
            runAsGroup: 1001
          volumeMounts:
            - name: workspace
              mountPath: /workspace
            - name: action
              mountPath: /action
            - name: kubeconfig
              mountPath: /secrets/k8s
              readOnly: true
      securityContext:
        fsGroup: 1001
      volumes:
        - name: workspace
          emptyDir: {}
        - name: action
          emptyDir: {}
        - name: kubeconfig
          secret:
            secretName: kubeconfig
            items:
              - key: KUBECONFIG
                path: kubeconfig
---
apiVersion: batch/v1
kind: Job
metadata:
  name: job-test-jobs-seed-sql-feature-branch-1-seed-import-sec-shgdmm
  namespace: awesome-ci
  annotations:
    kapp.k14s.io/nonce: ''
    kapp.k14s.io/update-strategy: fallback-on-replace
    kontinuous/needsName: seed.import-secret
    kontinuous/needsNames: '[\\"seed\\",\\"seed.import-secret\\",\\"seed..import-secret\\"]'
    kontinuous/plugin.needs: '[\\"db\\"]'
    janitor/ttl: 7d
    kontinuous/chartPath: project.fabrique.contrib.jobs
    kontinuous/source: project/charts/fabrique/charts/contrib/charts/jobs/templates/jobs.yaml
    kontinuous/deployment: test-jobs-seed-sql-feature-branch-1-ffac537e6cbbf934b08-c29nbt
    kontinuous/depname.full: >-
      project.fabrique.contrib.jobs.job.job-test-jobs-seed-sql-feature-branch-1-seed-import-sec-shgdmm
    kontinuous/depname.chartResource: jobs.job.job-test-jobs-seed-sql-feature-branch-1-seed-import-sec-shgdmm
    kontinuous/depname.chartName: jobs
    kontinuous/depname.chartPath: project.fabrique.contrib.jobs
    kontinuous/depname.resourcePath: job.job-test-jobs-seed-sql-feature-branch-1-seed-import-sec-shgdmm
    kontinuous/depname.resourceName: job-test-jobs-seed-sql-feature-branch-1-seed-import-sec-shgdmm
  labels:
    kontinuous/deployment: test-jobs-seed-sql-feature-branch-1-ffac537e6cbbf934b08-c29nbt
    kontinuous/deployment.env: test-jobs-seed-sql-feature-branch-1
    kontinuous/ref: feature-branch-1
    kontinuous/gitSha: ffac537e6cbbf934b08745a378932722df287a53
    kontinuous/appVersion: ffac537e6cbbf934b08745a378932722df287a53
    kontinuous/resourceName: job-4bkfwz-job-test-jobs-seed-sql-feature-branch-1-seed-4l2wkl
    app.kubernetes.io/manifest-managed-by: kontinuous
    app.kubernetes.io/manifest-created-by: kontinuous
spec:
  backoffLimit: 1
  activeDeadlineSeconds: 3600
  ttlSecondsAfterFinished: 1800
  template:
    metadata:
      labels:
        environment: dev
        ref: feature-branch-1
        repository: test-jobs-seed-sql
        runName: seed-db
        kontinuous/deployment: test-jobs-seed-sql-feature-branch-1-ffac537e6cbbf934b08-c29nbt
        kontinuous/deployment.env: test-jobs-seed-sql-feature-branch-1
        kontinuous/ref: feature-branch-1
        kontinuous/gitSha: ffac537e6cbbf934b08745a378932722df287a53
        kontinuous/appVersion: ffac537e6cbbf934b08745a378932722df287a53
        kontinuous/resourceName: job-4bkfwz-job-test-jobs-seed-sql-feature-branch-1-seed-4l2wkl
        app.kubernetes.io/manifest-managed-by: kontinuous
        app.kubernetes.io/manifest-created-by: kontinuous
      annotations:
        kontinuous/deployment: test-jobs-seed-sql-feature-branch-1-ffac537e6cbbf934b08-c29nbt
    spec:
      restartPolicy: Never
      initContainers:
        - name: kontinuous-wait-needs
          image: ghcr.io/socialgouv/kontinuous/wait-needs:v1.101.1
          env:
            - name: WAIT_NEEDS_ANNOTATIONS_REF
              value: >-
                awesome-ci/Job/job-test-jobs-seed-sql-feature-branch-1-seed-import-sec-shgdmm
            - name: WAIT_NEEDS
              value: >-
                [{\\"namespace\\":\\"awesome-ci\\",\\"kind\\":\\"Job\\",\\"name\\":\\"job-test-jobs-seed-sql-feature-branch-1-db-create-db-13oc8a\\",\\"selectors\\":{\\"kontinuous/resourceName\\":\\"job-4bkfwz-job-test-jobs-seed-sql-feature-branch-1-db-c-2zhptc\\"},\\"needOnce\\":true}]
            - name: KUBECONFIG
              value: /secrets/kubeconfig
            - name: SURVIVE_ON_BROKEN_CLUSTER
              value: 'true'
          volumeMounts:
            - name: kontinuous-wait-needs-kubeconfig
              mountPath: /secrets
          imagePullPolicy: Always
        - name: degit-action
          image: ghcr.io/socialgouv/kontinuous/degit:v1.101.1
          command:
            - sh
            - '-c'
            - degit socialgouv/kontinuous/plugins/contrib/jobs/seed-db /action
          securityContext:
            runAsUser: 1000
            runAsGroup: 1000
          volumeMounts:
            - name: action
              mountPath: /action
          resources:
            limits:
              cpu: 100m
              memory: 256Mi
            requests:
              cpu: 10m
              memory: 64Mi
      containers:
        - name: job
          image: bitnami/kubectl:latest
          imagePullPolicy: IfNotPresent
          env:
            - name: DB_SECRET_NAME
              value: pg-user-feature-branch-1
            - name: JOB_NAMESPACE
              value: awesome-ci
            - name: NAMESPACE
              value: test-jobs-seed-sql-feature-branch-1
            - name: KUBECONFIG
              value: /secrets/k8s/kubeconfig
          command:
            - /bin/bash
            - '-c'
            - |
              set -e
              /action/import-secret.sh
          resources:
            limits:
              cpu: 1
              memory: 512Mi
            requests:
              cpu: 100m
              memory: 128Mi
          securityContext:
            runAsUser: 1001
            runAsGroup: 1001
          volumeMounts:
            - name: workspace
              mountPath: /workspace
            - name: action
              mountPath: /action
            - name: kubeconfig
              mountPath: /secrets/k8s
              readOnly: true
      securityContext:
        fsGroup: 1001
      volumes:
        - name: workspace
          emptyDir: {}
        - name: action
          emptyDir: {}
        - name: kubeconfig
          secret:
            secretName: kubeconfig
            items:
              - key: KUBECONFIG
                path: kubeconfig
        - name: kontinuous-wait-needs-kubeconfig
          secret:
            secretName: kubeconfig
            items:
              - key: KUBECONFIG
                path: kubeconfig
---
apiVersion: batch/v1
kind: Job
metadata:
  name: job-test-jobs-seed-sql-feature-branch-1-seed-seed-db-5pgwgr
  namespace: awesome-ci
  annotations:
    kapp.k14s.io/nonce: ''
    kapp.k14s.io/update-strategy: fallback-on-replace
    kontinuous/needsName: seed.seed-db
    kontinuous/needsNames: '[\\"seed\\",\\"seed.seed-db\\",\\"seed..seed-db\\"]'
    kontinuous/plugin.needs: '[\\"seed..import-secret\\",\\"db\\"]'
    janitor/ttl: 7d
    kontinuous/chartPath: project.fabrique.contrib.jobs
    kontinuous/source: project/charts/fabrique/charts/contrib/charts/jobs/templates/jobs.yaml
    kontinuous/deployment: test-jobs-seed-sql-feature-branch-1-ffac537e6cbbf934b08-c29nbt
    kontinuous/depname.full: >-
      project.fabrique.contrib.jobs.job.job-test-jobs-seed-sql-feature-branch-1-seed-seed-db-5pgwgr
    kontinuous/depname.chartResource: jobs.job.job-test-jobs-seed-sql-feature-branch-1-seed-seed-db-5pgwgr
    kontinuous/depname.chartName: jobs
    kontinuous/depname.chartPath: project.fabrique.contrib.jobs
    kontinuous/depname.resourcePath: job.job-test-jobs-seed-sql-feature-branch-1-seed-seed-db-5pgwgr
    kontinuous/depname.resourceName: job-test-jobs-seed-sql-feature-branch-1-seed-seed-db-5pgwgr
  labels:
    kontinuous/deployment: test-jobs-seed-sql-feature-branch-1-ffac537e6cbbf934b08-c29nbt
    kontinuous/deployment.env: test-jobs-seed-sql-feature-branch-1
    kontinuous/ref: feature-branch-1
    kontinuous/gitSha: ffac537e6cbbf934b08745a378932722df287a53
    kontinuous/appVersion: ffac537e6cbbf934b08745a378932722df287a53
    kontinuous/resourceName: job-4bkfwz-job-test-jobs-seed-sql-feature-branch-1-seed-5dov66
    app.kubernetes.io/manifest-managed-by: kontinuous
    app.kubernetes.io/manifest-created-by: kontinuous
spec:
  backoffLimit: 1
  activeDeadlineSeconds: 3600
  ttlSecondsAfterFinished: 1800
  template:
    metadata:
      labels:
        environment: dev
        ref: feature-branch-1
        repository: test-jobs-seed-sql
        runName: seed-db
        kontinuous/deployment: test-jobs-seed-sql-feature-branch-1-ffac537e6cbbf934b08-c29nbt
        kontinuous/deployment.env: test-jobs-seed-sql-feature-branch-1
        kontinuous/ref: feature-branch-1
        kontinuous/gitSha: ffac537e6cbbf934b08745a378932722df287a53
        kontinuous/appVersion: ffac537e6cbbf934b08745a378932722df287a53
        kontinuous/resourceName: job-4bkfwz-job-test-jobs-seed-sql-feature-branch-1-seed-5dov66
        app.kubernetes.io/manifest-managed-by: kontinuous
        app.kubernetes.io/manifest-created-by: kontinuous
      annotations:
        kontinuous/deployment: test-jobs-seed-sql-feature-branch-1-ffac537e6cbbf934b08-c29nbt
    spec:
      restartPolicy: Never
      initContainers:
        - name: kontinuous-wait-needs
          image: ghcr.io/socialgouv/kontinuous/wait-needs:v1.101.1
          env:
            - name: WAIT_NEEDS_ANNOTATIONS_REF
              value: >-
                awesome-ci/Job/job-test-jobs-seed-sql-feature-branch-1-seed-seed-db-5pgwgr
            - name: WAIT_NEEDS
              value: >-
                [{\\"namespace\\":\\"awesome-ci\\",\\"kind\\":\\"Job\\",\\"name\\":\\"job-test-jobs-seed-sql-feature-branch-1-seed-import-sec-shgdmm\\",\\"selectors\\":{\\"kontinuous/resourceName\\":\\"job-4bkfwz-job-test-jobs-seed-sql-feature-branch-1-seed-4l2wkl\\"},\\"needOnce\\":true},{\\"namespace\\":\\"awesome-ci\\",\\"kind\\":\\"Job\\",\\"name\\":\\"job-test-jobs-seed-sql-feature-branch-1-db-create-db-13oc8a\\",\\"selectors\\":{\\"kontinuous/resourceName\\":\\"job-4bkfwz-job-test-jobs-seed-sql-feature-branch-1-db-c-2zhptc\\"},\\"needOnce\\":true}]
            - name: KUBECONFIG
              value: /secrets/kubeconfig
            - name: SURVIVE_ON_BROKEN_CLUSTER
              value: 'true'
          volumeMounts:
            - name: kontinuous-wait-needs-kubeconfig
              mountPath: /secrets
          imagePullPolicy: Always
        - name: degit-repository
          image: ghcr.io/socialgouv/kontinuous/degit:v1.101.1
          imagePullPolicy: IfNotPresent
          command:
            - sh
            - '-c'
            - |

              degit kontinuous/test-jobs-seed-sql#feature-branch-1 \\\\
                /workspace
          securityContext:
            runAsUser: 1000
            runAsGroup: 1000
          volumeMounts:
            - name: workspace
              mountPath: /workspace
          resources:
            limits:
              cpu: 100m
              memory: 256Mi
            requests:
              cpu: 10m
              memory: 64Mi
        - name: degit-action
          image: ghcr.io/socialgouv/kontinuous/degit:v1.101.1
          command:
            - sh
            - '-c'
            - degit socialgouv/kontinuous/plugins/contrib/jobs/seed-db /action
          securityContext:
            runAsUser: 1000
            runAsGroup: 1000
          volumeMounts:
            - name: action
              mountPath: /action
          resources:
            limits:
              cpu: 100m
              memory: 256Mi
            requests:
              cpu: 10m
              memory: 64Mi
      containers:
        - name: job
          image: ghcr.io/socialgouv/docker/psql:7.0.0
          imagePullPolicy: IfNotPresent
          envFrom:
            - secretRef:
                name: pg-user-feature-branch-1
          env:
            - name: SEED_PATH
              value: hasura/seeds/carnet_de_bord/seed-data.sql
          command:
            - /bin/bash
            - '-c'
            - |
              set -e
              /action/seed-db.sh
          resources:
            limits:
              cpu: 1
              memory: 512Mi
            requests:
              cpu: 100m
              memory: 128Mi
          securityContext:
            runAsUser: 1000
            runAsGroup: 1000
          volumeMounts:
            - name: workspace
              mountPath: /workspace
            - name: action
              mountPath: /action
      securityContext:
        fsGroup: 1000
      volumes:
        - name: workspace
          emptyDir: {}
        - name: action
          emptyDir: {}
        - name: kontinuous-wait-needs-kubeconfig
          secret:
            secretName: kubeconfig
            items:
              - key: KUBECONFIG
                path: kubeconfig
---
apiVersion: apps/v1
kind: Deployment
metadata:
  labels:
    component: app
    application: test-jobs-seed-sql
    kontinuous/deployment: test-jobs-seed-sql-feature-branch-1-ffac537e6cbbf934b08-c29nbt
    kontinuous/deployment.env: test-jobs-seed-sql-feature-branch-1
    kontinuous/ref: feature-branch-1
    kontinuous/gitSha: ffac537e6cbbf934b08745a378932722df287a53
    kontinuous/appVersion: ffac537e6cbbf934b08745a378932722df287a53
    kontinuous/resourceName: deployment-3d60sq-app
    app.kubernetes.io/manifest-managed-by: kontinuous
    app.kubernetes.io/manifest-created-by: kontinuous
  name: app
  namespace: test-jobs-seed-sql-feature-branch-1
  annotations:
    kontinuous/chartPath: project.fabrique.contrib.app
    kontinuous/source: >-
      project/charts/fabrique/charts/contrib/charts/app/templates/deployment.yaml
    kontinuous/plugin.needs: '[\\"seed\\"]'
    kontinuous/deployment: test-jobs-seed-sql-feature-branch-1-ffac537e6cbbf934b08-c29nbt
    kontinuous/depname.full: project.fabrique.contrib.app.deployment.app
    kontinuous/depname.chartResource: app.deployment.app
    kontinuous/depname.chartName: app
    kontinuous/depname.chartPath: project.fabrique.contrib.app
    kontinuous/depname.resourcePath: deployment.app
    kontinuous/depname.resourceName: app
    reloader.stakater.com/auto: 'true'
spec:
  replicas: 1
  selector:
    matchLabels:
      component: app
  template:
    metadata:
      labels:
        component: app
        application: test-jobs-seed-sql
        namespace: test-jobs-seed-sql-feature-branch-1
        kontinuous/deployment: test-jobs-seed-sql-feature-branch-1-ffac537e6cbbf934b08-c29nbt
        kontinuous/deployment.env: test-jobs-seed-sql-feature-branch-1
        kontinuous/ref: feature-branch-1
        kontinuous/gitSha: ffac537e6cbbf934b08745a378932722df287a53
        kontinuous/appVersion: ffac537e6cbbf934b08745a378932722df287a53
        kontinuous/resourceName: deployment-3d60sq-app
        app.kubernetes.io/manifest-managed-by: kontinuous
        app.kubernetes.io/manifest-created-by: kontinuous
      annotations:
        kontinuous/deployment: test-jobs-seed-sql-feature-branch-1-ffac537e6cbbf934b08-c29nbt
    spec:
      affinity:
        podAntiAffinity:
          preferredDuringSchedulingIgnoredDuringExecution:
            - weight: 1
              podAffinityTerm:
                labelSelector:
                  matchExpressions:
                    - key: namespace
                      operator: In
                      values:
                        - test-jobs-seed-sql-feature-branch-1
                    - key: component
                      operator: In
                      values:
                        - app
                topologyKey: kubernetes.io/hostname
      containers:
        - image: >-
            harbor.fabrique.social.gouv.fr/test-jobs-seed-sql/app:sha-ffac537e6cbbf934b08745a378932722df287a53
          name: app
          ports:
            - containerPort: 3000
              name: http
          livenessProbe:
            failureThreshold: 15
            httpGet:
              path: /index.html
              port: http
            initialDelaySeconds: 30
            periodSeconds: 5
            timeoutSeconds: 5
          readinessProbe:
            failureThreshold: 15
            httpGet:
              path: /index.html
              port: http
            initialDelaySeconds: 1
            periodSeconds: 5
            successThreshold: 1
            timeoutSeconds: 1
          startupProbe:
            failureThreshold: 12
            httpGet:
              path: /index.html
              port: http
            periodSeconds: 5
          resources:
            limits:
              cpu: 500m
              memory: 512Mi
            requests:
              cpu: 100m
              memory: 128Mi
      initContainers:
        - name: kontinuous-wait-needs
          image: ghcr.io/socialgouv/kontinuous/wait-needs:v1.101.1
          env:
            - name: WAIT_NEEDS_ANNOTATIONS_REF
              value: test-jobs-seed-sql-feature-branch-1/Deployment/app
            - name: WAIT_NEEDS
              value: >-
                [{\\"namespace\\":\\"awesome-ci\\",\\"kind\\":\\"Job\\",\\"name\\":\\"job-test-jobs-seed-sql-feature-branch-1-seed-import-sec-shgdmm\\",\\"selectors\\":{\\"kontinuous/resourceName\\":\\"job-4bkfwz-job-test-jobs-seed-sql-feature-branch-1-seed-4l2wkl\\"},\\"needOnce\\":true}]
            - name: KUBECONFIG
              value: /secrets/kubeconfig
            - name: SURVIVE_ON_BROKEN_CLUSTER
              value: 'true'
          volumeMounts:
            - name: kontinuous-wait-needs-kubeconfig
              mountPath: /secrets
          imagePullPolicy: Always
      volumes:
        - name: kontinuous-wait-needs-kubeconfig
          secret:
            secretName: kubeconfig
            items:
              - key: KUBECONFIG
                path: kubeconfig
  progressDeadlineSeconds: 1200000
---
apiVersion: v1
kind: Service
metadata:
  labels:
    component: app
    application: test-jobs-seed-sql
    kontinuous/deployment: test-jobs-seed-sql-feature-branch-1-ffac537e6cbbf934b08-c29nbt
    kontinuous/deployment.env: test-jobs-seed-sql-feature-branch-1
    kontinuous/ref: feature-branch-1
    kontinuous/gitSha: ffac537e6cbbf934b08745a378932722df287a53
    kontinuous/appVersion: ffac537e6cbbf934b08745a378932722df287a53
    kontinuous/resourceName: service-5cfizy-app
    app.kubernetes.io/manifest-managed-by: kontinuous
    app.kubernetes.io/manifest-created-by: kontinuous
  name: app
  namespace: test-jobs-seed-sql-feature-branch-1
  annotations:
    kontinuous/chartPath: project.fabrique.contrib.app
    kontinuous/source: project/charts/fabrique/charts/contrib/charts/app/templates/service.yaml
    kontinuous/plugin.needs: '[\\"seed\\"]'
    kontinuous/deployment: test-jobs-seed-sql-feature-branch-1-ffac537e6cbbf934b08-c29nbt
spec:
  ports:
    - name: http
      port: 80
      targetPort: 3000
  selector:
    component: app
  type: ClusterIP
---
apiVersion: networking.k8s.io/v1
kind: Ingress
metadata:
  annotations:
    kubernetes.io/ingress.class: nginx
    kontinuous/chartPath: project.fabrique.contrib.app
    kontinuous/source: project/charts/fabrique/charts/contrib/charts/app/templates/ingress.yaml
    kontinuous/plugin.needs: '[\\"seed\\"]'
    kontinuous/deployment: test-jobs-seed-sql-feature-branch-1-ffac537e6cbbf934b08-c29nbt
  labels:
    component: app
    application: test-jobs-seed-sql
    kontinuous/deployment: test-jobs-seed-sql-feature-branch-1-ffac537e6cbbf934b08-c29nbt
    kontinuous/deployment.env: test-jobs-seed-sql-feature-branch-1
    kontinuous/ref: feature-branch-1
    kontinuous/gitSha: ffac537e6cbbf934b08745a378932722df287a53
    kontinuous/appVersion: ffac537e6cbbf934b08745a378932722df287a53
    kontinuous/resourceName: ingress-5dz9oh-app
    app.kubernetes.io/manifest-managed-by: kontinuous
    app.kubernetes.io/manifest-created-by: kontinuous
  name: app
  namespace: test-jobs-seed-sql-feature-branch-1
spec:
  rules:
    - host: test-jobs-seed-sql-feature-branch-1.dev.fabrique.social.gouv.fr
      http:
        paths:
          - backend:
              service:
                name: app
                port:
                  name: http
            path: /
            pathType: Prefix
  tls:
    - hosts:
        - test-jobs-seed-sql-feature-branch-1.dev.fabrique.social.gouv.fr
      secretName: wildcard-crt
"
`;
