// Jest Snapshot v1, https://goo.gl/fbAQLP

exports[`test build manifests with snapshots maildev.dev 1`] = `
"apiVersion: v1
kind: Namespace
metadata:
  annotations:
    field.cattle.io/projectId: \\"1234\\"
    kontinuous/gitBranch: feature-branch-1
    kontinuous/mainNamespace: \\"true\\"
    kapp.k14s.io/exists: \\"\\"
    kontinuous/chartPath: project.fabrique.contrib.rancher-namespace
    kontinuous/source: project/charts/fabrique/charts/contrib/charts/rancher-namespace/templates/namespace.yaml
    kontinuous/deployment: test-maildev-feature-branch-1-ffac537e6cbbf934b08745a-5iniqvup
    janitor/ttl: 7d
  labels:
    application: test-maildev
    kontinuous/deployment: test-maildev-feature-branch-1-ffac537e6cbbf934b08745a-5iniqvup
    kontinuous/deployment.env: test-maildev-feature-branch-1
    kontinuous/ref: feature-branch-1
    kontinuous/gitSha: ffac537e6cbbf934b08745a378932722df287a53
    kontinuous/appVersion: ffac537e6cbbf934b08745a378932722df287a53
    kontinuous/resourceName: namespace-test-maildev-feature-branch-1-1neqr4v3
    app.kubernetes.io/manifest-managed-by: kontinuous
    app.kubernetes.io/manifest-created-by: kontinuous
    cert: wildcard
  name: test-maildev-feature-branch-1
---
apiVersion: networking.k8s.io/v1
kind: NetworkPolicy
metadata:
  name: netpol-ingress
  namespace: test-maildev-feature-branch-1
  annotations:
    kontinuous/chartPath: project.fabrique.contrib.security-policies
    kontinuous/source: project/charts/fabrique/charts/contrib/charts/security-policies/templates/network-policy.yml
    kontinuous/deployment: test-maildev-feature-branch-1-ffac537e6cbbf934b08745a-5iniqvup
  labels:
    kontinuous/deployment: test-maildev-feature-branch-1-ffac537e6cbbf934b08745a-5iniqvup
    kontinuous/deployment.env: test-maildev-feature-branch-1
    kontinuous/ref: feature-branch-1
    kontinuous/gitSha: ffac537e6cbbf934b08745a378932722df287a53
    kontinuous/appVersion: ffac537e6cbbf934b08745a378932722df287a53
    kontinuous/resourceName: networkpolicy-netpol-ingress-61ndxljw
    app.kubernetes.io/manifest-managed-by: kontinuous
    app.kubernetes.io/manifest-created-by: kontinuous
spec:
  ingress:
    - from:
        - podSelector: {}
    - from:
        - namespaceSelector:
            matchLabels:
              network-policy/source: ingress-controller
    - from:
        - namespaceSelector:
            matchLabels:
              network-policy/source: monitoring
  podSelector: {}
  policyTypes:
    - Ingress
---
apiVersion: v1
kind: ServiceAccount
metadata:
  name: default
  annotations:
    kontinuous/chartPath: project.fabrique.contrib.security-policies
    kontinuous/source: project/charts/fabrique/charts/contrib/charts/security-policies/templates/service-account.yaml
    kontinuous/deployment: test-maildev-feature-branch-1-ffac537e6cbbf934b08745a-5iniqvup
  labels:
    kontinuous/deployment: test-maildev-feature-branch-1-ffac537e6cbbf934b08745a-5iniqvup
    kontinuous/deployment.env: test-maildev-feature-branch-1
    kontinuous/ref: feature-branch-1
    kontinuous/gitSha: ffac537e6cbbf934b08745a378932722df287a53
    kontinuous/appVersion: ffac537e6cbbf934b08745a378932722df287a53
    kontinuous/resourceName: serviceaccount-default-2g5dmk74
    app.kubernetes.io/manifest-managed-by: kontinuous
    app.kubernetes.io/manifest-created-by: kontinuous
  namespace: test-maildev-feature-branch-1
automountServiceAccountToken: false
---
apiVersion: apps/v1
kind: Deployment
metadata:
  name: maildev
  labels:
    component: maildev
    application: test-maildev
    kontinuous/deployment: test-maildev-feature-branch-1-ffac537e6cbbf934b08745a-5iniqvup
    kontinuous/deployment.env: test-maildev-feature-branch-1
    kontinuous/ref: feature-branch-1
    kontinuous/gitSha: ffac537e6cbbf934b08745a378932722df287a53
    kontinuous/appVersion: ffac537e6cbbf934b08745a378932722df287a53
    kontinuous/resourceName: deployment-maildev-3wk4n2r4
    app.kubernetes.io/manifest-managed-by: kontinuous
    app.kubernetes.io/manifest-created-by: kontinuous
  annotations:
    kontinuous/chartPath: project.fabrique.contrib.maildev
    kontinuous/source: project/charts/fabrique/charts/contrib/charts/maildev/templates/deployment.yaml
    kontinuous/deployment: test-maildev-feature-branch-1-ffac537e6cbbf934b08745a-5iniqvup
    kontinuous/depname.full: project.fabrique.contrib.maildev.deployment.maildev
    kontinuous/depname.chartResource: maildev.deployment.maildev
    kontinuous/depname.chartName: maildev
    kontinuous/depname.chartPath: project.fabrique.contrib.maildev
    kontinuous/depname.resourcePath: deployment.maildev
    kontinuous/depname.resourceName: maildev
    kontinuous/depname.chartNameTopFull: maildev
    kontinuous/depname.chartNameTop: maildev
    kontinuous/plugin.log: \\"false\\"
    reloader.stakater.com/auto: \\"true\\"
  namespace: test-maildev-feature-branch-1
spec:
  replicas: 1
  selector:
    matchLabels:
      component: maildev
  template:
    metadata:
      labels:
        component: maildev
        kontinuous/deployment: test-maildev-feature-branch-1-ffac537e6cbbf934b08745a-5iniqvup
        kontinuous/deployment.env: test-maildev-feature-branch-1
        kontinuous/ref: feature-branch-1
        kontinuous/gitSha: ffac537e6cbbf934b08745a378932722df287a53
        kontinuous/appVersion: ffac537e6cbbf934b08745a378932722df287a53
        kontinuous/resourceName: deployment-maildev-3wk4n2r4
        app.kubernetes.io/manifest-managed-by: kontinuous
        app.kubernetes.io/manifest-created-by: kontinuous
      annotations:
        kontinuous/deployment: test-maildev-feature-branch-1-ffac537e6cbbf934b08745a-5iniqvup
    spec:
      containers:
        - name: maildev
          image: maildev/maildev:2.1.0
          imagePullPolicy: IfNotPresent
          args:
            - --mail-directory
            - /home/node/maildev-data
          volumeMounts:
            - name: data
              mountPath: /home/node/maildev-data
          ports:
            - name: http
              containerPort: 1080
              protocol: TCP
            - name: smtp
              containerPort: 1025
              protocol: TCP
          livenessProbe:
            httpGet:
              path: /healthz
              port: http
          readinessProbe:
            httpGet:
              path: /healthz
              port: http
          securityContext:
            runAsUser: 1000
            runAsGroup: 1000
          resources:
            requests:
              cpu: 41m
              memory: 121Mi
      volumes:
        - name: data
          emptyDir: {}
---
apiVersion: v1
kind: Service
metadata:
  labels:
    component: maildev
    application: test-maildev
    kontinuous/deployment: test-maildev-feature-branch-1-ffac537e6cbbf934b08745a-5iniqvup
    kontinuous/deployment.env: test-maildev-feature-branch-1
    kontinuous/ref: feature-branch-1
    kontinuous/gitSha: ffac537e6cbbf934b08745a378932722df287a53
    kontinuous/appVersion: ffac537e6cbbf934b08745a378932722df287a53
    kontinuous/resourceName: service-maildev-43k23ywy
    app.kubernetes.io/manifest-managed-by: kontinuous
    app.kubernetes.io/manifest-created-by: kontinuous
  name: maildev
  annotations:
    kontinuous/chartPath: project.fabrique.contrib.maildev
    kontinuous/source: project/charts/fabrique/charts/contrib/charts/maildev/templates/service.yaml
    kontinuous/deployment: test-maildev-feature-branch-1-ffac537e6cbbf934b08745a-5iniqvup
  namespace: test-maildev-feature-branch-1
spec:
  ports:
    - name: http
      port: 1080
      targetPort: 1080
    - name: smtp
      port: 1025
      targetPort: 1025
  selector:
    component: maildev
  type: ClusterIP
---
apiVersion: networking.k8s.io/v1
kind: Ingress
metadata:
  annotations:
    kubernetes.io/ingress.class: nginx
    kontinuous/chartPath: project.fabrique.contrib.maildev
    kontinuous/source: project/charts/fabrique/charts/contrib/charts/maildev/templates/ingress.yaml
    kontinuous/deployment: test-maildev-feature-branch-1-ffac537e6cbbf934b08745a-5iniqvup
  labels:
    component: maildev
    application: test-maildev
    kontinuous/deployment: test-maildev-feature-branch-1-ffac537e6cbbf934b08745a-5iniqvup
    kontinuous/deployment.env: test-maildev-feature-branch-1
    kontinuous/ref: feature-branch-1
    kontinuous/gitSha: ffac537e6cbbf934b08745a378932722df287a53
    kontinuous/appVersion: ffac537e6cbbf934b08745a378932722df287a53
    kontinuous/resourceName: ingress-maildev-3q61sa35
    app.kubernetes.io/manifest-managed-by: kontinuous
    app.kubernetes.io/manifest-created-by: kontinuous
  name: maildev
  namespace: test-maildev-feature-branch-1
spec:
  rules:
    - host: maildev-test-maildev-feature-branch-1.dev.fabrique.social.gouv.fr
      http:
        paths:
          - backend:
              service:
                name: maildev
                port:
                  name: http
            path: /
            pathType: Prefix
  tls:
    - hosts:
        - maildev-test-maildev-feature-branch-1.dev.fabrique.social.gouv.fr
      secretName: wildcard-crt
"
`;
