// Jest Snapshot v1, https://goo.gl/fbAQLP

exports[`test build manifests with snapshots meta-log.dev 1`] = `
"apiVersion: v1
kind: Namespace
metadata:
  annotations:
    field.cattle.io/projectId: \\"1234\\"
    kontinuous/gitBranch: feature-branch-1
    kontinuous/mainNamespace: \\"true\\"
    kapp.k14s.io/exists: \\"\\"
    kontinuous/chartPath: project.fabrique.contrib.rancher-namespace
    kontinuous/source: project/charts/fabrique/charts/contrib/charts/rancher-namespace/templates/namespace.yaml
    kontinuous/deployment: test-meta-log-feature-branch-1-ffac537e6cbbf934b08745-66eu3lo2
    janitor/ttl: 7d
  labels:
    application: test-meta-log
    kontinuous/deployment: test-meta-log-feature-branch-1-ffac537e6cbbf934b08745-66eu3lo2
    kontinuous/deployment.env: test-meta-log-feature-branch-1
    kontinuous/ref: feature-branch-1
    kontinuous/gitSha: ffac537e6cbbf934b08745a378932722df287a53
    kontinuous/appVersion: ffac537e6cbbf934b08745a378932722df287a53
    kontinuous/resourceName: namespace-test-meta-log-feature-branch-1-vu5lldkq
    app.kubernetes.io/manifest-managed-by: kontinuous
    app.kubernetes.io/manifest-created-by: kontinuous
    cert: wildcard
  name: test-meta-log-feature-branch-1
---
apiVersion: networking.k8s.io/v1
kind: NetworkPolicy
metadata:
  name: netpol-ingress
  namespace: test-meta-log-feature-branch-1
  annotations:
    kontinuous/chartPath: project.fabrique.contrib.security-policies
    kontinuous/source: project/charts/fabrique/charts/contrib/charts/security-policies/templates/network-policy.yml
    kontinuous/deployment: test-meta-log-feature-branch-1-ffac537e6cbbf934b08745-66eu3lo2
  labels:
    kontinuous/deployment: test-meta-log-feature-branch-1-ffac537e6cbbf934b08745-66eu3lo2
    kontinuous/deployment.env: test-meta-log-feature-branch-1
    kontinuous/ref: feature-branch-1
    kontinuous/gitSha: ffac537e6cbbf934b08745a378932722df287a53
    kontinuous/appVersion: ffac537e6cbbf934b08745a378932722df287a53
    kontinuous/resourceName: networkpolicy-netpol-ingress-61ndxljw
    app.kubernetes.io/manifest-managed-by: kontinuous
    app.kubernetes.io/manifest-created-by: kontinuous
spec:
  ingress:
    - from:
        - podSelector: {}
    - from:
        - namespaceSelector:
            matchLabels:
              network-policy/source: ingress-controller
    - from:
        - namespaceSelector:
            matchLabels:
              network-policy/source: monitoring
  podSelector: {}
  policyTypes:
    - Ingress
---
apiVersion: v1
kind: ServiceAccount
metadata:
  name: default
  annotations:
    kontinuous/chartPath: project.fabrique.contrib.security-policies
    kontinuous/source: project/charts/fabrique/charts/contrib/charts/security-policies/templates/service-account.yaml
    kontinuous/deployment: test-meta-log-feature-branch-1-ffac537e6cbbf934b08745-66eu3lo2
  labels:
    kontinuous/deployment: test-meta-log-feature-branch-1-ffac537e6cbbf934b08745-66eu3lo2
    kontinuous/deployment.env: test-meta-log-feature-branch-1
    kontinuous/ref: feature-branch-1
    kontinuous/gitSha: ffac537e6cbbf934b08745a378932722df287a53
    kontinuous/appVersion: ffac537e6cbbf934b08745a378932722df287a53
    kontinuous/resourceName: serviceaccount-default-2g5dmk74
    app.kubernetes.io/manifest-managed-by: kontinuous
    app.kubernetes.io/manifest-created-by: kontinuous
  namespace: test-meta-log-feature-branch-1
automountServiceAccountToken: false
---
apiVersion: batch/v1
kind: Job
metadata:
  name: job-dev-test-meta-log-feature-branch-1-a-jobs-contrib-3c2j8vfj
  namespace: test-meta-log-feature-branch-1
  annotations:
    kontinuous/needsName: a
    kontinuous/needsNames: '[\\"a\\"]'
    kontinuous/plugin.log: \\"false\\"
    janitor/ttl: 7d
    kontinuous/chartPath: project.fabrique.contrib.jobs
    kontinuous/source: project/charts/fabrique/charts/contrib/charts/jobs/templates/jobs.yaml
    kontinuous/deployment: test-meta-log-feature-branch-1-ffac537e6cbbf934b08745-66eu3lo2
    kontinuous/depname.full: project.fabrique.contrib.jobs.job.job-dev-test-meta-log-feature-branch-1-a-jobs-contrib-3c2j8vfj
    kontinuous/depname.chartResource: jobs.job.job-dev-test-meta-log-feature-branch-1-a-jobs-contrib-3c2j8vfj
    kontinuous/depname.chartName: jobs
    kontinuous/depname.chartPath: project.fabrique.contrib.jobs
    kontinuous/depname.resourcePath: job.job-dev-test-meta-log-feature-branch-1-a-jobs-contrib-3c2j8vfj
    kontinuous/depname.resourceName: job-dev-test-meta-log-feature-branch-1-a-jobs-contrib-3c2j8vfj
    kontinuous/depname.chartNameTopFull: jobs
    kontinuous/depname.chartNameTop: jobs
  labels:
    kontinuous/deployment: test-meta-log-feature-branch-1-ffac537e6cbbf934b08745-66eu3lo2
    kontinuous/deployment.env: test-meta-log-feature-branch-1
    kontinuous/ref: feature-branch-1
    kontinuous/gitSha: ffac537e6cbbf934b08745a378932722df287a53
    kontinuous/appVersion: ffac537e6cbbf934b08745a378932722df287a53
    kontinuous/resourceName: job-job-dev-test-meta-log-feature-branch-1-a-jobs-con-vkvtanqg
    app.kubernetes.io/manifest-managed-by: kontinuous
    app.kubernetes.io/manifest-created-by: kontinuous
spec:
  backoffLimit: 1
  activeDeadlineSeconds: 3600
  ttlSecondsAfterFinished: 1800
  template:
    metadata:
      labels:
        environment: dev
        ref: feature-branch-1
        repository: test-meta-log
        runName: custom
        kontinuous/deployment: test-meta-log-feature-branch-1-ffac537e6cbbf934b08745-66eu3lo2
        kontinuous/deployment.env: test-meta-log-feature-branch-1
        kontinuous/ref: feature-branch-1
        kontinuous/gitSha: ffac537e6cbbf934b08745a378932722df287a53
        kontinuous/appVersion: ffac537e6cbbf934b08745a378932722df287a53
        kontinuous/resourceName: job-job-dev-test-meta-log-feature-branch-1-a-jobs-con-vkvtanqg
        app.kubernetes.io/manifest-managed-by: kontinuous
        app.kubernetes.io/manifest-created-by: kontinuous
      annotations:
        kontinuous/deployment: test-meta-log-feature-branch-1-ffac537e6cbbf934b08745-66eu3lo2
    spec:
      restartPolicy: Never
      initContainers:
        - name: degit-repository
          image: ghcr.io/socialgouv/kontinuous/degit:v1.161.0
          imagePullPolicy: IfNotPresent
          command:
            - sh
            - -c
            - |
              
              degit --disable-cache kontinuous/test-meta-log#feature-branch-1 \\\\
                /workspace
          securityContext:
            runAsUser: 1000
            runAsGroup: 1000
          volumeMounts:
            - name: workspace
              mountPath: /workspace
          resources:
            limits:
              cpu: 1000m
              memory: 1024Mi
            requests:
              cpu: \\"0\\"
              memory: \\"0\\"
      containers:
        - name: job
          image: debian:stable
          imagePullPolicy: IfNotPresent
          workingDir: /workspace
          env:
            - name: KONTINUOUS_OUTPUT
              value: /kontinuous-output
            - name: KONTINUOUS_INPUT
              value: /kontinuous-input
          resources:
            limits:
              cpu: 1
              memory: 1Gi
            requests:
              cpu: 41m
              memory: 121Mi
          securityContext:
            runAsUser: 1000
            runAsGroup: 1000
          volumeMounts:
            - name: workspace
              mountPath: /workspace
            - name: action
              mountPath: /action
            - name: kontinuous-io
              mountPath: /kontinuous-output
              subPath: test-meta-log-feature-branch-1-ffac537e6cbbf934b08745-66eu3lo2/jobs.a
      securityContext:
        fsGroup: 1000
      volumes:
        - name: workspace
          emptyDir: {}
        - name: action
          emptyDir: {}
        - name: kontinuous-io
          emptyDir: {}
---
apiVersion: batch/v1
kind: Job
metadata:
  name: job-dev-test-meta-log-feature-branch-1-b-jobs-contrib-1ku11fw9
  namespace: test-meta-log-feature-branch-1
  annotations:
    kontinuous/needsName: b
    kontinuous/needsNames: '[\\"b\\"]'
    janitor/ttl: 7d
    kontinuous/chartPath: project.fabrique.contrib.jobs
    kontinuous/source: project/charts/fabrique/charts/contrib/charts/jobs/templates/jobs.yaml
    kontinuous/plugin.log: \\"true\\"
    kontinuous/deployment: test-meta-log-feature-branch-1-ffac537e6cbbf934b08745-66eu3lo2
    kontinuous/depname.full: project.fabrique.contrib.jobs.job.job-dev-test-meta-log-feature-branch-1-b-jobs-contrib-1ku11fw9
    kontinuous/depname.chartResource: jobs.job.job-dev-test-meta-log-feature-branch-1-b-jobs-contrib-1ku11fw9
    kontinuous/depname.chartName: jobs
    kontinuous/depname.chartPath: project.fabrique.contrib.jobs
    kontinuous/depname.resourcePath: job.job-dev-test-meta-log-feature-branch-1-b-jobs-contrib-1ku11fw9
    kontinuous/depname.resourceName: job-dev-test-meta-log-feature-branch-1-b-jobs-contrib-1ku11fw9
    kontinuous/depname.chartNameTopFull: jobs
    kontinuous/depname.chartNameTop: jobs
  labels:
    kontinuous/deployment: test-meta-log-feature-branch-1-ffac537e6cbbf934b08745-66eu3lo2
    kontinuous/deployment.env: test-meta-log-feature-branch-1
    kontinuous/ref: feature-branch-1
    kontinuous/gitSha: ffac537e6cbbf934b08745a378932722df287a53
    kontinuous/appVersion: ffac537e6cbbf934b08745a378932722df287a53
    kontinuous/resourceName: job-job-dev-test-meta-log-feature-branch-1-b-jobs-con-25fbhypw
    app.kubernetes.io/manifest-managed-by: kontinuous
    app.kubernetes.io/manifest-created-by: kontinuous
spec:
  backoffLimit: 1
  activeDeadlineSeconds: 3600
  ttlSecondsAfterFinished: 1800
  template:
    metadata:
      labels:
        environment: dev
        ref: feature-branch-1
        repository: test-meta-log
        runName: custom
        kontinuous/deployment: test-meta-log-feature-branch-1-ffac537e6cbbf934b08745-66eu3lo2
        kontinuous/deployment.env: test-meta-log-feature-branch-1
        kontinuous/ref: feature-branch-1
        kontinuous/gitSha: ffac537e6cbbf934b08745a378932722df287a53
        kontinuous/appVersion: ffac537e6cbbf934b08745a378932722df287a53
        kontinuous/resourceName: job-job-dev-test-meta-log-feature-branch-1-b-jobs-con-25fbhypw
        app.kubernetes.io/manifest-managed-by: kontinuous
        app.kubernetes.io/manifest-created-by: kontinuous
      annotations:
        kontinuous/deployment: test-meta-log-feature-branch-1-ffac537e6cbbf934b08745-66eu3lo2
    spec:
      restartPolicy: Never
      initContainers:
        - name: degit-repository
          image: ghcr.io/socialgouv/kontinuous/degit:v1.161.0
          imagePullPolicy: IfNotPresent
          command:
            - sh
            - -c
            - |
              
              degit --disable-cache kontinuous/test-meta-log#feature-branch-1 \\\\
                /workspace
          securityContext:
            runAsUser: 1000
            runAsGroup: 1000
          volumeMounts:
            - name: workspace
              mountPath: /workspace
          resources:
            limits:
              cpu: 1000m
              memory: 1024Mi
            requests:
              cpu: \\"0\\"
              memory: \\"0\\"
      containers:
        - name: job
          image: debian:stable
          imagePullPolicy: IfNotPresent
          workingDir: /workspace
          env:
            - name: KONTINUOUS_OUTPUT
              value: /kontinuous-output
            - name: KONTINUOUS_INPUT
              value: /kontinuous-input
          resources:
            limits:
              cpu: 1
              memory: 1Gi
            requests:
              cpu: 41m
              memory: 121Mi
          securityContext:
            runAsUser: 1000
            runAsGroup: 1000
          volumeMounts:
            - name: workspace
              mountPath: /workspace
            - name: action
              mountPath: /action
            - name: kontinuous-io
              mountPath: /kontinuous-output
              subPath: test-meta-log-feature-branch-1-ffac537e6cbbf934b08745-66eu3lo2/jobs.b
      securityContext:
        fsGroup: 1000
      volumes:
        - name: workspace
          emptyDir: {}
        - name: action
          emptyDir: {}
        - name: kontinuous-io
          emptyDir: {}
---
apiVersion: apps/v1
kind: Deployment
metadata:
  labels:
    component: app
    application: test-meta-log
    kontinuous/deployment: test-meta-log-feature-branch-1-ffac537e6cbbf934b08745-66eu3lo2
    kontinuous/deployment.env: test-meta-log-feature-branch-1
    kontinuous/ref: feature-branch-1
    kontinuous/gitSha: ffac537e6cbbf934b08745a378932722df287a53
    kontinuous/appVersion: ffac537e6cbbf934b08745a378932722df287a53
    kontinuous/resourceName: deployment-app-55fzcjih
    app.kubernetes.io/manifest-managed-by: kontinuous
    app.kubernetes.io/manifest-created-by: kontinuous
  name: app
  namespace: test-meta-log-feature-branch-1
  annotations:
    kontinuous/chartPath: project.fabrique.contrib.app
    kontinuous/source: project/charts/fabrique/charts/contrib/charts/app/templates/deployment.yaml
    kontinuous/plugin.log: \\"false\\"
    kontinuous/deployment: test-meta-log-feature-branch-1-ffac537e6cbbf934b08745-66eu3lo2
    kontinuous/depname.full: project.fabrique.contrib.app.deployment.app
    kontinuous/depname.chartResource: app.deployment.app
    kontinuous/depname.chartName: app
    kontinuous/depname.chartPath: project.fabrique.contrib.app
    kontinuous/depname.resourcePath: deployment.app
    kontinuous/depname.resourceName: app
    kontinuous/depname.chartNameTopFull: app
    kontinuous/depname.chartNameTop: app
    reloader.stakater.com/auto: \\"true\\"
spec:
  replicas: 1
  selector:
    matchLabels:
      component: app
  strategy:
    type: RollingUpdate
  template:
    metadata:
      labels:
        component: app
        application: test-meta-log
        namespace: test-meta-log-feature-branch-1
        kontinuous/deployment: test-meta-log-feature-branch-1-ffac537e6cbbf934b08745-66eu3lo2
        kontinuous/deployment.env: test-meta-log-feature-branch-1
        kontinuous/ref: feature-branch-1
        kontinuous/gitSha: ffac537e6cbbf934b08745a378932722df287a53
        kontinuous/appVersion: ffac537e6cbbf934b08745a378932722df287a53
        kontinuous/resourceName: deployment-app-55fzcjih
        app.kubernetes.io/manifest-managed-by: kontinuous
        app.kubernetes.io/manifest-created-by: kontinuous
      annotations:
        kontinuous/deployment: test-meta-log-feature-branch-1-ffac537e6cbbf934b08745-66eu3lo2
    spec:
      affinity:
        podAntiAffinity:
          preferredDuringSchedulingIgnoredDuringExecution:
            - weight: 1
              podAffinityTerm:
                labelSelector:
                  matchExpressions:
                    - key: namespace
                      operator: In
                      values:
                        - test-meta-log-feature-branch-1
                    - key: component
                      operator: In
                      values:
                        - app
                topologyKey: kubernetes.io/hostname
      containers:
        - image: harbor.fabrique.social.gouv.fr/test-meta-log/app:sha-ffac537e6cbbf934b08745a378932722df287a53
          name: app
          ports:
            - containerPort: 3000
              name: http
          livenessProbe:
            failureThreshold: 15
            httpGet:
              path: /index.html
              port: http
            initialDelaySeconds: 30
            periodSeconds: 5
            timeoutSeconds: 5
          readinessProbe:
            failureThreshold: 15
            httpGet:
              path: /index.html
              port: http
            initialDelaySeconds: 1
            periodSeconds: 5
            successThreshold: 1
            timeoutSeconds: 1
          startupProbe:
            failureThreshold: 12
            httpGet:
              path: /index.html
              port: http
            periodSeconds: 5
          resources:
            limits:
              cpu: 1
              memory: 1Gi
            requests:
              cpu: 41m
              memory: 121Mi
---
apiVersion: v1
kind: Service
metadata:
  labels:
    component: app
    application: test-meta-log
    kontinuous/deployment: test-meta-log-feature-branch-1-ffac537e6cbbf934b08745-66eu3lo2
    kontinuous/deployment.env: test-meta-log-feature-branch-1
    kontinuous/ref: feature-branch-1
    kontinuous/gitSha: ffac537e6cbbf934b08745a378932722df287a53
    kontinuous/appVersion: ffac537e6cbbf934b08745a378932722df287a53
    kontinuous/resourceName: service-app-46z2o1vv
    app.kubernetes.io/manifest-managed-by: kontinuous
    app.kubernetes.io/manifest-created-by: kontinuous
  name: app
  namespace: test-meta-log-feature-branch-1
  annotations:
    kontinuous/chartPath: project.fabrique.contrib.app
    kontinuous/source: project/charts/fabrique/charts/contrib/charts/app/templates/service.yaml
    kontinuous/deployment: test-meta-log-feature-branch-1-ffac537e6cbbf934b08745-66eu3lo2
spec:
  ports:
    - name: http
      port: 80
      targetPort: 3000
  selector:
    component: app
  type: ClusterIP
---
apiVersion: networking.k8s.io/v1
kind: Ingress
metadata:
  annotations:
    kubernetes.io/ingress.class: nginx
    kontinuous/chartPath: project.fabrique.contrib.app
    kontinuous/source: project/charts/fabrique/charts/contrib/charts/app/templates/ingress.yaml
    kontinuous/deployment: test-meta-log-feature-branch-1-ffac537e6cbbf934b08745-66eu3lo2
  labels:
    component: app
    application: test-meta-log
    kontinuous/deployment: test-meta-log-feature-branch-1-ffac537e6cbbf934b08745-66eu3lo2
    kontinuous/deployment.env: test-meta-log-feature-branch-1
    kontinuous/ref: feature-branch-1
    kontinuous/gitSha: ffac537e6cbbf934b08745a378932722df287a53
    kontinuous/appVersion: ffac537e6cbbf934b08745a378932722df287a53
    kontinuous/resourceName: ingress-app-b4kcj2bx
    app.kubernetes.io/manifest-managed-by: kontinuous
    app.kubernetes.io/manifest-created-by: kontinuous
  name: app
  namespace: test-meta-log-feature-branch-1
spec:
  rules:
    - host: test-meta-log-feature-branch-1.dev.fabrique.social.gouv.fr
      http:
        paths:
          - backend:
              service:
                name: app
                port:
                  name: http
            path: /
            pathType: Prefix
  tls:
    - hosts:
        - test-meta-log-feature-branch-1.dev.fabrique.social.gouv.fr
      secretName: wildcard-crt
"
`;
