// Jest Snapshot v1, https://goo.gl/fbAQLP

exports[`test build manifests with snapshots metabase.prod 1`] = `
"apiVersion: v1
kind: Namespace
metadata:
  annotations:
    field.cattle.io/projectId: \\"1234\\"
    kontinuous/gitBranch: feature-branch-1
    kontinuous/mainNamespace: \\"true\\"
    kapp.k14s.io/exists: \\"\\"
    kontinuous/chartPath: project.fabrique.contrib.rancher-namespace
    kontinuous/source: project/charts/fabrique/charts/contrib/charts/rancher-namespace/templates/namespace.yaml
    kontinuous/deployment: test-metabase-feature-branch-1-ffac537e6cbbf934b08745-4mp1mz1x
  labels:
    application: test-metabase
    kontinuous/deployment: test-metabase-feature-branch-1-ffac537e6cbbf934b08745-4mp1mz1x
    kontinuous/deployment.env: test-metabase-prod
    kontinuous/ref: feature-branch-1
    kontinuous/gitSha: ffac537e6cbbf934b08745a378932722df287a53
    kontinuous/appVersion: ffac537e6cbbf934b08745a378932722df287a53
    kontinuous/resourceName: namespace-test-metabase-34y9sc0q
    app.kubernetes.io/manifest-managed-by: kontinuous
    app.kubernetes.io/manifest-created-by: kontinuous
  name: test-metabase
---
apiVersion: networking.k8s.io/v1
kind: NetworkPolicy
metadata:
  name: netpol-ingress
  namespace: test-metabase
  annotations:
    kontinuous/chartPath: project.fabrique.contrib.security-policies
    kontinuous/source: project/charts/fabrique/charts/contrib/charts/security-policies/templates/network-policy.yml
    kontinuous/deployment: test-metabase-feature-branch-1-ffac537e6cbbf934b08745-4mp1mz1x
  labels:
    kontinuous/deployment: test-metabase-feature-branch-1-ffac537e6cbbf934b08745-4mp1mz1x
    kontinuous/deployment.env: test-metabase-prod
    kontinuous/ref: feature-branch-1
    kontinuous/gitSha: ffac537e6cbbf934b08745a378932722df287a53
    kontinuous/appVersion: ffac537e6cbbf934b08745a378932722df287a53
    kontinuous/resourceName: networkpolicy-netpol-ingress-61ndxljw
    app.kubernetes.io/manifest-managed-by: kontinuous
    app.kubernetes.io/manifest-created-by: kontinuous
spec:
  ingress:
    - from:
        - podSelector: {}
    - from:
        - namespaceSelector:
            matchLabels:
              network-policy/source: ingress-controller
    - from:
        - namespaceSelector:
            matchLabels:
              network-policy/source: monitoring
  podSelector: {}
  policyTypes:
    - Ingress
---
apiVersion: v1
kind: ServiceAccount
metadata:
  name: default
  annotations:
    kontinuous/chartPath: project.fabrique.contrib.security-policies
    kontinuous/source: project/charts/fabrique/charts/contrib/charts/security-policies/templates/service-account.yaml
    kontinuous/deployment: test-metabase-feature-branch-1-ffac537e6cbbf934b08745-4mp1mz1x
  labels:
    kontinuous/deployment: test-metabase-feature-branch-1-ffac537e6cbbf934b08745-4mp1mz1x
    kontinuous/deployment.env: test-metabase-prod
    kontinuous/ref: feature-branch-1
    kontinuous/gitSha: ffac537e6cbbf934b08745a378932722df287a53
    kontinuous/appVersion: ffac537e6cbbf934b08745a378932722df287a53
    kontinuous/resourceName: serviceaccount-default-2g5dmk74
    app.kubernetes.io/manifest-managed-by: kontinuous
    app.kubernetes.io/manifest-created-by: kontinuous
  namespace: test-metabase
automountServiceAccountToken: false
---
apiVersion: v1
kind: ConfigMap
metadata:
  labels:
    component: metabase-app1
    application: test-metabase
    kontinuous/deployment: test-metabase-feature-branch-1-ffac537e6cbbf934b08745-4mp1mz1x
    kontinuous/deployment.env: test-metabase-prod
    kontinuous/ref: feature-branch-1
    kontinuous/gitSha: ffac537e6cbbf934b08745a378932722df287a53
    kontinuous/appVersion: ffac537e6cbbf934b08745a378932722df287a53
    kontinuous/resourceName: configmap-metabase-app1-3m1w229p
    app.kubernetes.io/manifest-managed-by: kontinuous
    app.kubernetes.io/manifest-created-by: kontinuous
  name: metabase-app1
  namespace: test-metabase
  annotations:
    kontinuous/chartPath: project.fabrique.contrib.metabase-app1
    kontinuous/source: project/charts/fabrique/charts/contrib/charts/metabase-app1/templates/configmap.yaml
    kontinuous/deployment: test-metabase-feature-branch-1-ffac537e6cbbf934b08745-4mp1mz1x
data:
  MB_APPLICATION_NAME: metabase-app1
  MB_DB_TYPE: postgres
  MB_ADMIN_EMAIL: admin@fabrique.social.gouv.fr
  MB_ANON_TRACKING_ENABLED: \\"false\\"
  MB_APPLICATION_LOGO_URL: https://socialgouv.github.io/support/_media/marianne.jpeg
  MB_EMAIL_FROM_ADDRESS: contact@fabrique.social.gouv.fr
  MB_EMAIL_FROM_NAME: Fabrique numérique des ministères sociaux
  MB_ENABLE_EMBEDDING: \\"true\\"
  MB_ENABLE_PUBLIC_SHARING: \\"true\\"
  MB_SITE_LOCALE: fr
  MB_START_OF_WEEK: monday
  MB_SITE_NAME: Fabrique numérique des ministères sociaux
  MB_SITE_URL: https://metabase-app1-test-metabase.fabrique.social.gouv.fr
  MB_PASSWORD_COMPLEXITY: strong
---
apiVersion: v1
kind: ConfigMap
metadata:
  labels:
    component: metabase-app2
    application: test-metabase
    kontinuous/deployment: test-metabase-feature-branch-1-ffac537e6cbbf934b08745-4mp1mz1x
    kontinuous/deployment.env: test-metabase-prod
    kontinuous/ref: feature-branch-1
    kontinuous/gitSha: ffac537e6cbbf934b08745a378932722df287a53
    kontinuous/appVersion: ffac537e6cbbf934b08745a378932722df287a53
    kontinuous/resourceName: configmap-metabase-app2-49iufxho
    app.kubernetes.io/manifest-managed-by: kontinuous
    app.kubernetes.io/manifest-created-by: kontinuous
  name: metabase-app2
  namespace: test-metabase
  annotations:
    kontinuous/chartPath: project.fabrique.contrib.metabase-app2
    kontinuous/source: project/charts/fabrique/charts/contrib/charts/metabase-app2/templates/configmap.yaml
    kontinuous/deployment: test-metabase-feature-branch-1-ffac537e6cbbf934b08745-4mp1mz1x
data:
  MB_APPLICATION_NAME: metabase-app2
  MB_DB_TYPE: postgres
  MB_ADMIN_EMAIL: admin@fabrique.social.gouv.fr
  MB_ANON_TRACKING_ENABLED: \\"false\\"
  MB_APPLICATION_LOGO_URL: https://socialgouv.github.io/support/_media/marianne.jpeg
  MB_EMAIL_FROM_ADDRESS: contact@fabrique.social.gouv.fr
  MB_EMAIL_FROM_NAME: Fabrique numérique des ministères sociaux
  MB_ENABLE_EMBEDDING: \\"true\\"
  MB_ENABLE_PUBLIC_SHARING: \\"true\\"
  MB_SITE_LOCALE: fr
  MB_START_OF_WEEK: monday
  MB_SITE_NAME: Fabrique numérique des ministères sociaux
  MB_SITE_URL: https://metabase-app2-test-metabase.fabrique.social.gouv.fr
  MB_PASSWORD_COMPLEXITY: strong
---
kind: ConfigMap
apiVersion: v1
metadata:
  name: metabase1-configmap
  annotations:
    kontinuous/chartPath: project
    kontinuous/source: project/templates/metabase1.configmap.yaml
    kontinuous/deployment: test-metabase-feature-branch-1-ffac537e6cbbf934b08745-4mp1mz1x
  labels:
    kontinuous/deployment: test-metabase-feature-branch-1-ffac537e6cbbf934b08745-4mp1mz1x
    kontinuous/deployment.env: test-metabase-prod
    kontinuous/ref: feature-branch-1
    kontinuous/gitSha: ffac537e6cbbf934b08745a378932722df287a53
    kontinuous/appVersion: ffac537e6cbbf934b08745a378932722df287a53
    kontinuous/resourceName: configmap-metabase1-configmap-56wmr2sp
    app.kubernetes.io/manifest-managed-by: kontinuous
    app.kubernetes.io/manifest-created-by: kontinuous
  namespace: test-metabase
data:
  METABASE_ENV: production
---
kind: ConfigMap
apiVersion: v1
metadata:
  name: metabase2-configmap
  annotations:
    kontinuous/chartPath: project
    kontinuous/source: project/templates/metabase2.configmap.yaml
    kontinuous/deployment: test-metabase-feature-branch-1-ffac537e6cbbf934b08745-4mp1mz1x
  labels:
    kontinuous/deployment: test-metabase-feature-branch-1-ffac537e6cbbf934b08745-4mp1mz1x
    kontinuous/deployment.env: test-metabase-prod
    kontinuous/ref: feature-branch-1
    kontinuous/gitSha: ffac537e6cbbf934b08745a378932722df287a53
    kontinuous/appVersion: ffac537e6cbbf934b08745a378932722df287a53
    kontinuous/resourceName: configmap-metabase2-configmap-2bhbsf1p
    app.kubernetes.io/manifest-managed-by: kontinuous
    app.kubernetes.io/manifest-created-by: kontinuous
  namespace: test-metabase
data:
  METABASE_ENV: production
---
apiVersion: bitnami.com/v1alpha1
kind: SealedSecret
metadata:
  name: metabase1-sealed-secret
  annotations:
    kontinuous/chartPath: project
    kontinuous/source: project/templates/metabase1.sealed-secret.yaml
    kontinuous/deployment: test-metabase-feature-branch-1-ffac537e6cbbf934b08745-4mp1mz1x
  labels:
    kontinuous/deployment: test-metabase-feature-branch-1-ffac537e6cbbf934b08745-4mp1mz1x
    kontinuous/deployment.env: test-metabase-prod
    kontinuous/ref: feature-branch-1
    kontinuous/gitSha: ffac537e6cbbf934b08745a378932722df287a53
    kontinuous/appVersion: ffac537e6cbbf934b08745a378932722df287a53
    kontinuous/resourceName: sealedsecret-metabase1-sealed-secret-1itskfzs
    app.kubernetes.io/manifest-managed-by: kontinuous
    app.kubernetes.io/manifest-created-by: kontinuous
  namespace: test-metabase
spec:
  encryptedData:
    METABASE_SECRET: AgBc+UqJhU2ZBfuplyiI3pPekRjm36i62WYR1lVpM9PIwK636R78mpfckIeGU09qKAxWGYBqtYtvNP3lTG8OwEUqKLnUxZPZKbtwc78GwzEzaPpnWmM+j78uBDxqHDiW+jKwnD/6XiWxsfyd1ZU/qS0LDEJBnVRoDyUI0NxzFWLxG8ylr6oK3q+oD3338D588TimklZGOvRm/hI95d5uwKsYPz0zYOj28pgHzNMVycreOXi9l562agyg2hdb8AkFD41utLEURxJOomJUl2xZIjv6FX++R9OJQzRsX6WsCAkLZPO7VEi1cvG6QzPf/uchwystfQfW5c+5ofVJer5mLJJjFcO8OfNbsg/JYlndv4F90cjH2dojSHv/qH/ddpObPgkDpVzCljdTvrir5bl3z3KeqLb20ja1hLJlwOue4zHDCQ6Fwza8VN6BjbHZLYhOO5qlYfWezjwt+B6RdFVzD8wu2JbuWsJo5w2HhMl2Nckar1B8CPxzgRXnFwc/QsFTDXOXX+rtxnC4FJfffZ/2frV745c642AhOArDxk8OGDFkrexr5OMv0iJcY15cl6K9dfZWOKfFd5mxfWFhDWUSAoUZJsz4uVxpTCCoSJBe8Nf1aKk7PkZ+bXtV5bpuktySoPh0hG1M1dUg0WsSC2i6zp75AUxVW6c4GG7d9FMsTHIwyD7fEbV3TMRanSRFYNPOmft/oI7Q3oNGOGg26KCtX414FG02EnpmrttHQguY7cnHGG7i7s8mnyGv
  template:
    metadata:
      name: metabase1-sealed-secret
    type: Opaque
---
apiVersion: bitnami.com/v1alpha1
kind: SealedSecret
metadata:
  name: metabase2-sealed-secret
  annotations:
    kontinuous/chartPath: project
    kontinuous/source: project/templates/metabase2.sealed-secret.yaml
    kontinuous/deployment: test-metabase-feature-branch-1-ffac537e6cbbf934b08745-4mp1mz1x
  labels:
    kontinuous/deployment: test-metabase-feature-branch-1-ffac537e6cbbf934b08745-4mp1mz1x
    kontinuous/deployment.env: test-metabase-prod
    kontinuous/ref: feature-branch-1
    kontinuous/gitSha: ffac537e6cbbf934b08745a378932722df287a53
    kontinuous/appVersion: ffac537e6cbbf934b08745a378932722df287a53
    kontinuous/resourceName: sealedsecret-metabase2-sealed-secret-31qzv7ha
    app.kubernetes.io/manifest-managed-by: kontinuous
    app.kubernetes.io/manifest-created-by: kontinuous
  namespace: test-metabase
spec:
  encryptedData:
    METABASE_SECRET: AgBc+UqJhU2ZBfuplyiI3pPekRjm36i62WYR1lVpM9PIwK636R78mpfckIeGU09qKAxWGYBqtYtvNP3lTG8OwEUqKLnUxZPZKbtwc78GwzEzaPpnWmM+j78uBDxqHDiW+jKwnD/6XiWxsfyd1ZU/qS0LDEJBnVRoDyUI0NxzFWLxG8ylr6oK3q+oD3338D588TimklZGOvRm/hI95d5uwKsYPz0zYOj28pgHzNMVycreOXi9l562agyg2hdb8AkFD41utLEURxJOomJUl2xZIjv6FX++R9OJQzRsX6WsCAkLZPO7VEi1cvG6QzPf/uchwystfQfW5c+5ofVJer5mLJJjFcO8OfNbsg/JYlndv4F90cjH2dojSHv/qH/ddpObPgkDpVzCljdTvrir5bl3z3KeqLb20ja1hLJlwOue4zHDCQ6Fwza8VN6BjbHZLYhOO5qlYfWezjwt+B6RdFVzD8wu2JbuWsJo5w2HhMl2Nckar1B8CPxzgRXnFwc/QsFTDXOXX+rtxnC4FJfffZ/2frV745c642AhOArDxk8OGDFkrexr5OMv0iJcY15cl6K9dfZWOKfFd5mxfWFhDWUSAoUZJsz4uVxpTCCoSJBe8Nf1aKk7PkZ+bXtV5bpuktySoPh0hG1M1dUg0WsSC2i6zp75AUxVW6c4GG7d9FMsTHIwyD7fEbV3TMRanSRFYNPOmft/oI7Q3oNGOGg26KCtX414FG02EnpmrttHQguY7cnHGG7i7s8mnyGv
  template:
    metadata:
      name: metabase2-sealed-secret
    type: Opaque
---
apiVersion: batch/v1
kind: CronJob
metadata:
  labels:
    component: metabase-app2
    application: metabase-app2
    kontinuous/deployment: test-metabase-feature-branch-1-ffac537e6cbbf934b08745-4mp1mz1x
    kontinuous/deployment.env: test-metabase-prod
    kontinuous/ref: feature-branch-1
    kontinuous/gitSha: ffac537e6cbbf934b08745a378932722df287a53
    kontinuous/appVersion: ffac537e6cbbf934b08745a378932722df287a53
    kontinuous/resourceName: cronjob-metabase-app2-2oao4nx9
    app.kubernetes.io/manifest-managed-by: kontinuous
    app.kubernetes.io/manifest-created-by: kontinuous
  name: metabase-app2
  annotations:
    kontinuous/chartPath: project.fabrique.contrib.metabase-app2
    kontinuous/source: project/charts/fabrique/charts/contrib/charts/metabase-app2/templates/matomo/cronjob.yaml
    kontinuous/deployment: test-metabase-feature-branch-1-ffac537e6cbbf934b08745-4mp1mz1x
  namespace: test-metabase
spec:
  schedule: 0 * * * *
  concurrencyPolicy: Forbid
  jobTemplate:
    spec:
      template:
        metadata:
          labels:
            component: metabase-app2
            application: metabase-app2
          name: metabase-app2
        spec:
          securityContext:
            runAsUser: 1000
            runAsGroup: 1000
            fsGroup: 1000
            runAsNonRoot: true
          restartPolicy: OnFailure
          containers:
            - name: metabase-app2-container
              image: node:14-alpine
              securityContext:
                allowPrivilegeEscalation: false
              command:
                - sh
                - -c
                - cowsay hello
              envFrom:
                - secretRef:
                    name: metabase-app2-cronjob
              env:
                - name: STARTDATE
                  value: \\"2019-01-01\\"
                - name: DEBUG
                  value: \\"*\\"
---
apiVersion: apps/v1
kind: Deployment
metadata:
  labels:
    component: metabase-app1
    application: test-metabase
    kontinuous/deployment: test-metabase-feature-branch-1-ffac537e6cbbf934b08745-4mp1mz1x
    kontinuous/deployment.env: test-metabase-prod
    kontinuous/ref: feature-branch-1
    kontinuous/gitSha: ffac537e6cbbf934b08745a378932722df287a53
    kontinuous/appVersion: ffac537e6cbbf934b08745a378932722df287a53
    kontinuous/resourceName: deployment-metabase-app1-356nghgv
    app.kubernetes.io/manifest-managed-by: kontinuous
    app.kubernetes.io/manifest-created-by: kontinuous
  name: metabase-app1
  namespace: test-metabase
  annotations:
    kontinuous/chartPath: project.fabrique.contrib.metabase-app1
    kontinuous/source: project/charts/fabrique/charts/contrib/charts/metabase-app1/templates/deployment.yaml
    kontinuous/deployment: test-metabase-feature-branch-1-ffac537e6cbbf934b08745-4mp1mz1x
    kontinuous/depname.full: project.fabrique.contrib.metabase-app1.deployment.metabase-app1
    kontinuous/depname.chartResource: metabase-app1.deployment.metabase-app1
    kontinuous/depname.chartName: metabase-app1
    kontinuous/depname.chartPath: project.fabrique.contrib.metabase-app1
    kontinuous/depname.resourcePath: deployment.metabase-app1
    kontinuous/depname.resourceName: metabase-app1
    kontinuous/depname.chartNameTopFull: metabase-app1
    kontinuous/depname.chartNameTop: metabase-app1
    kontinuous/plugin.log: \\"false\\"
    reloader.stakater.com/auto: \\"true\\"
spec:
  replicas: 1
  selector:
    matchLabels:
      component: metabase-app1
  template:
    metadata:
      labels:
        component: metabase-app1
        kontinuous/deployment: test-metabase-feature-branch-1-ffac537e6cbbf934b08745-4mp1mz1x
        kontinuous/deployment.env: test-metabase-prod
        kontinuous/ref: feature-branch-1
        kontinuous/gitSha: ffac537e6cbbf934b08745a378932722df287a53
        kontinuous/appVersion: ffac537e6cbbf934b08745a378932722df287a53
        kontinuous/resourceName: deployment-metabase-app1-356nghgv
        app.kubernetes.io/manifest-managed-by: kontinuous
        app.kubernetes.io/manifest-created-by: kontinuous
      annotations:
        kontinuous/deployment: test-metabase-feature-branch-1-ffac537e6cbbf934b08745-4mp1mz1x
    spec:
      securityContext:
        runAsUser: 1000
        runAsGroup: 1000
        fsGroup: 1000
        runAsNonRoot: true
      containers:
        - image: metabase/metabase:v0.47.0
          name: metabase
          securityContext:
            allowPrivilegeEscalation: false
          envFrom:
            - configMapRef:
                name: metabase-app1
            - secretRef:
                name: metabase1-sealed-secret
            - configMapRef:
                name: metabase1-configmap
          ports:
            - containerPort: 3000
              name: http
          startupProbe:
            failureThreshold: 30
            httpGet:
              path: /api/health
              port: http
            periodSeconds: 10
            initialDelaySeconds: 60
            successThreshold: 1
            timeoutSeconds: 10
          readinessProbe:
            exec:
              command:
                - cat
                - /var/run/readiness-check/readiness-file
            initialDelaySeconds: 5
            periodSeconds: 5
          livenessProbe:
            failureThreshold: 6
            httpGet:
              path: /api/health
              port: http
            initialDelaySeconds: 30
            periodSeconds: 5
            timeoutSeconds: 5
          resources:
            limits:
              cpu: 1000m
              memory: 2048Mi
            requests:
              cpu: 500m
              memory: 512Mi
          lifecycle:
            postStart:
              exec:
                command:
                  - sh
                  - -c
                  - touch /var/run/readiness-check/readiness-file
            preStop:
              exec:
                command:
                  - sh
                  - -c
                  - rm -f /var/run/readiness-check/readiness-file; sleep 30
          volumeMounts:
            - name: readiness-check-volume
              mountPath: /var/run/readiness-check
      volumes:
        - name: readiness-check-volume
          emptyDir: {}
---
apiVersion: apps/v1
kind: Deployment
metadata:
  labels:
    component: metabase-app2
    application: test-metabase
    kontinuous/deployment: test-metabase-feature-branch-1-ffac537e6cbbf934b08745-4mp1mz1x
    kontinuous/deployment.env: test-metabase-prod
    kontinuous/ref: feature-branch-1
    kontinuous/gitSha: ffac537e6cbbf934b08745a378932722df287a53
    kontinuous/appVersion: ffac537e6cbbf934b08745a378932722df287a53
    kontinuous/resourceName: deployment-metabase-app2-36udlo00
    app.kubernetes.io/manifest-managed-by: kontinuous
    app.kubernetes.io/manifest-created-by: kontinuous
  name: metabase-app2
  namespace: test-metabase
  annotations:
    kontinuous/chartPath: project.fabrique.contrib.metabase-app2
    kontinuous/source: project/charts/fabrique/charts/contrib/charts/metabase-app2/templates/deployment.yaml
    kontinuous/deployment: test-metabase-feature-branch-1-ffac537e6cbbf934b08745-4mp1mz1x
    kontinuous/depname.full: project.fabrique.contrib.metabase-app2.deployment.metabase-app2
    kontinuous/depname.chartResource: metabase-app2.deployment.metabase-app2
    kontinuous/depname.chartName: metabase-app2
    kontinuous/depname.chartPath: project.fabrique.contrib.metabase-app2
    kontinuous/depname.resourcePath: deployment.metabase-app2
    kontinuous/depname.resourceName: metabase-app2
    kontinuous/depname.chartNameTopFull: metabase-app2
    kontinuous/depname.chartNameTop: metabase-app2
    kontinuous/plugin.log: \\"false\\"
    reloader.stakater.com/auto: \\"true\\"
spec:
  replicas: 1
  selector:
    matchLabels:
      component: metabase-app2
  template:
    metadata:
      labels:
        component: metabase-app2
        kontinuous/deployment: test-metabase-feature-branch-1-ffac537e6cbbf934b08745-4mp1mz1x
        kontinuous/deployment.env: test-metabase-prod
        kontinuous/ref: feature-branch-1
        kontinuous/gitSha: ffac537e6cbbf934b08745a378932722df287a53
        kontinuous/appVersion: ffac537e6cbbf934b08745a378932722df287a53
        kontinuous/resourceName: deployment-metabase-app2-36udlo00
        app.kubernetes.io/manifest-managed-by: kontinuous
        app.kubernetes.io/manifest-created-by: kontinuous
      annotations:
        kontinuous/deployment: test-metabase-feature-branch-1-ffac537e6cbbf934b08745-4mp1mz1x
    spec:
      securityContext:
        runAsUser: 1000
        runAsGroup: 1000
        fsGroup: 1000
        runAsNonRoot: true
      containers:
        - image: metabase/metabase:v0.47.0
          name: metabase
          securityContext:
            allowPrivilegeEscalation: false
          envFrom:
            - configMapRef:
                name: metabase-app2
            - secretRef:
                name: metabase2-sealed-secret
            - configMapRef:
                name: metabase2-configmap
          ports:
            - containerPort: 3000
              name: http
          startupProbe:
            failureThreshold: 30
            httpGet:
              path: /api/health
              port: http
            periodSeconds: 10
            initialDelaySeconds: 60
            successThreshold: 1
            timeoutSeconds: 10
          readinessProbe:
            exec:
              command:
                - cat
                - /var/run/readiness-check/readiness-file
            initialDelaySeconds: 5
            periodSeconds: 5
          livenessProbe:
            failureThreshold: 6
            httpGet:
              path: /api/health
              port: http
            initialDelaySeconds: 30
            periodSeconds: 5
            timeoutSeconds: 5
          resources:
            limits:
              cpu: 1000m
              memory: 2048Mi
            requests:
              cpu: 500m
              memory: 512Mi
          lifecycle:
            postStart:
              exec:
                command:
                  - sh
                  - -c
                  - touch /var/run/readiness-check/readiness-file
            preStop:
              exec:
                command:
                  - sh
                  - -c
                  - rm -f /var/run/readiness-check/readiness-file; sleep 30
          volumeMounts:
            - name: readiness-check-volume
              mountPath: /var/run/readiness-check
      volumes:
        - name: readiness-check-volume
          emptyDir: {}
---
apiVersion: v1
kind: Service
metadata:
  labels:
    component: metabase-app1
    application: test-metabase
    kontinuous/deployment: test-metabase-feature-branch-1-ffac537e6cbbf934b08745-4mp1mz1x
    kontinuous/deployment.env: test-metabase-prod
    kontinuous/ref: feature-branch-1
    kontinuous/gitSha: ffac537e6cbbf934b08745a378932722df287a53
    kontinuous/appVersion: ffac537e6cbbf934b08745a378932722df287a53
    kontinuous/resourceName: service-metabase-app1-51yfspw5
    app.kubernetes.io/manifest-managed-by: kontinuous
    app.kubernetes.io/manifest-created-by: kontinuous
  name: metabase-app1
  namespace: test-metabase
  annotations:
    kontinuous/chartPath: project.fabrique.contrib.metabase-app1
    kontinuous/source: project/charts/fabrique/charts/contrib/charts/metabase-app1/templates/service.yaml
    kontinuous/deployment: test-metabase-feature-branch-1-ffac537e6cbbf934b08745-4mp1mz1x
spec:
  ports:
    - name: http
      port: 80
      targetPort: 3000
  selector:
    component: metabase-app1
  type: ClusterIP
---
apiVersion: v1
kind: Service
metadata:
  labels:
    component: metabase-app2
    application: test-metabase
    kontinuous/deployment: test-metabase-feature-branch-1-ffac537e6cbbf934b08745-4mp1mz1x
    kontinuous/deployment.env: test-metabase-prod
    kontinuous/ref: feature-branch-1
    kontinuous/gitSha: ffac537e6cbbf934b08745a378932722df287a53
    kontinuous/appVersion: ffac537e6cbbf934b08745a378932722df287a53
    kontinuous/resourceName: service-metabase-app2-16vcxmxp
    app.kubernetes.io/manifest-managed-by: kontinuous
    app.kubernetes.io/manifest-created-by: kontinuous
  name: metabase-app2
  namespace: test-metabase
  annotations:
    kontinuous/chartPath: project.fabrique.contrib.metabase-app2
    kontinuous/source: project/charts/fabrique/charts/contrib/charts/metabase-app2/templates/service.yaml
    kontinuous/deployment: test-metabase-feature-branch-1-ffac537e6cbbf934b08745-4mp1mz1x
spec:
  ports:
    - name: http
      port: 80
      targetPort: 3000
  selector:
    component: metabase-app2
  type: ClusterIP
---
apiVersion: networking.k8s.io/v1
kind: Ingress
metadata:
  annotations:
    kubernetes.io/ingress.class: nginx
    kontinuous/chartPath: project.fabrique.contrib.metabase-app1
    kontinuous/source: project/charts/fabrique/charts/contrib/charts/metabase-app1/templates/ingress.yaml
    kontinuous/deployment: test-metabase-feature-branch-1-ffac537e6cbbf934b08745-4mp1mz1x
    cert-manager.io: cluster-issuer
    cert-manager.io/cluster-issuer: letsencrypt-prod
    kubernetes.io/tls-acme: \\"true\\"
  labels:
    component: metabase-app1
    application: test-metabase
    kontinuous/deployment: test-metabase-feature-branch-1-ffac537e6cbbf934b08745-4mp1mz1x
    kontinuous/deployment.env: test-metabase-prod
    kontinuous/ref: feature-branch-1
    kontinuous/gitSha: ffac537e6cbbf934b08745a378932722df287a53
    kontinuous/appVersion: ffac537e6cbbf934b08745a378932722df287a53
    kontinuous/resourceName: ingress-metabase-app1-4etl41k6
    app.kubernetes.io/manifest-managed-by: kontinuous
    app.kubernetes.io/manifest-created-by: kontinuous
  name: metabase-app1
  namespace: test-metabase
spec:
  rules:
    - host: metabase-app1-test-metabase.fabrique.social.gouv.fr
      http:
        paths:
          - backend:
              service:
                name: metabase-app1
                port:
                  name: http
            path: /
            pathType: Prefix
  tls:
    - hosts:
        - metabase-app1-test-metabase.fabrique.social.gouv.fr
      secretName: metabase-app1-crt
---
apiVersion: networking.k8s.io/v1
kind: Ingress
metadata:
  annotations:
    kubernetes.io/ingress.class: nginx
    kontinuous/chartPath: project.fabrique.contrib.metabase-app2
    kontinuous/source: project/charts/fabrique/charts/contrib/charts/metabase-app2/templates/ingress.yaml
    kontinuous/deployment: test-metabase-feature-branch-1-ffac537e6cbbf934b08745-4mp1mz1x
    cert-manager.io: cluster-issuer
    cert-manager.io/cluster-issuer: letsencrypt-prod
    kubernetes.io/tls-acme: \\"true\\"
  labels:
    component: metabase-app2
    application: test-metabase
    kontinuous/deployment: test-metabase-feature-branch-1-ffac537e6cbbf934b08745-4mp1mz1x
    kontinuous/deployment.env: test-metabase-prod
    kontinuous/ref: feature-branch-1
    kontinuous/gitSha: ffac537e6cbbf934b08745a378932722df287a53
    kontinuous/appVersion: ffac537e6cbbf934b08745a378932722df287a53
    kontinuous/resourceName: ingress-metabase-app2-5sf15yge
    app.kubernetes.io/manifest-managed-by: kontinuous
    app.kubernetes.io/manifest-created-by: kontinuous
  name: metabase-app2
  namespace: test-metabase
spec:
  rules:
    - host: metabase-app2-test-metabase.fabrique.social.gouv.fr
      http:
        paths:
          - backend:
              service:
                name: metabase-app2
                port:
                  name: http
            path: /
            pathType: Prefix
  tls:
    - hosts:
        - metabase-app2-test-metabase.fabrique.social.gouv.fr
      secretName: metabase-app2-crt
"
`;
