// Jest Snapshot v1, https://goo.gl/fbAQLP

exports[`test build manifests with snapshots output.dev 1`] = `
"apiVersion: v1
kind: Namespace
metadata:
  annotations:
    field.cattle.io/projectId: \\"1234\\"
    kontinuous/gitBranch: feature-branch-1
    kontinuous/mainNamespace: \\"true\\"
    kapp.k14s.io/exists: \\"\\"
    kontinuous/chartPath: project.fabrique.contrib.rancher-namespace
    kontinuous/source: project/charts/fabrique/charts/contrib/charts/rancher-namespace/templates/namespace.yaml
    kontinuous/deployment: test-output-feature-branch-1-ffac537e6cbbf934b08745a3-4eok7uea
  labels:
    application: test-output
    kontinuous/deployment: test-output-feature-branch-1-ffac537e6cbbf934b08745a3-4eok7uea
    kontinuous/deployment.env: test-output-feature-branch-1
    kontinuous/ref: feature-branch-1
    kontinuous/gitSha: ffac537e6cbbf934b08745a378932722df287a53
    kontinuous/appVersion: ffac537e6cbbf934b08745a378932722df287a53
    kontinuous/resourceName: namespace-test-output-feature-branch-1-57pab5jm
    app.kubernetes.io/manifest-managed-by: kontinuous
    app.kubernetes.io/manifest-created-by: kontinuous
  name: test-output-feature-branch-1
---
apiVersion: networking.k8s.io/v1
kind: NetworkPolicy
metadata:
  name: netpol-ingress
  namespace: test-output-feature-branch-1
  annotations:
    kontinuous/chartPath: project.fabrique.contrib.security-policies
    kontinuous/source: project/charts/fabrique/charts/contrib/charts/security-policies/templates/network-policy.yml
    kontinuous/deployment: test-output-feature-branch-1-ffac537e6cbbf934b08745a3-4eok7uea
  labels:
    kontinuous/deployment: test-output-feature-branch-1-ffac537e6cbbf934b08745a3-4eok7uea
    kontinuous/deployment.env: test-output-feature-branch-1
    kontinuous/ref: feature-branch-1
    kontinuous/gitSha: ffac537e6cbbf934b08745a378932722df287a53
    kontinuous/appVersion: ffac537e6cbbf934b08745a378932722df287a53
    kontinuous/resourceName: networkpolicy-netpol-ingress-61ndxljw
    app.kubernetes.io/manifest-managed-by: kontinuous
    app.kubernetes.io/manifest-created-by: kontinuous
spec:
  ingress:
    - from:
        - podSelector: {}
    - from:
        - namespaceSelector:
            matchLabels:
              network-policy/source: ingress-controller
    - from:
        - namespaceSelector:
            matchLabels:
              network-policy/source: monitoring
  podSelector: {}
  policyTypes:
    - Ingress
---
apiVersion: v1
kind: ServiceAccount
metadata:
  name: default
  annotations:
    kontinuous/chartPath: project.fabrique.contrib.security-policies
    kontinuous/source: project/charts/fabrique/charts/contrib/charts/security-policies/templates/service-account.yaml
    kontinuous/deployment: test-output-feature-branch-1-ffac537e6cbbf934b08745a3-4eok7uea
  labels:
    kontinuous/deployment: test-output-feature-branch-1-ffac537e6cbbf934b08745a3-4eok7uea
    kontinuous/deployment.env: test-output-feature-branch-1
    kontinuous/ref: feature-branch-1
    kontinuous/gitSha: ffac537e6cbbf934b08745a378932722df287a53
    kontinuous/appVersion: ffac537e6cbbf934b08745a378932722df287a53
    kontinuous/resourceName: serviceaccount-default-2g5dmk74
    app.kubernetes.io/manifest-managed-by: kontinuous
    app.kubernetes.io/manifest-created-by: kontinuous
  namespace: test-output-feature-branch-1
automountServiceAccountToken: false
---
apiVersion: v1
kind: PersistentVolumeClaim
metadata:
  name: kontinuous-io
  annotations:
    kontinuous/chartPath: project.fabrique.contrib.output-volume
    kontinuous/source: project/charts/fabrique/charts/contrib/charts/output-volume/templates/jobs-output.pvc.yaml
    kontinuous/deployment: test-output-feature-branch-1-ffac537e6cbbf934b08745a3-4eok7uea
  labels:
    kontinuous/deployment: test-output-feature-branch-1-ffac537e6cbbf934b08745a3-4eok7uea
    kontinuous/deployment.env: test-output-feature-branch-1
    kontinuous/ref: feature-branch-1
    kontinuous/gitSha: ffac537e6cbbf934b08745a378932722df287a53
    kontinuous/appVersion: ffac537e6cbbf934b08745a378932722df287a53
    kontinuous/resourceName: persistentvolumeclaim-kontinuous-io-1izhs2s2
    app.kubernetes.io/manifest-managed-by: kontinuous
    app.kubernetes.io/manifest-created-by: kontinuous
  namespace: test-output-feature-branch-1
spec:
  accessModes:
    - ReadWriteMany
  resources:
    requests:
      storage: 20Mi
---
apiVersion: batch/v1
kind: Job
metadata:
  name: job-dev-test-output-feature-branch-1-a-jobs-contrib-f-ztbkw0lv
  namespace: test-output-feature-branch-1
  annotations:
    kontinuous/needsName: a
    kontinuous/needsNames: '[\\"a\\"]'
    kontinuous/chartPath: project.fabrique.contrib.jobs
    kontinuous/source: project/charts/fabrique/charts/contrib/charts/jobs/templates/jobs.yaml
    kontinuous/deployment: test-output-feature-branch-1-ffac537e6cbbf934b08745a3-4eok7uea
    kontinuous/depname.full: project.fabrique.contrib.jobs.job.job-dev-test-output-feature-branch-1-a-jobs-contrib-f-ztbkw0lv
    kontinuous/depname.chartResource: jobs.job.job-dev-test-output-feature-branch-1-a-jobs-contrib-f-ztbkw0lv
    kontinuous/depname.chartName: jobs
    kontinuous/depname.chartPath: project.fabrique.contrib.jobs
    kontinuous/depname.resourcePath: job.job-dev-test-output-feature-branch-1-a-jobs-contrib-f-ztbkw0lv
    kontinuous/depname.resourceName: job-dev-test-output-feature-branch-1-a-jobs-contrib-f-ztbkw0lv
    kontinuous/depname.chartNameTopFull: jobs
    kontinuous/depname.chartNameTop: jobs
    kontinuous/plugin.log: \\"true\\"
  labels:
    kontinuous/deployment: test-output-feature-branch-1-ffac537e6cbbf934b08745a3-4eok7uea
    kontinuous/deployment.env: test-output-feature-branch-1
    kontinuous/ref: feature-branch-1
    kontinuous/gitSha: ffac537e6cbbf934b08745a378932722df287a53
    kontinuous/appVersion: ffac537e6cbbf934b08745a378932722df287a53
    kontinuous/resourceName: job-job-dev-test-output-feature-branch-1-a-jobs-contr-4wbeaufy
    app.kubernetes.io/manifest-managed-by: kontinuous
    app.kubernetes.io/manifest-created-by: kontinuous
spec:
  backoffLimit: 1
  activeDeadlineSeconds: 3600
  ttlSecondsAfterFinished: 1800
  template:
    metadata:
      labels:
        environment: dev
        ref: feature-branch-1
        repository: test-output
        runName: custom
        kontinuous/deployment: test-output-feature-branch-1-ffac537e6cbbf934b08745a3-4eok7uea
        kontinuous/deployment.env: test-output-feature-branch-1
        kontinuous/ref: feature-branch-1
        kontinuous/gitSha: ffac537e6cbbf934b08745a378932722df287a53
        kontinuous/appVersion: ffac537e6cbbf934b08745a378932722df287a53
        kontinuous/resourceName: job-job-dev-test-output-feature-branch-1-a-jobs-contr-4wbeaufy
        app.kubernetes.io/manifest-managed-by: kontinuous
        app.kubernetes.io/manifest-created-by: kontinuous
      annotations:
        kontinuous/deployment: test-output-feature-branch-1-ffac537e6cbbf934b08745a3-4eok7uea
    spec:
      restartPolicy: Never
      initContainers:
        - name: degit-repository
          image: ghcr.io/socialgouv/kontinuous/degit:v1.176.8
          imagePullPolicy: IfNotPresent
          command:
            - sh
            - -c
            - |
              
              degit --disable-cache kontinuous/test-output#feature-branch-1 \\\\
                /workspace
          securityContext:
            runAsUser: 1000
            runAsGroup: 1000
          volumeMounts:
            - name: workspace
              mountPath: /workspace
          resources:
            limits: {}
            requests: {}
      containers:
        - name: job
          image: debian:stable
          imagePullPolicy: IfNotPresent
          workingDir: /workspace
          env:
            - name: KONTINUOUS_OUTPUT
              value: /kontinuous-output
            - name: KONTINUOUS_INPUT
              value: /kontinuous-input
          command:
            - /bin/bash
            - -c
            - |
              set -e
              echo earth>$KONTINUOUS_OUTPUT/WORLD
          resources:
            limits: {}
            requests: {}
          securityContext:
            runAsUser: 1000
            runAsGroup: 1000
          volumeMounts:
            - name: workspace
              mountPath: /workspace
            - name: action
              mountPath: /action
            - name: kontinuous-io
              mountPath: /kontinuous-output
              subPath: test-output-feature-branch-1-ffac537e6cbbf934b08745a3-4eok7uea/jobs.a
      securityContext:
        fsGroup: 1000
      volumes:
        - name: workspace
          emptyDir: {}
        - name: action
          emptyDir: {}
        - name: kontinuous-io
          persistentVolumeClaim:
            claimName: kontinuous-io
      affinity:
        nodeAffinity:
          preferredDuringSchedulingIgnoredDuringExecution:
            - weight: 100
              preference:
                matchExpressions:
                  - key: nodepool
                    operator: In
                    values:
                      - prod-build
      tolerations:
        - key: pool
          operator: Equal
          value: ci
          effect: NoSchedule
---
apiVersion: batch/v1
kind: Job
metadata:
  name: job-dev-test-output-feature-branch-1-b-jobs-contrib-f-51wxewmg
  namespace: test-output-feature-branch-1
  annotations:
    kontinuous/needsName: b
    kontinuous/needsNames: '[\\"b\\"]'
    kontinuous/plugin.needs: '[\\"a\\"]'
    kontinuous/chartPath: project.fabrique.contrib.jobs
    kontinuous/source: project/charts/fabrique/charts/contrib/charts/jobs/templates/jobs.yaml
    kontinuous/deployment: test-output-feature-branch-1-ffac537e6cbbf934b08745a3-4eok7uea
    kontinuous/depname.full: project.fabrique.contrib.jobs.job.job-dev-test-output-feature-branch-1-b-jobs-contrib-f-51wxewmg
    kontinuous/depname.chartResource: jobs.job.job-dev-test-output-feature-branch-1-b-jobs-contrib-f-51wxewmg
    kontinuous/depname.chartName: jobs
    kontinuous/depname.chartPath: project.fabrique.contrib.jobs
    kontinuous/depname.resourcePath: job.job-dev-test-output-feature-branch-1-b-jobs-contrib-f-51wxewmg
    kontinuous/depname.resourceName: job-dev-test-output-feature-branch-1-b-jobs-contrib-f-51wxewmg
    kontinuous/depname.chartNameTopFull: jobs
    kontinuous/depname.chartNameTop: jobs
    kontinuous/plugin.log: \\"true\\"
  labels:
    kontinuous/deployment: test-output-feature-branch-1-ffac537e6cbbf934b08745a3-4eok7uea
    kontinuous/deployment.env: test-output-feature-branch-1
    kontinuous/ref: feature-branch-1
    kontinuous/gitSha: ffac537e6cbbf934b08745a378932722df287a53
    kontinuous/appVersion: ffac537e6cbbf934b08745a378932722df287a53
    kontinuous/resourceName: job-job-dev-test-output-feature-branch-1-b-jobs-contr-4jjwg6wx
    app.kubernetes.io/manifest-managed-by: kontinuous
    app.kubernetes.io/manifest-created-by: kontinuous
spec:
  backoffLimit: 1
  activeDeadlineSeconds: 3600
  ttlSecondsAfterFinished: 1800
  template:
    metadata:
      labels:
        environment: dev
        ref: feature-branch-1
        repository: test-output
        runName: custom
        kontinuous/deployment: test-output-feature-branch-1-ffac537e6cbbf934b08745a3-4eok7uea
        kontinuous/deployment.env: test-output-feature-branch-1
        kontinuous/ref: feature-branch-1
        kontinuous/gitSha: ffac537e6cbbf934b08745a378932722df287a53
        kontinuous/appVersion: ffac537e6cbbf934b08745a378932722df287a53
        kontinuous/resourceName: job-job-dev-test-output-feature-branch-1-b-jobs-contr-4jjwg6wx
        app.kubernetes.io/manifest-managed-by: kontinuous
        app.kubernetes.io/manifest-created-by: kontinuous
      annotations:
        kontinuous/deployment: test-output-feature-branch-1-ffac537e6cbbf934b08745a3-4eok7uea
    spec:
      restartPolicy: Never
      initContainers:
        - name: degit-repository
          image: ghcr.io/socialgouv/kontinuous/degit:v1.176.8
          imagePullPolicy: IfNotPresent
          command:
            - sh
            - -c
            - |
              
              degit --disable-cache kontinuous/test-output#feature-branch-1 \\\\
                /workspace
          securityContext:
            runAsUser: 1000
            runAsGroup: 1000
          volumeMounts:
            - name: workspace
              mountPath: /workspace
          resources:
            limits: {}
            requests: {}
      containers:
        - name: job
          image: debian:stable
          imagePullPolicy: IfNotPresent
          workingDir: /workspace
          env:
            - name: KONTINUOUS_OUTPUT
              value: /kontinuous-output
            - name: KONTINUOUS_INPUT
              value: /kontinuous-input
          command:
            - /bin/bash
            - -c
            - |
              set -e
              PLANET=$(cat $KONTINUOUS_INPUT/PLANET)
              echo \\"Hello $PLANET !\\"
              sleep 10
          resources:
            limits: {}
            requests: {}
          securityContext:
            runAsUser: 1000
            runAsGroup: 1000
          volumeMounts:
            - name: workspace
              mountPath: /workspace
            - name: action
              mountPath: /action
            - name: kontinuous-io
              mountPath: /kontinuous-output
              subPath: test-output-feature-branch-1-ffac537e6cbbf934b08745a3-4eok7uea/jobs.b
            - name: kontinuous-io
              mountPath: /kontinuous-input/PLANET
              subPath: test-output-feature-branch-1-ffac537e6cbbf934b08745a3-4eok7uea/jobs.a/WORLD
      securityContext:
        fsGroup: 1000
      volumes:
        - name: workspace
          emptyDir: {}
        - name: action
          emptyDir: {}
        - name: kontinuous-io
          persistentVolumeClaim:
            claimName: kontinuous-io
      affinity:
        nodeAffinity:
          preferredDuringSchedulingIgnoredDuringExecution:
            - weight: 100
              preference:
                matchExpressions:
                  - key: nodepool
                    operator: In
                    values:
                      - prod-build
      tolerations:
        - key: pool
          operator: Equal
          value: ci
          effect: NoSchedule
"
`;
