// Jest Snapshot v1, https://goo.gl/fbAQLP

exports[`redis.dev 1`] = `
"apiVersion: v1
kind: Namespace
metadata:
  annotations:
    janitor/ttl: 7d
    field.cattle.io/projectId: '1234'
    kubeworkflow/gitBranch: feature-branch-1
    kubeworkflow/mainNamespace: 'true'
    kapp.k14s.io/exists: ''
  labels:
    application: test-redis
    cert: wildcard
  name: test-redis-feature-branch-1
---
apiVersion: networking.k8s.io/v1
kind: NetworkPolicy
metadata:
  name: netpol-ingress
  namespace: test-redis-feature-branch-1
  annotations:
    kapp.k14s.io/disable-original: ''
spec:
  ingress:
    - from:
        - podSelector: {}
    - from:
        - namespaceSelector:
            matchLabels:
              network-policy/source: ingress-controller
    - from:
        - namespaceSelector:
            matchLabels:
              network-policy/source: monitoring
  podSelector: {}
  policyTypes:
    - Ingress
---
apiVersion: v1
kind: ServiceAccount
metadata:
  name: default
  namespace: test-redis-feature-branch-1
  annotations:
    kapp.k14s.io/disable-original: ''
automountServiceAccountToken: false
---
apiVersion: v1
kind: Service
metadata:
  labels:
    component: redis
    application: test-redis
  name: redis
  namespace: test-redis-feature-branch-1
  annotations:
    kapp.k14s.io/disable-default-ownership-label-rules: ''
    kapp.k14s.io/disable-default-label-scoping-rules: ''
    kapp.k14s.io/disable-original: ''
spec:
  ports:
    - name: http
      port: 80
      targetPort: 6379
  selector:
    component: redis
  type: ClusterIP
---
apiVersion: apps/v1
kind: Deployment
metadata:
  labels:
    component: redis
    application: test-redis
  name: redis
  namespace: test-redis-feature-branch-1
  annotations:
    kapp.k14s.io/change-group: kube-workflow/test-redis-feature-branch-1
    kapp.k14s.io/change-group.redis: kube-workflow/redis.test-redis-feature-branch-1
    kapp.k14s.io/disable-original: ''
    kapp.k14s.io/create-strategy: fallback-on-update
    kapp.k14s.io/update-strategy: fallback-on-replace
    kapp.k14s.io/nonce: ''
spec:
  replicas: 1
  selector:
    matchLabels:
      component: redis
  template:
    metadata:
      labels:
        component: redis
    spec:
      containers:
        - image: redis:6.2.5-alpine3.14
          name: redis
          ports:
            - containerPort: 6379
              name: http
          livenessProbe:
            failureThreshold: 6
            initialDelaySeconds: 30
            periodSeconds: 5
            timeoutSeconds: 5
            exec:
              command:
                - sh
                - '-c'
                - redis-cli ping
          readinessProbe:
            failureThreshold: 15
            initialDelaySeconds: 0
            periodSeconds: 5
            successThreshold: 1
            timeoutSeconds: 1
            exec:
              command:
                - sh
                - '-c'
                - redis-cli ping
          startupProbe:
            failureThreshold: 12
            periodSeconds: 5
            exec:
              command:
                - sh
                - '-c'
                - redis-cli ping
          resources:
            limits:
              cpu: 1000m
              memory: 1Gi
            requests:
              cpu: 300m
              memory: 128Mi
"
`;
