// Jest Snapshot v1, https://goo.gl/fbAQLP

exports[`test build manifests with snapshots sample-1.dev 1`] = `
"apiVersion: v1
kind: Namespace
metadata:
  annotations:
    janitor/ttl: 7d
    field.cattle.io/projectId: '1234'
    kontinuous/gitBranch: feature-branch-1
    kontinuous/mainNamespace: 'true'
    kapp.k14s.io/exists: ''
    kontinuous/chartPath: project.fabrique.contrib.rancher-namespace
    kontinuous/source: >-
      project/charts/fabrique/charts/contrib/charts/rancher-namespace/templates/namespace.yaml
    kontinuous/deployment: test-sample-1-feature-branch-1-ffac537e6cbbf934b08745a3-5y3s29
  labels:
    application: test-sample-1
    kontinuous/deployment: test-sample-1-feature-branch-1-ffac537e6cbbf934b08745a3-5y3s29
    kontinuous/deployment.env: test-sample-1-feature-branch-1
    kontinuous/ref: feature-branch-1
    kontinuous/gitSha: ffac537e6cbbf934b08745a378932722df287a53
    kontinuous/appVersion: ffac537e6cbbf934b08745a378932722df287a53
    kontinuous/resourceName: namespace-4wnyh3
    app.kubernetes.io/manifest-managed-by: kontinuous
    app.kubernetes.io/manifest-created-by: kontinuous
    cert: wildcard
  name: test-sample-1-feature-branch-1
---
apiVersion: networking.k8s.io/v1
kind: NetworkPolicy
metadata:
  name: netpol-ingress
  namespace: test-sample-1-feature-branch-1
  annotations:
    kontinuous/chartPath: project.fabrique.contrib.security-policies
    kontinuous/source: >-
      project/charts/fabrique/charts/contrib/charts/security-policies/templates/network-policy.yml
    kontinuous/deployment: test-sample-1-feature-branch-1-ffac537e6cbbf934b08745a3-5y3s29
  labels:
    kontinuous/deployment: test-sample-1-feature-branch-1-ffac537e6cbbf934b08745a3-5y3s29
    kontinuous/deployment.env: test-sample-1-feature-branch-1
    kontinuous/ref: feature-branch-1
    kontinuous/gitSha: ffac537e6cbbf934b08745a378932722df287a53
    kontinuous/appVersion: ffac537e6cbbf934b08745a378932722df287a53
    kontinuous/resourceName: networkpolicy-49u3gn-netpol-ingress
    app.kubernetes.io/manifest-managed-by: kontinuous
    app.kubernetes.io/manifest-created-by: kontinuous
spec:
  ingress:
    - from:
        - podSelector: {}
    - from:
        - namespaceSelector:
            matchLabels:
              network-policy/source: ingress-controller
    - from:
        - namespaceSelector:
            matchLabels:
              network-policy/source: monitoring
  podSelector: {}
  policyTypes:
    - Ingress
---
apiVersion: v1
kind: ServiceAccount
metadata:
  name: default
  annotations:
    kontinuous/chartPath: project.fabrique.contrib.security-policies
    kontinuous/source: >-
      project/charts/fabrique/charts/contrib/charts/security-policies/templates/service-account.yaml
    kontinuous/deployment: test-sample-1-feature-branch-1-ffac537e6cbbf934b08745a3-5y3s29
  labels:
    kontinuous/deployment: test-sample-1-feature-branch-1-ffac537e6cbbf934b08745a3-5y3s29
    kontinuous/deployment.env: test-sample-1-feature-branch-1
    kontinuous/ref: feature-branch-1
    kontinuous/gitSha: ffac537e6cbbf934b08745a378932722df287a53
    kontinuous/appVersion: ffac537e6cbbf934b08745a378932722df287a53
    kontinuous/resourceName: serviceaccount-4nws8p-default
    app.kubernetes.io/manifest-managed-by: kontinuous
    app.kubernetes.io/manifest-created-by: kontinuous
  namespace: test-sample-1-feature-branch-1
automountServiceAccountToken: false
---
kind: ConfigMap
apiVersion: v1
metadata:
  name: app-configmap
  annotations:
    kontinuous/chartPath: project
    kontinuous/source: project/templates/app.configmap.yaml
    kontinuous/deployment: test-sample-1-feature-branch-1-ffac537e6cbbf934b08745a3-5y3s29
  labels:
    kontinuous/deployment: test-sample-1-feature-branch-1-ffac537e6cbbf934b08745a3-5y3s29
    kontinuous/deployment.env: test-sample-1-feature-branch-1
    kontinuous/ref: feature-branch-1
    kontinuous/gitSha: ffac537e6cbbf934b08745a378932722df287a53
    kontinuous/appVersion: ffac537e6cbbf934b08745a378932722df287a53
    kontinuous/resourceName: configmap-e4ces7-app-configmap
    app.kubernetes.io/manifest-managed-by: kontinuous
    app.kubernetes.io/manifest-created-by: kontinuous
  namespace: test-sample-1-feature-branch-1
data:
  NODE_ENV: production
  GRAPHQL_ENDPOINT: http://hasura/v1/graphql
  ACCOUNT_MAIL_SENDER: contact@fabrique.social.gouv.fr
  PRODUCTION: 'false'
---
apiVersion: bitnami.com/v1alpha1
kind: SealedSecret
metadata:
  annotations:
    sealedsecrets.bitnami.com/cluster-wide: 'true'
    kontinuous/chartPath: project
    kontinuous/source: project/templates/hasura.sealed-secret.yaml
    kontinuous/deployment: test-sample-1-feature-branch-1-ffac537e6cbbf934b08745a3-5y3s29
  name: hasura-sealed-secret
  labels:
    kontinuous/deployment: test-sample-1-feature-branch-1-ffac537e6cbbf934b08745a3-5y3s29
    kontinuous/deployment.env: test-sample-1-feature-branch-1
    kontinuous/ref: feature-branch-1
    kontinuous/gitSha: ffac537e6cbbf934b08745a378932722df287a53
    kontinuous/appVersion: ffac537e6cbbf934b08745a378932722df287a53
    kontinuous/resourceName: sealedsecret-5ip1a4-hasura-sealed-secret
    app.kubernetes.io/manifest-managed-by: kontinuous
    app.kubernetes.io/manifest-created-by: kontinuous
  namespace: test-sample-1-feature-branch-1
spec:
  encryptedData:
    ACCOUNT_EMAIL_SECRET: >-
      AgCYU5zQRAGub/7BY2VzhhQ/Y5EtYeWcgdBrHMfOdhK6DLDbkiYTVBvdIVbvUp/AtHP8V3UwT0zoQfKRiECwdH6oJ92GJ2DQ6svTNJH+x4EyQRJTeRMOrx6y+iVAcFx6I5RbT6SdKkpzGztpY4t4pGt3IOUoKNrJRqshj170LQqsw57NyxzSgZ0HONNsHE+HUK6AijgZXBthAfWqlFyrg6WIBY1f/jyuZ7jvzlotTI9JXXSBz8LryNYG7kth2weHcmlQKiqERPbWGFuGwM77hzgFwixjqnrGJEjWXDfsAmBLk+B9nVht2H54pPYCD+cyRea5NeisxnNCAOw10BJHEX1gxgNzSwQDVfOSINWT1a8R81tm7Dz7j3LyKKT+UH8BREHMlu4qv7+D6PjrRXJXtAMGN6Vsz0Hqvf6vlZou7O4ygcAtirRaSPvsuU1FOg2JvwfheUVZ7StBGhsTBWyQ0jw9UqAXcjtcbqfzeOc8sEEe/5xyRJctT+A4s4XNGxiF/Mnaa9XB5OHtz55FUDzy2o0S21JXFjnNs2kmDji3gjPwYJzg+qat7ZcGBNMR4KNvu2SiUoDdQMKzmh7mi4nwqlOv08eJVP8ZzXGS3F8QcsMFXPfrH/53hunKq6gQ61D3+CsCN6Hz89X7FgWnMroMv52gNwtUc0yeQ+klIB2RsY6+NefWx0p+ikxHY9MG64qMPtFNG+RW2TwRgcdbD6CC31GUVmGVLpEF95RF7v1i66H9EvNwiRZCagnZ4qYcrQ==
    HASURA_GRAPHQL_ADMIN_SECRET: >-
      AgDZX0nGJWSkGYaaTpArKf3L1jsBEzKzsE1qkDIziGJHgVuqdPUhvZwmd6/9yPtkw7ohLh4/yqpQFELURajvHPJy4ZBok5bRhX4eC2tbsEQ+20YmL86KGNUhGSdJ9Ua3m/jV5qEyFnLPBG4cPJL4OjEDNvm/WwJvQfTlXaV4YoZMzlZmPMLFKAQ/8jKoefaIjtTXPq3YSeULlEx94Pv08C5b6o0US4fQwhtBAUOlUmhPEDXo0u4r4yM5w7HGWSCD4Dsb+rHlcRi7ulCCafeaBLITq3BMhzS1eO5XNrLGzh4iDh4rTtv83Y8kFFvb/zXlq/uiPZMoTxaH5eTqYQkCRA3L/2T7hWWiINDB9kbNTIyIZ2uF0W1RLnwgq2VASruNEhxXHYKeQfnhxcqTxGAsTgJgAGhMm17vALEAHt+72L4O822WJw39TB9ozqbnZ0I++ZAmd+kIrZ3Uxp7WfzmM7bKzdqn8L2k0jxHCOKWxChXayONqTFUq9YfJdqSHtNnfi5Bt610SjmD62Vil1hmxIhQv6xmzRwo2pfbhrUj6gNsNdDTrV5fxfZzEOtvwl6C+bPuHmD+qbke78eiJp8A4WIgn1CayHsSoaokH36Q1IW+ETuyQHhz8RMd8ZmrGAeSWUm71SR0nKCWgCwtRX4NhBR5fGR8M7CLTJm3ofrv1fyZ8WKPC7OcnhHmKYBeaw6qku9K+0qRCuvIp/6/dd28SC1obdir77d924ZTkFxUVIAu9J0u0AOEu6UZS
    HASURA_GRAPHQL_JWT_SECRET: >-
      AgB0yHuBM57mDtyon+1dEC9PTgejHVGA5uOHbdu5P4tH6CuOgpH2cnbXnBaeD+7d52aCNto7a0qD5TN4MtwMQZbJuyXdH8QIsZSvvVmKK0Tf5dgYBnTqDKfJnaH/frlIyrFrZs9aj84uHpZPMw1jP6Rrn/gHLn6oNdvkJS668c5ALSvjJoNoqT2l+2TC0p4fNq9H/q0HaLkL+s5Jfkb9ZqPevo3sBQKJvGEEZmgld0U6S95hiGRVhEGqLR90ZbnYpKpHXk09fxva/UgRGGniK4yAJ7noeUsB2HZU8+X88I0TeX7vx0+WHAqV65eA14e2BegKI55JPeX8rXte/Iy0KRkyBQ8KtD5jkfTsmdeLMchdnmys7pu4CGiRXyAANT8uWzP0QifqfZhG6fHqZiMPhOa8XM2Z8KhFgtWH0m8IG/OUZCllWeRyAFTcupa5Jsq3jn+Y/0N2sgeALvBEmhGSN8jTAWa4cetoF//1kk67BaLFpLrc9P2nSGqd5HII7HGL1C8kCbV9Fmz/etX705sB9g9Sg0xFVhNqUvwYUOs9h51MQJLn64zO1Bd0q/U8LN3k71tqidJbsEc9P1JX90U6QbGu2FpQrPFAIz3Y0UnAiCfxyfVxwGvciwAQw5yIo8S2/XbB1wyGY/hWCYy0s4qOl11Dj1YpNwe7Xjbq7cnGfxp2BFC5Ps4O42jeSj7mhpUSyacLG6MavSdSPdrnOAMGKD7Gdz7jBd5/EBFhGmN8roCR+8H/Q5kbUlKfS5kEQR3Xkx8uNHqW8mr8ka7Fbn06vlmCDc09L9sXC6rJOXwIsZ6peqD7e1gPnotGfARHh5D07R3x6v491eS/FVCWao19XUHsaA==
  template:
    metadata:
      annotations:
        sealedsecrets.bitnami.com/cluster-wide: 'true'
      name: hasura-sealed-secret
    type: Opaque
---
apiVersion: apps/v1
kind: Deployment
metadata:
  labels:
    component: app-2nd-instance
    application: test-sample-1
    kontinuous/deployment: test-sample-1-feature-branch-1-ffac537e6cbbf934b08745a3-5y3s29
    kontinuous/deployment.env: test-sample-1-feature-branch-1
    kontinuous/ref: feature-branch-1
    kontinuous/gitSha: ffac537e6cbbf934b08745a378932722df287a53
    kontinuous/appVersion: ffac537e6cbbf934b08745a378932722df287a53
    kontinuous/resourceName: deployment-3d60sq-app-2nd-instance
    app.kubernetes.io/manifest-managed-by: kontinuous
    app.kubernetes.io/manifest-created-by: kontinuous
  name: app-2nd-instance
  namespace: test-sample-1-feature-branch-1
  annotations:
    kontinuous/chartPath: project.fabrique.contrib.app-2nd-instance
    kontinuous/source: >-
      project/charts/fabrique/charts/contrib/charts/app-2nd-instance/templates/deployment.yaml
    kontinuous/deployment: test-sample-1-feature-branch-1-ffac537e6cbbf934b08745a3-5y3s29
    kontinuous/depname.full: project.fabrique.contrib.app-2nd-instance.deployment.app-2nd-instance
    kontinuous/depname.chartResource: app-2nd-instance.deployment.app-2nd-instance
    kontinuous/depname.chartName: app-2nd-instance
    kontinuous/depname.chartPath: project.fabrique.contrib.app-2nd-instance
    kontinuous/depname.resourcePath: deployment.app-2nd-instance
    kontinuous/depname.resourceName: app-2nd-instance
    reloader.stakater.com/auto: 'true'
spec:
  replicas: 1
  selector:
    matchLabels:
      component: app-2nd-instance
  template:
    metadata:
      labels:
        component: app-2nd-instance
        application: test-sample-1
        namespace: test-sample-1-feature-branch-1
        kontinuous/deployment: test-sample-1-feature-branch-1-ffac537e6cbbf934b08745a3-5y3s29
        kontinuous/deployment.env: test-sample-1-feature-branch-1
        kontinuous/ref: feature-branch-1
        kontinuous/gitSha: ffac537e6cbbf934b08745a378932722df287a53
        kontinuous/appVersion: ffac537e6cbbf934b08745a378932722df287a53
        kontinuous/resourceName: deployment-3d60sq-app-2nd-instance
        app.kubernetes.io/manifest-managed-by: kontinuous
        app.kubernetes.io/manifest-created-by: kontinuous
      annotations:
        kontinuous/deployment: test-sample-1-feature-branch-1-ffac537e6cbbf934b08745a3-5y3s29
    spec:
      affinity:
        podAntiAffinity:
          preferredDuringSchedulingIgnoredDuringExecution:
            - weight: 1
              podAffinityTerm:
                labelSelector:
                  matchExpressions:
                    - key: namespace
                      operator: In
                      values:
                        - test-sample-1-feature-branch-1
                    - key: component
                      operator: In
                      values:
                        - app-2nd-instance
                topologyKey: kubernetes.io/hostname
      containers:
        - image: >-
            harbor.fabrique.social.gouv.fr/test-sample-1/app:sha-ffac537e6cbbf934b08745a378932722df287a53
          name: app
          ports:
            - containerPort: 3000
              name: http
          livenessProbe:
            failureThreshold: 15
            httpGet:
              path: /healthz
              port: http
            initialDelaySeconds: 30
            periodSeconds: 5
            timeoutSeconds: 5
          readinessProbe:
            failureThreshold: 15
            httpGet:
              path: /healthz
              port: http
            initialDelaySeconds: 1
            periodSeconds: 5
            successThreshold: 1
            timeoutSeconds: 1
          startupProbe:
            failureThreshold: 12
            httpGet:
              path: /healthz
              port: http
            periodSeconds: 5
          resources:
            limits:
              cpu: 500m
              memory: 512Mi
            requests:
              cpu: '0.081'
              memory: 228Mi
          envFrom:
            - secretRef:
                name: pg-user-feature-branch-1
            - secretRef:
                name: app-sealed-secret
            - configMapRef:
                name: app-configmap
---
apiVersion: apps/v1
kind: Deployment
metadata:
  labels:
    component: app
    application: test-sample-1
    kontinuous/deployment: test-sample-1-feature-branch-1-ffac537e6cbbf934b08745a3-5y3s29
    kontinuous/deployment.env: test-sample-1-feature-branch-1
    kontinuous/ref: feature-branch-1
    kontinuous/gitSha: ffac537e6cbbf934b08745a378932722df287a53
    kontinuous/appVersion: ffac537e6cbbf934b08745a378932722df287a53
    kontinuous/resourceName: deployment-3d60sq-app
    app.kubernetes.io/manifest-managed-by: kontinuous
    app.kubernetes.io/manifest-created-by: kontinuous
  name: app
  namespace: test-sample-1-feature-branch-1
  annotations:
    kontinuous/chartPath: project.fabrique.contrib.app
    kontinuous/source: >-
      project/charts/fabrique/charts/contrib/charts/app/templates/deployment.yaml
    kontinuous/deployment: test-sample-1-feature-branch-1-ffac537e6cbbf934b08745a3-5y3s29
    kontinuous/depname.full: project.fabrique.contrib.app.deployment.app
    kontinuous/depname.chartResource: app.deployment.app
    kontinuous/depname.chartName: app
    kontinuous/depname.chartPath: project.fabrique.contrib.app
    kontinuous/depname.resourcePath: deployment.app
    kontinuous/depname.resourceName: app
    reloader.stakater.com/auto: 'true'
spec:
  replicas: 1
  selector:
    matchLabels:
      component: app
  template:
    metadata:
      labels:
        component: app
        application: test-sample-1
        namespace: test-sample-1-feature-branch-1
        kontinuous/deployment: test-sample-1-feature-branch-1-ffac537e6cbbf934b08745a3-5y3s29
        kontinuous/deployment.env: test-sample-1-feature-branch-1
        kontinuous/ref: feature-branch-1
        kontinuous/gitSha: ffac537e6cbbf934b08745a378932722df287a53
        kontinuous/appVersion: ffac537e6cbbf934b08745a378932722df287a53
        kontinuous/resourceName: deployment-3d60sq-app
        app.kubernetes.io/manifest-managed-by: kontinuous
        app.kubernetes.io/manifest-created-by: kontinuous
      annotations:
        kontinuous/deployment: test-sample-1-feature-branch-1-ffac537e6cbbf934b08745a3-5y3s29
    spec:
      affinity:
        podAntiAffinity:
          preferredDuringSchedulingIgnoredDuringExecution:
            - weight: 1
              podAffinityTerm:
                labelSelector:
                  matchExpressions:
                    - key: namespace
                      operator: In
                      values:
                        - test-sample-1-feature-branch-1
                    - key: component
                      operator: In
                      values:
                        - app
                topologyKey: kubernetes.io/hostname
      volumes:
        - name: upload
          persistentVolumeClaim:
            claimName: upload
        - name: docs
          persistentVolumeClaim:
            claimName: docs
      containers:
        - image: >-
            harbor.fabrique.social.gouv.fr/test-sample-1/app:sha-ffac537e6cbbf934b08745a378932722df287a53
          name: app
          ports:
            - containerPort: 3000
              name: http
          livenessProbe:
            failureThreshold: 15
            httpGet:
              path: /healthz
              port: http
            initialDelaySeconds: 30
            periodSeconds: 5
            timeoutSeconds: 5
          readinessProbe:
            failureThreshold: 15
            httpGet:
              path: /healthz
              port: http
            initialDelaySeconds: 1
            periodSeconds: 5
            successThreshold: 1
            timeoutSeconds: 1
          startupProbe:
            failureThreshold: 12
            httpGet:
              path: /healthz
              port: http
            periodSeconds: 5
          resources:
            limits:
              cpu: 500m
              memory: 512Mi
            requests:
              cpu: '0.081'
              memory: 228Mi
          envFrom:
            - secretRef:
                name: pg-user-feature-branch-1
            - secretRef:
                name: app-sealed-secret
            - configMapRef:
                name: app-configmap
          volumeMounts:
            - mountPath: /mnt/upload
              name: upload
            - name: docs
              mountPath: /mnt/docs
---
apiVersion: apps/v1
kind: Deployment
metadata:
  labels:
    component: hasura
    application: test-sample-1
    kontinuous/deployment: test-sample-1-feature-branch-1-ffac537e6cbbf934b08745a3-5y3s29
    kontinuous/deployment.env: test-sample-1-feature-branch-1
    kontinuous/ref: feature-branch-1
    kontinuous/gitSha: ffac537e6cbbf934b08745a378932722df287a53
    kontinuous/appVersion: ffac537e6cbbf934b08745a378932722df287a53
    kontinuous/resourceName: deployment-3d60sq-hasura
    app.kubernetes.io/manifest-managed-by: kontinuous
    app.kubernetes.io/manifest-created-by: kontinuous
  name: hasura
  namespace: test-sample-1-feature-branch-1
  annotations:
    kontinuous/chartPath: project.fabrique.contrib.hasura
    kontinuous/source: >-
      project/charts/fabrique/charts/contrib/charts/hasura/templates/deployment.yaml
    kontinuous/plugin.needs: '[]'
    kontinuous/deployment: test-sample-1-feature-branch-1-ffac537e6cbbf934b08745a3-5y3s29
    kontinuous/depname.full: project.fabrique.contrib.hasura.deployment.hasura
    kontinuous/depname.chartResource: hasura.deployment.hasura
    kontinuous/depname.chartName: hasura
    kontinuous/depname.chartPath: project.fabrique.contrib.hasura
    kontinuous/depname.resourcePath: deployment.hasura
    kontinuous/depname.resourceName: hasura
    reloader.stakater.com/auto: 'true'
spec:
  replicas: 1
  selector:
    matchLabels:
      component: hasura
  template:
    metadata:
      labels:
        component: hasura
        application: test-sample-1
        kontinuous/deployment: test-sample-1-feature-branch-1-ffac537e6cbbf934b08745a3-5y3s29
        kontinuous/deployment.env: test-sample-1-feature-branch-1
        kontinuous/ref: feature-branch-1
        kontinuous/gitSha: ffac537e6cbbf934b08745a378932722df287a53
        kontinuous/appVersion: ffac537e6cbbf934b08745a378932722df287a53
        kontinuous/resourceName: deployment-3d60sq-hasura
        app.kubernetes.io/manifest-managed-by: kontinuous
        app.kubernetes.io/manifest-created-by: kontinuous
      annotations:
        kontinuous/deployment: test-sample-1-feature-branch-1-ffac537e6cbbf934b08745a3-5y3s29
    spec:
      containers:
        - image: >-
            harbor.fabrique.social.gouv.fr/test-sample-1/hasura:sha-ffac537e6cbbf934b08745a378932722df287a53
          livenessProbe:
            failureThreshold: 15
            httpGet:
              path: /healthz
              port: http
            initialDelaySeconds: 30
            periodSeconds: 5
            timeoutSeconds: 5
          name: hasura
          ports:
            - containerPort: 8080
              name: http
          readinessProbe:
            failureThreshold: 15
            httpGet:
              path: /healthz
              port: http
            initialDelaySeconds: 30
            periodSeconds: 5
            successThreshold: 1
            timeoutSeconds: 1
          resources:
            limits:
              cpu: 500m
              memory: 1280Mi
            requests:
              cpu: '0.081'
              memory: 228Mi
          startupProbe:
            failureThreshold: 30
            httpGet:
              path: /healthz
              port: http
            periodSeconds: 5
          env: []
          envFrom:
            - secretRef:
                name: pg-user-feature-branch-1
            - secretRef:
                name: hasura-sealed-secret
            - configMapRef:
                name: hasura-configmap
---
apiVersion: apps/v1
kind: Deployment
metadata:
  labels:
    component: pgweb
    application: test-sample-1
    kontinuous/deployment: test-sample-1-feature-branch-1-ffac537e6cbbf934b08745a3-5y3s29
    kontinuous/deployment.env: test-sample-1-feature-branch-1
    kontinuous/ref: feature-branch-1
    kontinuous/gitSha: ffac537e6cbbf934b08745a378932722df287a53
    kontinuous/appVersion: ffac537e6cbbf934b08745a378932722df287a53
    kontinuous/resourceName: deployment-3d60sq-pgweb
    app.kubernetes.io/manifest-managed-by: kontinuous
    app.kubernetes.io/manifest-created-by: kontinuous
  name: pgweb
  namespace: test-sample-1-feature-branch-1
  annotations:
    kontinuous/chartPath: project.fabrique.contrib.pgweb
    kontinuous/source: >-
      project/charts/fabrique/charts/contrib/charts/pgweb/templates/deployment.yaml
    kontinuous/plugin.needs: '[]'
    kontinuous/deployment: test-sample-1-feature-branch-1-ffac537e6cbbf934b08745a3-5y3s29
    kontinuous/depname.full: project.fabrique.contrib.pgweb.deployment.pgweb
    kontinuous/depname.chartResource: pgweb.deployment.pgweb
    kontinuous/depname.chartName: pgweb
    kontinuous/depname.chartPath: project.fabrique.contrib.pgweb
    kontinuous/depname.resourcePath: deployment.pgweb
    kontinuous/depname.resourceName: pgweb
    reloader.stakater.com/auto: 'true'
spec:
  replicas: 1
  selector:
    matchLabels:
      component: pgweb
  template:
    metadata:
      labels:
        component: pgweb
        application: test-sample-1
        kontinuous/deployment: test-sample-1-feature-branch-1-ffac537e6cbbf934b08745a3-5y3s29
        kontinuous/deployment.env: test-sample-1-feature-branch-1
        kontinuous/ref: feature-branch-1
        kontinuous/gitSha: ffac537e6cbbf934b08745a378932722df287a53
        kontinuous/appVersion: ffac537e6cbbf934b08745a378932722df287a53
        kontinuous/resourceName: deployment-3d60sq-pgweb
        app.kubernetes.io/manifest-managed-by: kontinuous
        app.kubernetes.io/manifest-created-by: kontinuous
      annotations:
        kontinuous/deployment: test-sample-1-feature-branch-1-ffac537e6cbbf934b08745a3-5y3s29
    spec:
      initContainers:
        - name: wait-for-postgres
          image: ghcr.io/socialgouv/docker/wait-for-postgres:6.56.1
          imagePullPolicy: Always
          env:
            - name: WAIT_FOR_RETRIES
              value: '24'
          envFrom:
            - secretRef:
                name: pg-user-feature-branch-1
          resources:
            limits:
              cpu: 20m
              memory: 32Mi
            requests:
              cpu: '0'
              memory: '0'
      containers:
        - image: sosedoff/pgweb:0.11.8
          name: pgweb
          envFrom:
            - secretRef:
                name: pg-user-feature-branch-1
          ports:
            - containerPort: 8081
              name: http
          livenessProbe:
            failureThreshold: 6
            httpGet:
              path: /
              port: http
            initialDelaySeconds: 30
            periodSeconds: 5
            timeoutSeconds: 5
          readinessProbe:
            failureThreshold: 15
            httpGet:
              path: /
              port: http
            initialDelaySeconds: 1
            periodSeconds: 5
            successThreshold: 1
            timeoutSeconds: 1
          startupProbe:
            failureThreshold: 12
            httpGet:
              path: /
              port: http
            periodSeconds: 5
          resources:
            limits:
              cpu: 500m
              memory: 256Mi
            requests:
              cpu: '0.081'
              memory: 228Mi
---
apiVersion: v1
kind: Service
metadata:
  labels:
    component: app-2nd-instance
    application: test-sample-1
    kontinuous/deployment: test-sample-1-feature-branch-1-ffac537e6cbbf934b08745a3-5y3s29
    kontinuous/deployment.env: test-sample-1-feature-branch-1
    kontinuous/ref: feature-branch-1
    kontinuous/gitSha: ffac537e6cbbf934b08745a378932722df287a53
    kontinuous/appVersion: ffac537e6cbbf934b08745a378932722df287a53
    kontinuous/resourceName: service-5cfizy-app-2nd-instance
    app.kubernetes.io/manifest-managed-by: kontinuous
    app.kubernetes.io/manifest-created-by: kontinuous
  name: app-2nd-instance
  namespace: test-sample-1-feature-branch-1
  annotations:
    kontinuous/chartPath: project.fabrique.contrib.app-2nd-instance
    kontinuous/source: >-
      project/charts/fabrique/charts/contrib/charts/app-2nd-instance/templates/service.yaml
    kontinuous/deployment: test-sample-1-feature-branch-1-ffac537e6cbbf934b08745a3-5y3s29
spec:
  ports:
    - name: http
      port: 80
      targetPort: 3000
  selector:
    component: app-2nd-instance
  type: ClusterIP
---
apiVersion: v1
kind: Service
metadata:
  labels:
    component: app
    application: test-sample-1
    kontinuous/deployment: test-sample-1-feature-branch-1-ffac537e6cbbf934b08745a3-5y3s29
    kontinuous/deployment.env: test-sample-1-feature-branch-1
    kontinuous/ref: feature-branch-1
    kontinuous/gitSha: ffac537e6cbbf934b08745a378932722df287a53
    kontinuous/appVersion: ffac537e6cbbf934b08745a378932722df287a53
    kontinuous/resourceName: service-5cfizy-app
    app.kubernetes.io/manifest-managed-by: kontinuous
    app.kubernetes.io/manifest-created-by: kontinuous
  name: app
  namespace: test-sample-1-feature-branch-1
  annotations:
    kontinuous/chartPath: project.fabrique.contrib.app
    kontinuous/source: project/charts/fabrique/charts/contrib/charts/app/templates/service.yaml
    kontinuous/deployment: test-sample-1-feature-branch-1-ffac537e6cbbf934b08745a3-5y3s29
spec:
  ports:
    - name: http
      port: 80
      targetPort: 3000
  selector:
    component: app
  type: ClusterIP
---
apiVersion: v1
kind: Service
metadata:
  labels:
    component: hasura
    application: test-sample-1
    kontinuous/deployment: test-sample-1-feature-branch-1-ffac537e6cbbf934b08745a3-5y3s29
    kontinuous/deployment.env: test-sample-1-feature-branch-1
    kontinuous/ref: feature-branch-1
    kontinuous/gitSha: ffac537e6cbbf934b08745a378932722df287a53
    kontinuous/appVersion: ffac537e6cbbf934b08745a378932722df287a53
    kontinuous/resourceName: service-5cfizy-hasura
    app.kubernetes.io/manifest-managed-by: kontinuous
    app.kubernetes.io/manifest-created-by: kontinuous
  name: hasura
  namespace: test-sample-1-feature-branch-1
  annotations:
    kontinuous/chartPath: project.fabrique.contrib.hasura
    kontinuous/source: >-
      project/charts/fabrique/charts/contrib/charts/hasura/templates/service.yaml
    kontinuous/plugin.needs: '[]'
    kontinuous/deployment: test-sample-1-feature-branch-1-ffac537e6cbbf934b08745a3-5y3s29
spec:
  ports:
    - name: http
      port: 80
      targetPort: 8080
  selector:
    component: hasura
  type: ClusterIP
---
apiVersion: v1
kind: Service
metadata:
  labels:
    component: pgweb
    application: test-sample-1
    kontinuous/deployment: test-sample-1-feature-branch-1-ffac537e6cbbf934b08745a3-5y3s29
    kontinuous/deployment.env: test-sample-1-feature-branch-1
    kontinuous/ref: feature-branch-1
    kontinuous/gitSha: ffac537e6cbbf934b08745a378932722df287a53
    kontinuous/appVersion: ffac537e6cbbf934b08745a378932722df287a53
    kontinuous/resourceName: service-5cfizy-pgweb
    app.kubernetes.io/manifest-managed-by: kontinuous
    app.kubernetes.io/manifest-created-by: kontinuous
  name: pgweb
  namespace: test-sample-1-feature-branch-1
  annotations:
    kontinuous/chartPath: project.fabrique.contrib.pgweb
    kontinuous/source: project/charts/fabrique/charts/contrib/charts/pgweb/templates/service.yaml
    kontinuous/plugin.needs: '[]'
    kontinuous/deployment: test-sample-1-feature-branch-1-ffac537e6cbbf934b08745a3-5y3s29
spec:
  ports:
    - name: http
      port: 8081
      targetPort: 8081
  selector:
    component: pgweb
  type: ClusterIP
---
apiVersion: networking.k8s.io/v1
kind: Ingress
metadata:
  annotations:
    kubernetes.io/ingress.class: nginx
    kontinuous/chartPath: project.fabrique.contrib.app-2nd-instance
    kontinuous/source: >-
      project/charts/fabrique/charts/contrib/charts/app-2nd-instance/templates/ingress.yaml
    kontinuous/deployment: test-sample-1-feature-branch-1-ffac537e6cbbf934b08745a3-5y3s29
  labels:
    component: app-2nd-instance
    application: test-sample-1
    kontinuous/deployment: test-sample-1-feature-branch-1-ffac537e6cbbf934b08745a3-5y3s29
    kontinuous/deployment.env: test-sample-1-feature-branch-1
    kontinuous/ref: feature-branch-1
    kontinuous/gitSha: ffac537e6cbbf934b08745a378932722df287a53
    kontinuous/appVersion: ffac537e6cbbf934b08745a378932722df287a53
    kontinuous/resourceName: ingress-5dz9oh-app-2nd-instance
    app.kubernetes.io/manifest-managed-by: kontinuous
    app.kubernetes.io/manifest-created-by: kontinuous
  name: app-2nd-instance
  namespace: test-sample-1-feature-branch-1
spec:
  rules:
    - host: >-
        app-2nd-instance-test-sample-1-feature-branch-1.dev.fabrique.social.gouv.fr
      http:
        paths:
          - backend:
              service:
                name: app-2nd-instance
                port:
                  name: http
            path: /
            pathType: Prefix
  tls:
    - hosts:
        - >-
          app-2nd-instance-test-sample-1-feature-branch-1.dev.fabrique.social.gouv.fr
      secretName: wildcard-crt
---
apiVersion: networking.k8s.io/v1
kind: Ingress
metadata:
  annotations:
    kubernetes.io/ingress.class: nginx
    nginx.ingress.kubernetes.io/configuration-snippet: >
      more_set_headers \\"Content-Security-Policy: default-src 'none'; connect-src
      'self' https://*.gouv.fr; font-src 'self'; img-src 'self'; prefetch-src
      'self' https://*.gouv.fr; script-src 'self' https://*.gouv.fr; frame-src
      'self' https://*.gouv.fr; style-src 'self' 'unsafe-inline'\\";

      more_set_headers \\"X-Frame-Options: deny\\";

      more_set_headers \\"X-XSS-Protection: 1; mode=block\\";

      more_set_headers \\"X-Content-Type-Options: nosniff\\";
    kontinuous/chartPath: project.fabrique.contrib.app
    kontinuous/source: project/charts/fabrique/charts/contrib/charts/app/templates/ingress.yaml
    kontinuous/deployment: test-sample-1-feature-branch-1-ffac537e6cbbf934b08745a3-5y3s29
  labels:
    component: app
    application: test-sample-1
    kontinuous/deployment: test-sample-1-feature-branch-1-ffac537e6cbbf934b08745a3-5y3s29
    kontinuous/deployment.env: test-sample-1-feature-branch-1
    kontinuous/ref: feature-branch-1
    kontinuous/gitSha: ffac537e6cbbf934b08745a378932722df287a53
    kontinuous/appVersion: ffac537e6cbbf934b08745a378932722df287a53
    kontinuous/resourceName: ingress-5dz9oh-app
    app.kubernetes.io/manifest-managed-by: kontinuous
    app.kubernetes.io/manifest-created-by: kontinuous
  name: app
  namespace: test-sample-1-feature-branch-1
spec:
  rules:
    - host: test-sample-1-feature-branch-1.dev.fabrique.social.gouv.fr
      http:
        paths:
          - backend:
              service:
                name: app
                port:
                  name: http
            path: /
            pathType: Prefix
  tls:
    - hosts:
        - test-sample-1-feature-branch-1.dev.fabrique.social.gouv.fr
      secretName: wildcard-crt
---
apiVersion: networking.k8s.io/v1
kind: Ingress
metadata:
  annotations:
    kubernetes.io/ingress.class: nginx
    kontinuous/chartPath: project.fabrique.contrib.hasura
    kontinuous/source: >-
      project/charts/fabrique/charts/contrib/charts/hasura/templates/ingress.yaml
    kontinuous/plugin.needs: '[]'
    kontinuous/deployment: test-sample-1-feature-branch-1-ffac537e6cbbf934b08745a3-5y3s29
  labels:
    component: hasura
    application: test-sample-1
    kontinuous/deployment: test-sample-1-feature-branch-1-ffac537e6cbbf934b08745a3-5y3s29
    kontinuous/deployment.env: test-sample-1-feature-branch-1
    kontinuous/ref: feature-branch-1
    kontinuous/gitSha: ffac537e6cbbf934b08745a378932722df287a53
    kontinuous/appVersion: ffac537e6cbbf934b08745a378932722df287a53
    kontinuous/resourceName: ingress-5dz9oh-hasura
    app.kubernetes.io/manifest-managed-by: kontinuous
    app.kubernetes.io/manifest-created-by: kontinuous
  name: hasura
  namespace: test-sample-1-feature-branch-1
spec:
  rules:
    - host: hasura-test-sample-1-feature-branch-1.dev.fabrique.social.gouv.fr
      http:
        paths:
          - backend:
              service:
                name: hasura
                port:
                  name: http
            path: /
            pathType: Prefix
  tls:
    - hosts:
        - hasura-test-sample-1-feature-branch-1.dev.fabrique.social.gouv.fr
      secretName: wildcard-crt
---
apiVersion: networking.k8s.io/v1
kind: Ingress
metadata:
  annotations:
    kubernetes.io/ingress.class: nginx
    kontinuous/chartPath: project.fabrique.contrib.pgweb
    kontinuous/source: project/charts/fabrique/charts/contrib/charts/pgweb/templates/ingress.yaml
    kontinuous/plugin.needs: '[]'
    kontinuous/deployment: test-sample-1-feature-branch-1-ffac537e6cbbf934b08745a3-5y3s29
  labels:
    component: pgweb
    application: test-sample-1
    kontinuous/deployment: test-sample-1-feature-branch-1-ffac537e6cbbf934b08745a3-5y3s29
    kontinuous/deployment.env: test-sample-1-feature-branch-1
    kontinuous/ref: feature-branch-1
    kontinuous/gitSha: ffac537e6cbbf934b08745a378932722df287a53
    kontinuous/appVersion: ffac537e6cbbf934b08745a378932722df287a53
    kontinuous/resourceName: ingress-5dz9oh-pgweb
    app.kubernetes.io/manifest-managed-by: kontinuous
    app.kubernetes.io/manifest-created-by: kontinuous
  name: pgweb
  namespace: test-sample-1-feature-branch-1
spec:
  rules:
    - host: pgweb-test-sample-1-feature-branch-1.dev.fabrique.social.gouv.fr
      http:
        paths:
          - backend:
              service:
                name: pgweb
                port:
                  name: http
            path: /
            pathType: Prefix
  tls:
    - hosts:
        - pgweb-test-sample-1-feature-branch-1.dev.fabrique.social.gouv.fr
      secretName: wildcard-crt
"
`;
