// Jest Snapshot v1, https://goo.gl/fbAQLP

exports[`test build manifests with snapshots standalone-charts.dev 1`] = `
"apiVersion: batch/v1
kind: Job
metadata:
  name: extra-job
  namespace: awesome-ci
  annotations:
    kapp.k14s.io/nonce: \\"\\"
    kapp.k14s.io/update-strategy: fallback-on-replace
    kontinuous/chartPath: project.extra-job
    kontinuous/source: project/charts/extra-job/templates/my-job.yaml
    kontinuous/deployment: test-standalone-charts-feature-branch-1-ffac537e6cbbf-6atwtfds
    kontinuous/depname.full: project.extra-job.job.extra-job
    kontinuous/depname.chartResource: extra-job.job.extra-job
    kontinuous/depname.chartName: extra-job
    kontinuous/depname.chartPath: project.extra-job
    kontinuous/depname.resourcePath: job.extra-job
    kontinuous/depname.resourceName: extra-job
    kontinuous/depname.chartNameTopFull: extra-job
    kontinuous/depname.chartNameTop: extra-job
    kontinuous/plugin.log: \\"true\\"
  labels:
    kontinuous/deployment: test-standalone-charts-feature-branch-1-ffac537e6cbbf-6atwtfds
    kontinuous/deployment.env: test-standalone-charts-feature-branch-1-extra-job
    kontinuous/ref: feature-branch-1
    kontinuous/gitSha: ffac537e6cbbf934b08745a378932722df287a53
    kontinuous/appVersion: ffac537e6cbbf934b08745a378932722df287a53
    kontinuous/resourceName: job-extra-job-3j5au0ce
    app.kubernetes.io/manifest-managed-by: kontinuous
    app.kubernetes.io/manifest-created-by: kontinuous
spec:
  backoffLimit: 2
  activeDeadlineSeconds: 3600
  ttlSecondsAfterFinished: 1800
  template:
    metadata:
      labels:
        kontinuous/deployment: test-standalone-charts-feature-branch-1-ffac537e6cbbf-6atwtfds
        kontinuous/deployment.env: test-standalone-charts-feature-branch-1-extra-job
        kontinuous/ref: feature-branch-1
        kontinuous/gitSha: ffac537e6cbbf934b08745a378932722df287a53
        kontinuous/appVersion: ffac537e6cbbf934b08745a378932722df287a53
        kontinuous/resourceName: job-extra-job-3j5au0ce
        app.kubernetes.io/manifest-managed-by: kontinuous
        app.kubernetes.io/manifest-created-by: kontinuous
      annotations:
        kontinuous/deployment: test-standalone-charts-feature-branch-1-ffac537e6cbbf-6atwtfds
    spec:
      restartPolicy: Never
      containers:
        - name: my-job
          image: debian:stable
          imagePullPolicy: IfNotPresent
          command:
            - /bin/bash
            - -c
            - |
              set -e
              echo Hello World
      affinity:
        nodeAffinity:
          preferredDuringSchedulingIgnoredDuringExecution:
            - weight: 100
              preference:
                matchExpressions:
                  - key: nodepool
                    operator: In
                    values:
                      - prod-build
      tolerations:
        - key: pool
          operator: Equal
          value: ci
          effect: NoSchedule
"
`;
