// Jest Snapshot v1, https://goo.gl/fbAQLP

exports[`test build manifests with snapshots volume-add.dev 1`] = `
"apiVersion: v1
kind: Namespace
metadata:
  annotations:
    janitor/ttl: 7d
    field.cattle.io/projectId: '1234'
    kontinuous/gitBranch: feature-branch-1
    kontinuous/mainNamespace: 'true'
    kapp.k14s.io/exists: ''
    kontinuous/chartPath: project.fabrique.contrib.rancher-namespace
    kontinuous/source: >-
      project/charts/fabrique/charts/contrib/charts/rancher-namespace/templates/namespace.yaml
  labels:
    application: test-volume-add
    cert: wildcard
    kontinuous/ref: feature-branch-1
    kontinuous/resourceName: namespace-4wnyh3
    app.kubernetes.io/managed-by: kontinuous
    app.kubernetes.io/created-by: kontinuous
  name: test-volume-add-feature-branch-1
---
apiVersion: networking.k8s.io/v1
kind: NetworkPolicy
metadata:
  name: netpol-ingress
  namespace: test-volume-add-feature-branch-1
  annotations:
    kontinuous/chartPath: project.fabrique.contrib.security-policies
    kontinuous/source: >-
      project/charts/fabrique/charts/contrib/charts/security-policies/templates/network-policy.yml
    kapp.k14s.io/disable-original: ''
  labels:
    kontinuous/ref: feature-branch-1
    kontinuous/resourceName: networkpolicy-49u3gn-netpol-ingress
    app.kubernetes.io/managed-by: kontinuous
    app.kubernetes.io/created-by: kontinuous
spec:
  ingress:
    - from:
        - podSelector: {}
    - from:
        - namespaceSelector:
            matchLabels:
              network-policy/source: ingress-controller
    - from:
        - namespaceSelector:
            matchLabels:
              network-policy/source: monitoring
  podSelector: {}
  policyTypes:
    - Ingress
---
apiVersion: v1
kind: ServiceAccount
metadata:
  name: default
  annotations:
    kontinuous/chartPath: project.fabrique.contrib.security-policies
    kontinuous/source: >-
      project/charts/fabrique/charts/contrib/charts/security-policies/templates/service-account.yaml
    kapp.k14s.io/disable-original: ''
  namespace: test-volume-add-feature-branch-1
  labels:
    kontinuous/ref: feature-branch-1
    kontinuous/resourceName: serviceaccount-4nws8p-default
    app.kubernetes.io/managed-by: kontinuous
    app.kubernetes.io/created-by: kontinuous
automountServiceAccountToken: false
---
apiVersion: v1
kind: Service
metadata:
  labels:
    component: app
    application: test-volume-add
    kontinuous/ref: feature-branch-1
    kontinuous/resourceName: service-5cfizy-app
    app.kubernetes.io/managed-by: kontinuous
    app.kubernetes.io/created-by: kontinuous
  name: app
  namespace: test-volume-add-feature-branch-1
  annotations:
    kontinuous/chartPath: project.fabrique.contrib.app
    kontinuous/source: project/charts/fabrique/charts/contrib/charts/app/templates/service.yaml
    kapp.k14s.io/disable-original: ''
    kapp.k14s.io/disable-default-ownership-label-rules: ''
    kapp.k14s.io/disable-default-label-scoping-rules: ''
spec:
  ports:
    - name: http
      port: 80
      targetPort: 3000
  selector:
    component: app
  type: ClusterIP
---
apiVersion: apps/v1
kind: Deployment
metadata:
  labels:
    component: app
    application: test-volume-add
    kontinuous/ref: feature-branch-1
    kontinuous/resourceName: deployment-3d60sq-app
    app.kubernetes.io/managed-by: kontinuous
    app.kubernetes.io/created-by: kontinuous
  name: app
  namespace: test-volume-add-feature-branch-1
  annotations:
    kontinuous/chartPath: project.fabrique.contrib.app
    kontinuous/source: >-
      project/charts/fabrique/charts/contrib/charts/app/templates/deployment.yaml
    kapp.k14s.io/change-group: kontinuous/test-volume-add-feature-branch-1
    kapp.k14s.io/change-group.app: kontinuous/app.test-volume-add-feature-branch-1
    kapp.k14s.io/disable-original: ''
    kapp.k14s.io/create-strategy: fallback-on-update
    kapp.k14s.io/update-strategy: fallback-on-replace
    kapp.k14s.io/nonce: ''
spec:
  replicas: 1
  selector:
    matchLabels:
      component: app
  template:
    metadata:
      labels:
        component: app
        application: test-volume-add
        namespace: test-volume-add-feature-branch-1
        kontinuous/ref: feature-branch-1
        kontinuous/resourceName: deployment-3d60sq-app
        app.kubernetes.io/managed-by: kontinuous
        app.kubernetes.io/created-by: kontinuous
    spec:
      affinity:
        podAntiAffinity:
          requiredDuringSchedulingIgnoredDuringExecution:
            - labelSelector:
                matchExpressions:
                  - key: namespace
                    operator: In
                    values:
                      - test-volume-add-feature-branch-1
                  - key: component
                    operator: In
                    values:
                      - app
              topologyKey: kubernetes.io/hostname
      volumes:
        - name: docs
          persistentVolumeClaim:
            claimName: docs
      containers:
        - image: >-
            harbor.fabrique.social.gouv.fr/test-volume-add/app:sha-ffac537e6cbbf934b08745a378932722df287a53
          name: app
          ports:
            - containerPort: 3000
              name: http
          livenessProbe:
            failureThreshold: 15
            httpGet:
              path: /index.html
              port: http
            initialDelaySeconds: 30
            periodSeconds: 5
            timeoutSeconds: 5
          readinessProbe:
            failureThreshold: 15
            httpGet:
              path: /index.html
              port: http
            initialDelaySeconds: 1
            periodSeconds: 5
            successThreshold: 1
            timeoutSeconds: 1
          startupProbe:
            failureThreshold: 12
            httpGet:
              path: /index.html
              port: http
            periodSeconds: 5
          resources:
            limits:
              cpu: 500m
              memory: 512Mi
            requests:
              cpu: 100m
              memory: 128Mi
          volumeMounts:
            - name: docs
              mountPath: /mnt/docs
---
apiVersion: networking.k8s.io/v1
kind: Ingress
metadata:
  annotations:
    kubernetes.io/ingress.class: nginx
    kontinuous/chartPath: project.fabrique.contrib.app
    kontinuous/source: project/charts/fabrique/charts/contrib/charts/app/templates/ingress.yaml
    kapp.k14s.io/disable-original: ''
  labels:
    component: app
    application: test-volume-add
    kontinuous/ref: feature-branch-1
    kontinuous/resourceName: ingress-5dz9oh-app
    app.kubernetes.io/managed-by: kontinuous
    app.kubernetes.io/created-by: kontinuous
  name: app
  namespace: test-volume-add-feature-branch-1
spec:
  rules:
    - host: test-volume-add-feature-branch-1.dev.fabrique.social.gouv.fr
      http:
        paths:
          - backend:
              service:
                name: app
                port:
                  name: http
            path: /
            pathType: Prefix
  tls:
    - hosts:
        - test-volume-add-feature-branch-1.dev.fabrique.social.gouv.fr
      secretName: wildcard-crt
---
apiVersion: kapp.k14s.io/v1alpha1
kind: Config
rebaseRules:
  - path:
      - metadata
      - annotations
      - field.cattle.io/publicEndpoints
    type: copy
    sources:
      - existing
      - new
    resourceMatchers:
      - apiVersionKindMatcher:
          apiVersion: apps/v1
          kind: Deployment
metadata:
  annotations:
    kontinuous/chartPath: project.fabrique.contrib.rancher-namespace
    kontinuous/source: >-
      project/charts/fabrique/charts/contrib/charts/rancher-namespace/templates/config.kapp.yaml
"
`;
