// Jest Snapshot v1, https://goo.gl/fbAQLP

exports[`volume-add.preprod 1`] = `
"apiVersion: v1
kind: Namespace
metadata:
  annotations:
    field.cattle.io/projectId: \\"1234\\"
    git/branch: refs/heads/feature-branch-1
  labels:
    application: test-volume-add
    cert: wildcard
  name: test-volume-add-preprod
  namespace: test-volume-add-preprod
---
apiVersion: networking.k8s.io/v1
kind: NetworkPolicy
metadata:
  name: netpol-ingress
  namespace: test-volume-add-preprod
spec:
  ingress:
  - from:
    - podSelector: {}
  - from:
    - namespaceSelector:
        matchLabels:
          network-policy/source: ingress-controller
  - from:
    - namespaceSelector:
        matchLabels:
          network-policy/source: monitoring
  podSelector: {}
  policyTypes:
  - Ingress
"
`;
