// Jest Snapshot v1, https://goo.gl/fbAQLP

exports[`volume-add.prod 1`] = `
"apiVersion: v1
kind: Namespace
metadata:
  annotations:
    field.cattle.io/projectId: \\"1234\\"
    kubeWorkflow/gitBranch: feature-branch-1
    kubeWorkflow/mainNamespace: \\"true\\"
  labels:
    application: test-volume-add
  name: test-volume-add
---
apiVersion: v1
automountServiceAccountToken: false
kind: ServiceAccount
metadata:
  name: default
  namespace: test-volume-add
---
apiVersion: networking.k8s.io/v1
kind: NetworkPolicy
metadata:
  name: netpol-ingress
  namespace: test-volume-add
spec:
  ingress:
  - from:
    - podSelector: {}
  - from:
    - namespaceSelector:
        matchLabels:
          network-policy/source: ingress-controller
  - from:
    - namespaceSelector:
        matchLabels:
          network-policy/source: monitoring
  podSelector: {}
  policyTypes:
  - Ingress
"
`;
