// Jest Snapshot v1, https://goo.gl/fbAQLP

exports[`kontinuous webhook service expose open-api spec 1`] = `
"components:
  parameters: {}
  schemas:
    error:
      type: object
      additionalProperties: true
      properties:
        message:
          type: string
        code:
          type: integer
    httpError:
      type: object
      additionalProperties: true
      properties:
        message:
          type: string
        code:
          type: integer
          minimum: 400
          maximum: 599
    textStream:
      type: string
      description: A stream of text
  securitySchemes:
    bearerAuth:
      type: http
      scheme: bearer
    commitToken:
      type: apiKey
      in: query
      name: token
    giteaHmac:
      type: apiKey
      in: header
      name: X-Gitea-Signature
    githubHmac:
      type: apiKey
      in: header
      name: X-Hub-Signature-256
    gitlabToken:
      type: apiKey
      in: header
      name: X-Gitlab-Token
    token:
      type: apiKey
      in: query
      name: token
openapi: 3.0.3
info:
  title: Kontinuous Webhook API ðŸš€
  version: 0.0.0
  description: Run workflow in kube from webhook call
  license:
    name: MIT
    url: https://opensource.org/licenses/MIT
servers:
  - url: http://0.0.0.0:3000/api/v1/oas
paths:
  /artifacts/download:
    get:
      security:
        - token:
            - artifacts
      parameters:
        - in: query
          name: project
          schema:
            type: string
            format: projectName
          required: true
        - in: query
          name: repository
          schema:
            type: string
            example: socialgouv/sample-next-app
          required: true
        - in: query
          name: branch
          schema:
            type: string
            example: feat/space-flight
          required: true
        - in: query
          name: commit
          schema:
            type: string
            example: 49ed5a2aeea3dc3438acf53f795fb34805d3c8ed
            format: sha1
          required: true
        - in: query
          name: name
          schema:
            type: string
            minLength: 1
            example: manifests
            default: manifests
          required: false
      responses:
        '200':
          content:
            text/x-yaml:
              schema:
                type: string
                format: binary
          description: 'Default description: Success results getOneArtifactsDownload'
      operationId: getOneArtifactsDownload
      description: 'Default description: Query: getOneArtifactsDownload'
      summary: getOneArtifactsDownload
    parameters: []
    description: /artifacts/download
  /artifacts/status:
    get:
      security:
        - token:
            - status
      parameters:
        - in: query
          name: project
          schema:
            type: string
            format: projectName
          required: true
        - in: query
          name: repository
          schema:
            type: string
            example: socialgouv/sample-next-app
          required: true
        - in: query
          name: branch
          schema:
            type: string
            example: feat/space-flight
          required: true
        - in: query
          name: commit
          schema:
            type: string
            example: 49ed5a2aeea3dc3438acf53f795fb34805d3c8ed
            format: sha1
          required: true
      responses:
        '200':
          content:
            application/json:
              schema:
                type: object
                properties:
                  status:
                    type: string
                    enum:
                      - loading
                      - success
                      - failed
                  ok:
                    type: boolean
                    nullable: true
          description: 'Default description: Success results getOneArtifactsStatus'
        '404':
          content:
            application/json:
              schema:
                type: object
                properties:
                  message:
                    type: string
          description: 'Default description: HTTP 404 for getOneArtifactsStatus'
      operationId: getOneArtifactsStatus
      description: 'Default description: Query: getOneArtifactsStatus'
      summary: getOneArtifactsStatus
    post:
      security:
        - token:
            - status
      parameters:
        - in: query
          name: project
          schema:
            type: string
            format: projectName
          required: true
        - in: query
          name: repository
          schema:
            type: string
            example: socialgouv/sample-next-app
          required: true
        - in: query
          name: branch
          schema:
            type: string
            example: feat/space-flight
          required: true
        - in: query
          name: commit
          schema:
            type: string
            example: 49ed5a2aeea3dc3438acf53f795fb34805d3c8ed
            format: sha1
          required: true
      requestBody:
        required: true
        content:
          application/json:
            schema:
              type: object
              required:
                - status
              properties:
                status:
                  type: string
                  enum:
                    - loading
                    - success
                    - failed
                ok:
                  type: boolean
                  nullable: true
      responses:
        '200':
          content:
            application/json:
              schema:
                type: object
                properties:
                  message:
                    type: string
          description: 'Default description: Success results addOneArtifactsStatus'
      operationId: addOneArtifactsStatus
      description: 'Default description: Insert mutation: addOneArtifactsStatus'
      summary: addOneArtifactsStatus
    parameters: []
    description: /artifacts/status
  /artifacts/upload:
    post:
      security:
        - token:
            - artifacts
      parameters:
        - in: query
          name: project
          schema:
            type: string
            format: projectName
          required: true
        - in: query
          name: repository
          schema:
            type: string
            example: socialgouv/sample-next-app
          required: true
        - in: query
          name: branch
          schema:
            type: string
            example: feat/space-flight
          required: true
        - in: query
          name: commit
          schema:
            type: string
            example: 49ed5a2aeea3dc3438acf53f795fb34805d3c8ed
            format: sha1
          required: true
        - in: query
          name: name
          schema:
            type: string
            minLength: 1
            example: manifests
            default: manifests
          required: false
      requestBody:
        required: true
        content:
          multipart/form-data:
            schema:
              type: object
              properties:
                manifests:
                  type: string
                  format: binary
              required:
                - manifests
            encoding:
              manifests:
                contentType: text/x-yaml, text/yaml, application/x-yaml, application/yaml
      responses:
        '201':
          content:
            application/json:
              schema:
                type: object
                properties:
                  message:
                    type: string
          description: 'Default description: HTTP 201 for addOneArtifactsUpload'
      operationId: addOneArtifactsUpload
      description: 'Default description: Insert mutation: addOneArtifactsUpload'
      summary: addOneArtifactsUpload
    parameters: []
    description: /artifacts/upload
  /hooks/custom:
    post:
      security:
        - token:
            - webhook
      parameters:
        - in: query
          name: project
          schema:
            type: string
            format: projectName
          required: true
        - in: query
          name: env
          schema:
            type: string
            enum:
              - dev
              - preprod
              - prod
          allowEmptyValue: true
        - in: query
          name: cluster
          schema:
            type: string
            format: clusterName
        - in: query
          name: hash
          schema:
            type: string
            format: md5
          required: true
        - in: query
          name: repositoryUrl
          schema:
            type: string
            example: https://github.com/SocialGouv/sample-next-app.git
          required: false
      requestBody:
        required: true
        content:
          multipart/form-data:
            schema:
              type: object
              properties:
                manifests:
                  type: string
                  format: binary
              required:
                - manifests
            encoding:
              manifests:
                contentType: text/x-yaml, text/yaml, application/x-yaml, application/yaml
      responses:
        '202':
          content:
            application/json:
              schema:
                type: object
                properties:
                  message:
                    type: string
          description: 'Default description: HTTP 202 for addOneHooksCustom'
        '204':
          content:
            application/json:
              schema:
                type: object
                properties:
                  message:
                    type: string
          description: 'Default description: HTTP 204 for addOneHooksCustom'
      operationId: addOneHooksCustom
      description: 'Default description: Insert mutation: addOneHooksCustom'
      summary: addOneHooksCustom
    parameters: []
    description: /hooks/custom
  /hooks/github:
    post:
      security:
        - githubHmac:
            - webhook
      parameters:
        - in: query
          name: project
          schema:
            type: string
            format: projectName
          required: true
        - in: query
          name: event
          schema:
            type: string
            enum:
              - pushed
              - deleted
              - custom
              - created
          required: true
      requestBody:
        required: true
        content:
          application/json:
            schema:
              type: object
              required:
                - ref
              properties:
                ref:
                  type: string
                  example: feat/space-flight
                after:
                  type: string
                  example: 49ed5a2aeea3dc3438acf53f795fb34805d3c8ed
                  format: sha1
                created:
                  type: boolean
                repository:
                  type: object
                  properties:
                    default_branch:
                      type: string
                    clone_url:
                      type: string
                commits:
                  type: array
                  items:
                    type: object
                    properties:
                      added:
                        type: array
                        items:
                          type: string
                      modified:
                        type: array
                        items:
                          type: string
                      removed:
                        type: array
                        items:
                          type: string
                project:
                  type: object
                  required:
                    - clone_url
                  properties:
                    clone_url:
                      type: string
                      example: https://github.com/SocialGouv/sample-next-app.git
      responses:
        '202':
          content:
            application/json:
              schema:
                type: object
                properties:
                  message:
                    type: string
          description: 'Default description: HTTP 202 for addOneHooksGithub'
        '204':
          content:
            application/json:
              schema:
                type: object
                properties:
                  message:
                    type: string
          description: 'Default description: HTTP 204 for addOneHooksGithub'
      operationId: addOneHooksGithub
      description: 'Default description: Insert mutation: addOneHooksGithub'
      summary: addOneHooksGithub
    parameters: []
    description: /hooks/github
  /hooks/gitlab:
    post:
      security:
        - gitlabHmac:
            - webhook
      parameters:
        - in: query
          name: project
          schema:
            type: string
            format: projectName
          required: true
      requestBody:
        required: true
        content:
          application/json:
            schema:
              type: object
              properties:
                ref:
                  type: string
                  example: feat/space-flight
                after:
                  type: string
                  example: 49ed5a2aeea3dc3438acf53f795fb34805d3c8ed
                  format: sha1
                commits:
                  type: array
                  items:
                    type: object
                    properties:
                      added:
                        type: array
                        items:
                          type: string
                      modified:
                        type: array
                        items:
                          type: string
                      removed:
                        type: array
                        items:
                          type: string
                repository:
                  type: object
                  required:
                    - git_http_url
                  properties:
                    git_http_url:
                      type: string
                      example: http://example.com/gitlabhq/gitlab-test.git
      responses:
        '202':
          content:
            application/json:
              schema:
                type: object
                properties:
                  message:
                    type: string
          description: 'Default description: HTTP 202 for addOneHooksGitlab'
        '204':
          content:
            application/json:
              schema:
                type: object
                properties:
                  message:
                    type: string
          description: 'Default description: HTTP 204 for addOneHooksGitlab'
      operationId: addOneHooksGitlab
      description: 'Default description: Insert mutation: addOneHooksGitlab'
      summary: addOneHooksGitlab
    parameters: []
    description: /hooks/gitlab
  /hooks/user:
    post:
      security:
        - token:
            - webhook
      parameters:
        - in: query
          name: project
          schema:
            type: string
            format: projectName
          required: true
        - in: query
          name: event
          schema:
            type: string
            enum:
              - pushed
              - deleted
              - custom
          required: true
        - in: query
          name: env
          schema:
            type: string
            enum:
              - dev
              - preprod
              - prod
          allowEmptyValue: true
      requestBody:
        required: true
        content:
          application/json:
            schema:
              type: object
              properties:
                ref:
                  type: string
                  example: test-ci
                repositoryUrl:
                  type: string
                  example: https://github.com/SocialGouv/sample-next-app.git
                commit:
                  type: string
                  example: 49ed5a2aeea3dc3438acf53f795fb34805d3c8ed
                  format: sha1
                commits:
                  type: array
                  items:
                    type: object
                    properties:
                      added:
                        type: array
                        items:
                          type: string
                      modified:
                        type: array
                        items:
                          type: string
                      removed:
                        type: array
                        items:
                          type: string
              required:
                - ref
                - repositoryUrl
      responses:
        '202':
          content:
            application/json:
              schema:
                type: object
                properties:
                  message:
                    type: string
          description: 'Default description: HTTP 202 for addOneHooksUser'
        '204':
          content:
            application/json:
              schema:
                type: object
                properties:
                  message:
                    type: string
          description: 'Default description: HTTP 204 for addOneHooksUser'
      operationId: addOneHooksUser
      description: 'Default description: Insert mutation: addOneHooksUser'
      summary: addOneHooksUser
    parameters: []
    description: /hooks/user
  /logs/pipeline:
    get:
      security:
        - token:
            - logs
      parameters:
        - in: query
          name: project
          schema:
            type: string
            format: projectName
          required: true
        - in: query
          name: event
          schema:
            type: string
            enum:
              - pushed
              - deleted
              - custom
          required: true
        - in: query
          name: repository
          schema:
            type: string
            example: socialgouv/sample-next-app
          required: true
        - in: query
          name: ref
          schema:
            type: string
            example: feat/space-flight
          required: true
        - in: query
          name: commit
          schema:
            type: string
            example: 49ed5a2aeea3dc3438acf53f795fb34805d3c8ed
            format: sha1
          required: true
        - in: query
          name: env
          schema:
            type: string
            enum:
              - dev
              - preprod
              - prod
          allowEmptyValue: true
        - in: query
          name: follow
          schema:
            type: boolean
        - in: query
          name: catch
          schema:
            type: boolean
        - in: query
          name: since
          schema:
            type: string
            format: humanDuration
            description: 'human duration format, eg: 24h'
      responses:
        '200':
          content:
            text/plain:
              schema:
                $ref: '#/components/schemas/textStream'
          description: 'Default description: Success results getOneLogsPipeline'
        '204':
          content:
            text/plain:
              schema:
                type: string
          description: 'Default description: HTTP 204 for getOneLogsPipeline'
      operationId: getOneLogsPipeline
      description: 'Default description: Query: getOneLogsPipeline'
      summary: getOneLogsPipeline
    parameters: []
    description: /logs/pipeline
  /support/namespace/:
    get:
      security:
        - token:
            - webhook
        - bearerAuth: []
      parameters:
        - in: query
          name: cluster
          schema:
            type: string
            format: clusterName
          required: true
      responses:
        '200':
          content:
            application/json:
              schema:
                type: object
                properties:
                  namespaces:
                    type: array
                    items:
                      type: string
          description: 'Default description: Success results getManySupportNamespace'
      operationId: getManySupportNamespace
      description: 'Default description: Query: getManySupportNamespace'
      summary: getManySupportNamespace
    parameters: []
    description: /support/namespace/
  /support/rollout-status:
    get:
      security:
        - token:
            - webhook
      parameters:
        - in: query
          name: cluster
          schema:
            type: string
            format: clusterName
          required: true
        - in: query
          name: namespace
          schema:
            type: string
            format: namespace
          required: true
      responses:
        '200':
          content:
            application/json:
              schema:
                type: object
                properties:
                  status:
                    type: object
                    properties:
                      status:
                        type: boolean
                      error:
                        type: object
                        properties:
                          code:
                            type: string
                          message:
                            type: string
                          type:
                            type: string
          description: 'Default description: Success results getOneSupportRolloutStatus'
      operationId: getOneSupportRolloutStatus
      description: 'Default description: Query: getOneSupportRolloutStatus'
      summary: getOneSupportRolloutStatus
    parameters: []
    description: /support/rollout-status
"
`;
