// Jest Snapshot v1, https://goo.gl/fbAQLP

exports[`metabase.preprod 1`] = `
"apiVersion: v1
kind: Namespace
metadata:
  annotations:
    field.cattle.io/projectId: '1234'
    kubeWorkflow/gitBranch: feature-branch-1
    kubeWorkflow/mainNamespace: 'true'
  labels:
    application: test-metabase
  name: test-metabase-preprod
---
apiVersion: v1
automountServiceAccountToken: false
kind: ServiceAccount
metadata:
  name: default
  namespace: test-metabase-preprod
---
apiVersion: networking.k8s.io/v1
kind: NetworkPolicy
metadata:
  name: netpol-ingress
  namespace: test-metabase-preprod
spec:
  ingress:
    - from:
        - podSelector: {}
    - from:
        - namespaceSelector:
            matchLabels:
              network-policy/source: ingress-controller
    - from:
        - namespaceSelector:
            matchLabels:
              network-policy/source: monitoring
  podSelector: {}
  policyTypes:
    - Ingress
"
`;
