// Jest Snapshot v1, https://goo.gl/fbAQLP

exports[`patches.dev 1`] = `
"apiVersion: v1
kind: Namespace
metadata:
  annotations:
    janitor/ttl: 7d
    field.cattle.io/projectId: '1234'
    kubeworkflow/gitBranch: feature-branch-1
    kubeworkflow/mainNamespace: 'true'
    kapp.k14s.io/exists: ''
  labels:
    application: test-patches
    cert: wildcard
  name: test-patches-feature-branch-1
---
apiVersion: networking.k8s.io/v1
kind: NetworkPolicy
metadata:
  name: netpol-ingress
  namespace: test-patches-feature-branch-1
  annotations:
    kapp.k14s.io/disable-original: ''
spec:
  ingress:
    - from:
        - podSelector: {}
    - from:
        - namespaceSelector:
            matchLabels:
              network-policy/source: ingress-controller
    - from:
        - namespaceSelector:
            matchLabels:
              network-policy/source: monitoring
  podSelector: {}
  policyTypes:
    - Ingress
---
apiVersion: v1
kind: ServiceAccount
metadata:
  name: default
  namespace: test-patches-feature-branch-1
  annotations:
    kapp.k14s.io/disable-original: ''
automountServiceAccountToken: false
"
`;
